Component: ARM Compiler 6.14 Tool: armlink [5db06800]

==============================================================================

Memory Map of the image

  Image Entry point : 0x08000189

  Load Region LR_IROM1 (Base: 0x08000000, Size: 0x00005cc8, Max: 0x00010000, ABSOLUTE)

    Execution Region ER_IROM1 (Base: 0x08000000, Size: 0x00005bc4, Max: 0x00010000, ABSOLUTE)

    Base Addr    Size         Type   Attr      Idx    E Section Name        Object

    0x08000000   0x00000188   Data   RO        26501    RESET               BUILD/NUCLEO_F303K8/ARMC6/mbed-os/targets/TARGET_STM/TARGET_STM32F3/TARGET_STM32F303x8/TOOLCHAIN_ARM/startup_stm32f303x8.o
    0x08000188   0x00000000   Code   RO        27347  * .ARM.Collect$$$$00000000  /home/developer/.config/Mbed Studio/mbed-studio-tools/ac6/bin/../lib/armlib/mc_w.l(entry.o)
    0x08000188   0x00000004   Code   RO        27661    .ARM.Collect$$$$00000003  /home/developer/.config/Mbed Studio/mbed-studio-tools/ac6/bin/../lib/armlib/mc_w.l(entry4.o)
    0x0800018c   0x00000004   Code   RO        27664    .ARM.Collect$$$$00000004  /home/developer/.config/Mbed Studio/mbed-studio-tools/ac6/bin/../lib/armlib/mc_w.l(entry5.o)
    0x08000190   0x00000004   Code   RO        27349    .ARM.Collect$$$$00000006  /home/developer/.config/Mbed Studio/mbed-studio-tools/ac6/bin/../lib/armlib/mc_w.l(entry6b.o)
    0x08000194   0x00000000   Code   RO        27666    .ARM.Collect$$$$00000008  /home/developer/.config/Mbed Studio/mbed-studio-tools/ac6/bin/../lib/armlib/mc_w.l(entry7b.o)
    0x08000194   0x00000004   Code   RO        27667    .ARM.Collect$$$$00000009  /home/developer/.config/Mbed Studio/mbed-studio-tools/ac6/bin/../lib/armlib/mc_w.l(entry8a.o)
    0x08000198   0x00000000   Code   RO        27668    .ARM.Collect$$$$0000000A  /home/developer/.config/Mbed Studio/mbed-studio-tools/ac6/bin/../lib/armlib/mc_w.l(entry8b.o)
    0x08000198   0x00000000   Code   RO        27669    .ARM.Collect$$$$0000000D  /home/developer/.config/Mbed Studio/mbed-studio-tools/ac6/bin/../lib/armlib/mc_w.l(entry10a.o)
    0x08000198   0x00000000   Code   RO        27671    .ARM.Collect$$$$0000000F  /home/developer/.config/Mbed Studio/mbed-studio-tools/ac6/bin/../lib/armlib/mc_w.l(entry11a.o)
    0x08000198   0x00000040   Code   RO          591    .ARM.Collect$$$$000000FF  BUILD/NUCLEO_F303K8/ARMC6/mbed-os/cmsis/device/rtos/TOOLCHAIN_ARM_STD/mbed_boot_arm_std.o
    0x080001d8   0x00000004   Code   RO        27662    .ARM.Collect$$$$00002714  /home/developer/.config/Mbed Studio/mbed-studio-tools/ac6/bin/../lib/armlib/mc_w.l(entry4.o)
    0x080001dc   0x000000c4   Code   RO           88    .text               BUILD/NUCLEO_F303K8/ARMC6/mbed-os/cmsis/CMSIS_5/CMSIS/RTOS2/RTX/Source/TOOLCHAIN_ARM/TARGET_RTOS_M4_M7/irq_cm4f.o
    0x080002a0   0x0000005c   Code   RO        22074    .text               BUILD/NUCLEO_F303K8/ARMC6/mbed-os/platform/source/TARGET_CORTEX_M/TOOLCHAIN_ARM/except.o
    0x080002fc   0x00000024   Code   RO        26502    .text               BUILD/NUCLEO_F303K8/ARMC6/mbed-os/targets/TARGET_STM/TARGET_STM32F3/TARGET_STM32F303x8/TOOLCHAIN_ARM/startup_stm32f303x8.o
    0x08000320   0x00000020   Code   RO        27415    .text               /home/developer/.config/Mbed Studio/mbed-studio-tools/ac6/bin/../lib/armlib/mc_w.l(initio_oe.o)
    0x08000340   0x00000028   Code   RO        27425    .text               /home/developer/.config/Mbed Studio/mbed-studio-tools/ac6/bin/../lib/armlib/mc_w.l(fputc_fp.o)
    0x08000368   0x00000062   Code   RO        27449    .text               /home/developer/.config/Mbed Studio/mbed-studio-tools/ac6/bin/../lib/armlib/mc_w.l(uldiv.o)
    0x080003ca   0x0000001e   Code   RO        27453    .text               /home/developer/.config/Mbed Studio/mbed-studio-tools/ac6/bin/../lib/armlib/mc_w.l(llshl.o)
    0x080003e8   0x00000020   Code   RO        27455    .text               /home/developer/.config/Mbed Studio/mbed-studio-tools/ac6/bin/../lib/armlib/mc_w.l(llushr.o)
    0x08000408   0x00000040   Code   RO        27494    .text               /home/developer/.config/Mbed Studio/mbed-studio-tools/ac6/bin/../lib/armlib/mc_w.l(memmovea.o)
    0x08000448   0x00000024   Code   RO        27498    .text               /home/developer/.config/Mbed Studio/mbed-studio-tools/ac6/bin/../lib/armlib/mc_w.l(memseta.o)
    0x0800046c   0x0000000e   Code   RO        27508    .text               /home/developer/.config/Mbed Studio/mbed-studio-tools/ac6/bin/../lib/armlib/mc_w.l(strlen.o)
    0x0800047a   0x0000001c   Code   RO        27510    .text               /home/developer/.config/Mbed Studio/mbed-studio-tools/ac6/bin/../lib/armlib/mc_w.l(strcmp.o)
    0x08000496   0x0000001a   Code   RO        27514    .text               /home/developer/.config/Mbed Studio/mbed-studio-tools/ac6/bin/../lib/armlib/mc_w.l(memcmp.o)
    0x080004b0   0x0000001c   Code   RO        27526    .text               /home/developer/.config/Mbed Studio/mbed-studio-tools/ac6/bin/../lib/armlib/mc_w.l(strspn.o)
    0x080004cc   0x00000020   Code   RO        27595    .text               /home/developer/.config/Mbed Studio/mbed-studio-tools/ac6/bin/../lib/armlib/mc_w.l(cpp_init.o)
    0x080004ec   0x00000024   Code   RO        27727    .text               /home/developer/.config/Mbed Studio/mbed-studio-tools/ac6/bin/../lib/armlib/mc_w.l(init.o)
    0x08000510   0x00000002   Code   RO          593    .text.$Sub$$__cpp_initialize__aeabi_  BUILD/NUCLEO_F303K8/ARMC6/mbed-os/cmsis/device/rtos/TOOLCHAIN_ARM_STD/mbed_boot_arm_std.o
    0x08000512   0x0000000c   Code   RO        22751    .text.$Sub$$vsnprintf  BUILD/NUCLEO_F303K8/ARMC6/mbed-os/platform/source/minimal-printf/mbed_printf_wrapper.o
    0x0800051e   0x00000004   Code   RO        26618    .text.CAN_RX0_IRQHandler  BUILD/NUCLEO_F303K8/ARMC6/mbed-os/targets/TARGET_STM/can_api.o
    0x08000522   0x00000004   Code   RO        26624    .text.CAN_SCE_IRQHandler  BUILD/NUCLEO_F303K8/ARMC6/mbed-os/targets/TARGET_STM/can_api.o
    0x08000526   0x00000004   Code   RO        26622    .text.CAN_TX_IRQHandler  BUILD/NUCLEO_F303K8/ARMC6/mbed-os/targets/TARGET_STM/can_api.o
    0x0800052a   0x00000002   PAD
    0x0800052c   0x00000018   Code   RO          636    .text.EvrRtxThreadExit  BUILD/NUCLEO_F303K8/ARMC6/mbed-os/cmsis/device/rtos/source/mbed_rtx_handlers.o
    0x08000544   0x00000060   Code   RO        26680    .text.HAL_GetTick   BUILD/NUCLEO_F303K8/ARMC6/mbed-os/targets/TARGET_STM/hal_tick_overrides.o
    0x080005a4   0x00000020   Code   RO        24417    .text.HAL_Init      BUILD/NUCLEO_F303K8/ARMC6/mbed-os/targets/TARGET_STM/TARGET_STM32F3/STM32Cube_FW/STM32F3xx_HAL_Driver/stm32f3xx_hal.o
    0x080005c4   0x0000000a   Code   RO        26678    .text.HAL_InitTick  BUILD/NUCLEO_F303K8/ARMC6/mbed-os/targets/TARGET_STM/hal_tick_overrides.o
    0x080005ce   0x00000002   PAD
    0x080005d0   0x00000020   Code   RO        24635    .text.HAL_NVIC_SetPriorityGrouping  BUILD/NUCLEO_F303K8/ARMC6/mbed-os/targets/TARGET_STM/TARGET_STM32F3/STM32Cube_FW/STM32F3xx_HAL_Driver/stm32f3xx_hal_cortex.o
    0x080005f0   0x0000000c   Code   RO        25195    .text.HAL_PWR_EnableBkUpAccess  BUILD/NUCLEO_F303K8/ARMC6/mbed-os/targets/TARGET_STM/TARGET_STM32F3/STM32Cube_FW/STM32F3xx_HAL_Driver/stm32f3xx_hal_pwr.o
    0x080005fc   0x00000018   Code   RO        25203    .text.HAL_PWR_EnterSLEEPMode  BUILD/NUCLEO_F303K8/ARMC6/mbed-os/targets/TARGET_STM/TARGET_STM32F3/STM32Cube_FW/STM32F3xx_HAL_Driver/stm32f3xx_hal_pwr.o
    0x08000614   0x00000038   Code   RO        25205    .text.HAL_PWR_EnterSTOPMode  BUILD/NUCLEO_F303K8/ARMC6/mbed-os/targets/TARGET_STM/TARGET_STM32F3/STM32Cube_FW/STM32F3xx_HAL_Driver/stm32f3xx_hal_pwr.o
    0x0800064c   0x00000120   Code   RO        25235    .text.HAL_RCC_ClockConfig  BUILD/NUCLEO_F303K8/ARMC6/mbed-os/targets/TARGET_STM/TARGET_STM32F3/STM32Cube_FW/STM32F3xx_HAL_Driver/stm32f3xx_hal_rcc.o
    0x0800076c   0x0000003c   Code   RO        25253    .text.HAL_RCC_GetClockConfig  BUILD/NUCLEO_F303K8/ARMC6/mbed-os/targets/TARGET_STM/TARGET_STM32F3/STM32Cube_FW/STM32F3xx_HAL_Driver/stm32f3xx_hal_rcc.o
    0x080007a8   0x00000078   Code   RO        25251    .text.HAL_RCC_GetOscConfig  BUILD/NUCLEO_F303K8/ARMC6/mbed-os/targets/TARGET_STM/TARGET_STM32F3/STM32Cube_FW/STM32F3xx_HAL_Driver/stm32f3xx_hal_rcc.o
    0x08000820   0x00000014   Code   RO        25247    .text.HAL_RCC_GetPCLK1Freq  BUILD/NUCLEO_F303K8/ARMC6/mbed-os/targets/TARGET_STM/TARGET_STM32F3/STM32Cube_FW/STM32F3xx_HAL_Driver/stm32f3xx_hal_rcc.o
    0x08000834   0x0000001c   Code   RO        25249    .text.HAL_RCC_GetPCLK2Freq  BUILD/NUCLEO_F303K8/ARMC6/mbed-os/targets/TARGET_STM/TARGET_STM32F3/STM32Cube_FW/STM32F3xx_HAL_Driver/stm32f3xx_hal_rcc.o
    0x08000850   0x00000048   Code   RO        25237    .text.HAL_RCC_GetSysClockFreq  BUILD/NUCLEO_F303K8/ARMC6/mbed-os/targets/TARGET_STM/TARGET_STM32F3/STM32Cube_FW/STM32F3xx_HAL_Driver/stm32f3xx_hal_rcc.o
    0x08000898   0x000002f8   Code   RO        25233    .text.HAL_RCC_OscConfig  BUILD/NUCLEO_F303K8/ARMC6/mbed-os/targets/TARGET_STM/TARGET_STM32F3/STM32Cube_FW/STM32F3xx_HAL_Driver/stm32f3xx_hal_rcc.o
    0x08000b90   0x000000d4   Code   RO        25542    .text.HAL_SPI_Init  BUILD/NUCLEO_F303K8/ARMC6/mbed-os/targets/TARGET_STM/TARGET_STM32F3/STM32Cube_FW/STM32F3xx_HAL_Driver/stm32f3xx_hal_spi.o
    0x08000c64   0x000001c0   Code   RO        25550    .text.HAL_SPI_Transmit  BUILD/NUCLEO_F303K8/ARMC6/mbed-os/targets/TARGET_STM/TARGET_STM32F3/STM32Cube_FW/STM32F3xx_HAL_Driver/stm32f3xx_hal_spi.o
    0x08000e24   0x00000034   Code   RO        25697    .text.HAL_TIM_OC_Init  BUILD/NUCLEO_F303K8/ARMC6/mbed-os/targets/TARGET_STM/TARGET_STM32F3/STM32Cube_FW/STM32F3xx_HAL_Driver/stm32f3xx_hal_tim.o
    0x08000e58   0x00000054   Code   RO        25705    .text.HAL_TIM_OC_Start  BUILD/NUCLEO_F303K8/ARMC6/mbed-os/targets/TARGET_STM/TARGET_STM32F3/STM32Cube_FW/STM32F3xx_HAL_Driver/stm32f3xx_hal_tim.o
    0x08000eac   0x00000060   Code   RO        26023    .text.HAL_UART_Init  BUILD/NUCLEO_F303K8/ARMC6/mbed-os/targets/TARGET_STM/TARGET_STM32F3/STM32Cube_FW/STM32F3xx_HAL_Driver/stm32f3xx_hal_uart.o
    0x08000f0c   0x00000040   Code   RO          328    .text.MessageQueueGet  BUILD/NUCLEO_F303K8/ARMC6/mbed-os/cmsis/CMSIS_5/CMSIS/RTOS2/RTX/Source/rtx_msgqueue.o
    0x08000f4c   0x00000058   Code   RO          322    .text.MessageQueuePut  BUILD/NUCLEO_F303K8/ARMC6/mbed-os/cmsis/CMSIS_5/CMSIS/RTOS2/RTX/Source/rtx_msgqueue.o
    0x08000fa4   0x0000001c   Code   RO          320    .text.MessageQueueRemove  BUILD/NUCLEO_F303K8/ARMC6/mbed-os/cmsis/CMSIS_5/CMSIS/RTOS2/RTX/Source/rtx_msgqueue.o
    0x08000fc0   0x00000008   Code   RO          574    .text.OS_Tick_AcknowledgeIRQ  BUILD/NUCLEO_F303K8/ARMC6/mbed-os/cmsis/CMSIS_5/CMSIS/RTOS2/Source/os_systick.o
    0x08000fc8   0x00000024   Code   RO          570    .text.OS_Tick_Enable  BUILD/NUCLEO_F303K8/ARMC6/mbed-os/cmsis/CMSIS_5/CMSIS/RTOS2/Source/os_systick.o
    0x08000fec   0x0000003c   Code   RO          568    .text.OS_Tick_Setup  BUILD/NUCLEO_F303K8/ARMC6/mbed-os/cmsis/CMSIS_5/CMSIS/RTOS2/Source/os_systick.o
    0x08001028   0x0000004a   Code   RO        25552    .text.SPI_EndRxTxTransaction  BUILD/NUCLEO_F303K8/ARMC6/mbed-os/targets/TARGET_STM/TARGET_STM32F3/STM32Cube_FW/STM32F3xx_HAL_Driver/stm32f3xx_hal_spi.o
    0x08001072   0x0000009a   Code   RO        25610    .text.SPI_WaitFifoStateUntilTimeout  BUILD/NUCLEO_F303K8/ARMC6/mbed-os/targets/TARGET_STM/TARGET_STM32F3/STM32Cube_FW/STM32F3xx_HAL_Driver/stm32f3xx_hal_spi.o
    0x0800110c   0x0000008c   Code   RO        25558    .text.SPI_WaitFlagStateUntilTimeout  BUILD/NUCLEO_F303K8/ARMC6/mbed-os/targets/TARGET_STM/TARGET_STM32F3/STM32Cube_FW/STM32F3xx_HAL_Driver/stm32f3xx_hal_spi.o
    0x08001198   0x00000024   Code   RO        26505    .text.SetSysClock   BUILD/NUCLEO_F303K8/ARMC6/mbed-os/targets/TARGET_STM/TARGET_STM32F3/TARGET_STM32F303x8/system_clock.o
    0x080011bc   0x0000004c   Code   RO        26507    .text.SetSysClock_PLL_HSI  BUILD/NUCLEO_F303K8/ARMC6/mbed-os/targets/TARGET_STM/TARGET_STM32F3/TARGET_STM32F303x8/system_clock.o
    0x08001208   0x000000c8   Code   RO        26636    .text.Set_GPIO_Clock  BUILD/NUCLEO_F303K8/ARMC6/mbed-os/targets/TARGET_STM/gpio_api.o
    0x080012d0   0x00000058   Code   RO        26478    .text.SystemCoreClockUpdate  BUILD/NUCLEO_F303K8/ARMC6/mbed-os/targets/TARGET_STM/TARGET_STM32F3/STM32Cube_FW/system_stm32f3xx.o
    0x08001328   0x0000001c   Code   RO        26476    .text.SystemInit    BUILD/NUCLEO_F303K8/ARMC6/mbed-os/targets/TARGET_STM/TARGET_STM32F3/STM32Cube_FW/system_stm32f3xx.o
    0x08001344   0x00000098   Code   RO        25673    .text.TIM_Base_SetConfig  BUILD/NUCLEO_F303K8/ARMC6/mbed-os/targets/TARGET_STM/TARGET_STM32F3/STM32Cube_FW/STM32F3xx_HAL_Driver/stm32f3xx_hal_tim.o
    0x080013dc   0x0000001e   Code   RO        25707    .text.TIM_CCxChannelCmd  BUILD/NUCLEO_F303K8/ARMC6/mbed-os/targets/TARGET_STM/TARGET_STM32F3/STM32Cube_FW/STM32F3xx_HAL_Driver/stm32f3xx_hal_tim.o
    0x080013fa   0x0000006e   Code   RO          488    .text.ThreadFlagsCheck  BUILD/NUCLEO_F303K8/ARMC6/mbed-os/cmsis/CMSIS_5/CMSIS/RTOS2/RTX/Source/rtx_thread.o
    0x08001468   0x00000048   Code   RO          550    .text.TimerInsert   BUILD/NUCLEO_F303K8/ARMC6/mbed-os/cmsis/CMSIS_5/CMSIS/RTOS2/RTX/Source/rtx_timer.o
    0x080014b0   0x000000aa   Code   RO        26029    .text.UART_AdvFeatureConfig  BUILD/NUCLEO_F303K8/ARMC6/mbed-os/targets/TARGET_STM/TARGET_STM32F3/STM32Cube_FW/STM32F3xx_HAL_Driver/stm32f3xx_hal_uart.o
    0x0800155a   0x0000005c   Code   RO        26031    .text.UART_CheckIdleState  BUILD/NUCLEO_F303K8/ARMC6/mbed-os/targets/TARGET_STM/TARGET_STM32F3/STM32Cube_FW/STM32F3xx_HAL_Driver/stm32f3xx_hal_uart.o
    0x080015b6   0x00000002   PAD
    0x080015b8   0x00000120   Code   RO        26027    .text.UART_SetConfig  BUILD/NUCLEO_F303K8/ARMC6/mbed-os/targets/TARGET_STM/TARGET_STM32F3/STM32Cube_FW/STM32F3xx_HAL_Driver/stm32f3xx_hal_uart.o
    0x080016d8   0x0000009a   Code   RO        26045    .text.UART_WaitOnFlagUntilTimeout  BUILD/NUCLEO_F303K8/ARMC6/mbed-os/targets/TARGET_STM/TARGET_STM32F3/STM32Cube_FW/STM32F3xx_HAL_Driver/stm32f3xx_hal_uart.o
    0x08001772   0x00000002   PAD
    0x08001774   0x0000000c   Code   RO        27020    .text._GLOBAL__sub_I_debugger.cpp  BUILD/NUCLEO_F303K8/ARMC6/roboken/debugger/debugger.o
    0x08001780   0x0000001c   Code   RO           25    .text._GLOBAL__sub_I_main.cpp  BUILD/NUCLEO_F303K8/ARMC6/main.o
    0x0800179c   0x0000000c   Code   RO        27227    .text._GLOBAL__sub_I_solenoid.cpp  BUILD/NUCLEO_F303K8/ARMC6/roboken/drivers/solenoid/solenoid.o
    0x080017a8   0x0000000c   Code   RO        27069    .text._GLOBAL__sub_I_spi_comm.cpp  BUILD/NUCLEO_F303K8/ARMC6/roboken/drivers/comm/spi_comm/spi_comm.o
    0x080017b4   0x0000000e   Code   RO        22398    .text._ZL12convert_crlfi  BUILD/NUCLEO_F303K8/ARMC6/mbed-os/platform/source/mbed_retarget.o
    0x080017c2   0x00000002   PAD
    0x080017c4   0x00000010   Code   RO        18322    .text._ZL14singleton_lockv  BUILD/NUCLEO_F303K8/ARMC6/mbed-os/connectivity/netsocket/source/nsapi_dns.o
    0x080017d4   0x00000010   Code   RO        22494    .text._ZL14singleton_lockv  BUILD/NUCLEO_F303K8/ARMC6/mbed-os/platform/source/mbed_retarget.o
    0x080017e4   0x0000000c   Code   RO        18324    .text._ZL16singleton_unlockv  BUILD/NUCLEO_F303K8/ARMC6/mbed-os/connectivity/netsocket/source/nsapi_dns.o
    0x080017f0   0x00000010   Code   RO        22496    .text._ZL16singleton_unlockv  BUILD/NUCLEO_F303K8/ARMC6/mbed-os/platform/source/mbed_retarget.o
    0x08001800   0x0000001a   Code   RO          645    .text._ZL17default_idle_hookv  BUILD/NUCLEO_F303K8/ARMC6/mbed-os/cmsis/device/rtos/source/mbed_rtx_idle.o
    0x0800181a   0x00000002   PAD
    0x0800181c   0x00000018   Code   RO        22390    .text._ZL18handle_open_errorsij  BUILD/NUCLEO_F303K8/ARMC6/mbed-os/platform/source/mbed_retarget.o
    0x08001834   0x00000048   Code   RO        22376    .text._ZL18reserve_filehandlev  BUILD/NUCLEO_F303K8/ARMC6/mbed-os/platform/source/mbed_retarget.o
    0x0800187c   0x00000018   Code   RO        22360    .text._ZN12DirectSerial4readEPvj  BUILD/NUCLEO_F303K8/ARMC6/mbed-os/platform/source/mbed_retarget.o
    0x08001894   0x00000006   Code   RO        22537    .text._ZN12DirectSerial4seekEli  BUILD/NUCLEO_F303K8/ARMC6/mbed-os/platform/source/mbed_retarget.o
    0x0800189a   0x00000006   Code   RO        22543    .text._ZN12DirectSerial4sizeEv  BUILD/NUCLEO_F303K8/ARMC6/mbed-os/platform/source/mbed_retarget.o
    0x080018a0   0x00000004   Code   RO        22539    .text._ZN12DirectSerial5closeEv  BUILD/NUCLEO_F303K8/ARMC6/mbed-os/platform/source/mbed_retarget.o
    0x080018a4   0x00000020   Code   RO        22358    .text._ZN12DirectSerial5writeEPKvj  BUILD/NUCLEO_F303K8/ARMC6/mbed-os/platform/source/mbed_retarget.o
    0x080018c4   0x00000004   Code   RO        22541    .text._ZN12DirectSerial6isattyEv  BUILD/NUCLEO_F303K8/ARMC6/mbed-os/platform/source/mbed_retarget.o
    0x080018c8   0x00000034   Code   RO        22356    .text._ZN12DirectSerialC2ERK15serial_pinmap_ti  BUILD/NUCLEO_F303K8/ARMC6/mbed-os/platform/source/mbed_retarget.o
    0x080018fc   0x00000004   Code   RO        22535    .text._ZN12DirectSerialD0Ev  BUILD/NUCLEO_F303K8/ARMC6/mbed-os/platform/source/mbed_retarget.o
    0x08001900   0x00000018   Code   RO         1704    .text._ZN4mbed10DigitalOutC2E7PinName  BUILD/NUCLEO_F303K8/ARMC6/mbed-os/connectivity/drivers/802.15.4_RF/atmel-rf-driver/source/NanostackRfPhyAtmel.o
    0x08001918   0x0000001c   Code   RO         1857    .text._ZN4mbed10DigitalOutC2E7PinNamei  BUILD/NUCLEO_F303K8/ARMC6/mbed-os/connectivity/drivers/802.15.4_RF/mcr20a-rf-driver/source/NanostackRfPhyMcr20a.o
    0x08001934   0x00000006   Code   RO        19774    .text._ZN4mbed10FileHandle12enable_inputEb  BUILD/NUCLEO_F303K8/ARMC6/mbed-os/drivers/source/UnbufferedSerial.o
    0x0800193a   0x0000000c   Code   RO        19770    .text._ZN4mbed10FileHandle12set_blockingEb  BUILD/NUCLEO_F303K8/ARMC6/mbed-os/drivers/source/UnbufferedSerial.o
    0x08001946   0x00000006   Code   RO        19776    .text._ZN4mbed10FileHandle13enable_outputEb  BUILD/NUCLEO_F303K8/ARMC6/mbed-os/drivers/source/UnbufferedSerial.o
    0x0800194c   0x00000004   Code   RO        19764    .text._ZN4mbed10FileHandle4syncEv  BUILD/NUCLEO_F303K8/ARMC6/mbed-os/drivers/source/UnbufferedSerial.o
    0x08001950   0x0000000a   Code   RO        19098    .text._ZN4mbed10FileHandle4tellEv  BUILD/NUCLEO_F303K8/ARMC6/mbed-os/drivers/source/BufferedSerial.o
    0x0800195a   0x00000002   Code   RO        19778    .text._ZN4mbed10FileHandle5sigioENS_8CallbackIFvvEEE  BUILD/NUCLEO_F303K8/ARMC6/mbed-os/drivers/source/UnbufferedSerial.o
    0x0800195c   0x0000000a   Code   RO        19100    .text._ZN4mbed10FileHandle6rewindEv  BUILD/NUCLEO_F303K8/ARMC6/mbed-os/drivers/source/BufferedSerial.o
    0x08001966   0x00000006   Code   RO        19102    .text._ZN4mbed10FileHandle8truncateEl  BUILD/NUCLEO_F303K8/ARMC6/mbed-os/drivers/source/BufferedSerial.o
    0x0800196c   0x00000002   Code   RO        21829    .text._ZN4mbed10FileHandleD2Ev  BUILD/NUCLEO_F303K8/ARMC6/mbed-os/platform/source/FileHandle.o
    0x0800196e   0x00000002   PAD
    0x08001970   0x00000070   Code   RO        22372    .text._ZN4mbed16mbed_file_handleEi  BUILD/NUCLEO_F303K8/ARMC6/mbed-os/platform/source/mbed_retarget.o
    0x080019e0   0x00000006   Code   RO        19195    .text._ZN4mbed6BusOut4lockEv  BUILD/NUCLEO_F303K8/ARMC6/mbed-os/drivers/source/BusOut.o
    0x080019e6   0x00000040   Code   RO        19183    .text._ZN4mbed6BusOut5writeEi  BUILD/NUCLEO_F303K8/ARMC6/mbed-os/drivers/source/BusOut.o
    0x08001a26   0x00000006   Code   RO        19197    .text._ZN4mbed6BusOut6unlockEv  BUILD/NUCLEO_F303K8/ARMC6/mbed-os/drivers/source/BusOut.o
    0x08001a2c   0x000000c8   Code   RO        19175    .text._ZN4mbed6BusOutC2E7PinNameS1_S1_S1_S1_S1_S1_S1_S1_S1_S1_S1_S1_S1_S1_S1_  BUILD/NUCLEO_F303K8/ARMC6/mbed-os/drivers/source/BusOut.o
    0x08001af4   0x0000000e   Code   RO        19181    .text._ZN4mbed6BusOutD0Ev  BUILD/NUCLEO_F303K8/ARMC6/mbed-os/drivers/source/BusOut.o
    0x08001b02   0x00000002   PAD
    0x08001b04   0x0000002c   Code   RO        19179    .text._ZN4mbed6BusOutD2Ev  BUILD/NUCLEO_F303K8/ARMC6/mbed-os/drivers/source/BusOut.o
    0x08001b30   0x0000000c   Code   RO        19187    .text._ZN4mbed6BusOutaSEi  BUILD/NUCLEO_F303K8/ARMC6/mbed-os/drivers/source/BusOut.o
    0x08001b3c   0x00000084   Code   RO        21815    .text._ZN4mbed8FileBase6lookupEPKcj  BUILD/NUCLEO_F303K8/ARMC6/mbed-os/platform/source/FileBase.o
    0x08001bc0   0x00000018   Code   RO        21842    .text._ZN4mbed8FilePath10fileSystemEv  BUILD/NUCLEO_F303K8/ARMC6/mbed-os/platform/source/FilePath.o
    0x08001bd8   0x00000018   Code   RO        21840    .text._ZN4mbed8FilePath12isFileSystemEv  BUILD/NUCLEO_F303K8/ARMC6/mbed-os/platform/source/FilePath.o
    0x08001bf0   0x00000018   Code   RO        21846    .text._ZN4mbed8FilePath4fileEv  BUILD/NUCLEO_F303K8/ARMC6/mbed-os/platform/source/FilePath.o
    0x08001c08   0x0000000a   Code   RO        21848    .text._ZN4mbed8FilePath6existsEv  BUILD/NUCLEO_F303K8/ARMC6/mbed-os/platform/source/FilePath.o
    0x08001c12   0x00000016   Code   RO        21844    .text._ZN4mbed8FilePath6isFileEv  BUILD/NUCLEO_F303K8/ARMC6/mbed-os/platform/source/FilePath.o
    0x08001c28   0x0000003c   Code   RO        21836    .text._ZN4mbed8FilePathC2EPKc  BUILD/NUCLEO_F303K8/ARMC6/mbed-os/platform/source/FilePath.o
    0x08001c64   0x00000004   Code   RO        22917    .text._ZN4rtos10ThisThread5yieldEv  BUILD/NUCLEO_F303K8/ARMC6/mbed-os/rtos/source/ThisThread.o
    0x08001c68   0x00000004   Code   RO        22911    .text._ZN4rtos10ThisThread9sleep_forENSt3__16chrono8durationIjNS1_5ratioILx1ELx1000EEEEE  BUILD/NUCLEO_F303K8/ARMC6/mbed-os/rtos/source/ThisThread.o
    0x08001c6c   0x00000048   Code   RO        22831    .text._ZN4rtos5Mutex11constructorEPKc  BUILD/NUCLEO_F303K8/ARMC6/mbed-os/rtos/source/Mutex.o
    0x08001cb4   0x00000038   Code   RO        22835    .text._ZN4rtos5Mutex4lockEv  BUILD/NUCLEO_F303K8/ARMC6/mbed-os/rtos/source/Mutex.o
    0x08001cec   0x00000030   Code   RO        22847    .text._ZN4rtos5Mutex6unlockEv  BUILD/NUCLEO_F303K8/ARMC6/mbed-os/rtos/source/Mutex.o
    0x08001d1c   0x0000000e   Code   RO        22829    .text._ZN4rtos5MutexC2Ev  BUILD/NUCLEO_F303K8/ARMC6/mbed-os/rtos/source/Mutex.o
    0x08001d2a   0x0000000e   Code   RO        22851    .text._ZN4rtos5MutexD2Ev  BUILD/NUCLEO_F303K8/ARMC6/mbed-os/rtos/source/Mutex.o
    0x08001d38   0x0000001a   Code   RO           35    .text._ZN6MyUnitC2Ev  BUILD/NUCLEO_F303K8/ARMC6/main.o
    0x08001d52   0x00000002   PAD
    0x08001d54   0x00000044   Code   RO           33    .text._ZN7MyCoordC2Ev  BUILD/NUCLEO_F303K8/ARMC6/main.o
    0x08001d98   0x00000012   Code   RO        27249    .text._ZN7roboken10safety_offEv  BUILD/NUCLEO_F303K8/ARMC6/roboken/roboken.o
    0x08001daa   0x00000016   Code   RO        27247    .text._ZN7roboken11initializerEv  BUILD/NUCLEO_F303K8/ARMC6/roboken/roboken.o
    0x08001dc0   0x0000000e   Code   RO        27089    .text._ZN7roboken19drivers_initializerEv  BUILD/NUCLEO_F303K8/ARMC6/roboken/drivers/drivers.o
    0x08001dce   0x00000004   Code   RO        27116    .text._ZN7roboken4GyroC2Ev  BUILD/NUCLEO_F303K8/ARMC6/roboken/drivers/gyro/gyro.o
    0x08001dd2   0x00000004   Code   RO        27140    .text._ZN7roboken5MotorC2Ev  BUILD/NUCLEO_F303K8/ARMC6/roboken/drivers/motor/motor.o
    0x08001dd6   0x0000001a   Code   RO        27192    .text._ZN7roboken5Servo10servo_consEhh  BUILD/NUCLEO_F303K8/ARMC6/roboken/drivers/servo/servo.o
    0x08001df0   0x00000020   Code   RO        27198    .text._ZN7roboken5Servo4initEv  BUILD/NUCLEO_F303K8/ARMC6/roboken/drivers/servo/servo.o
    0x08001e10   0x00000018   Code   RO        27190    .text._ZN7roboken5ServoC2Ehh  BUILD/NUCLEO_F303K8/ARMC6/roboken/drivers/servo/servo.o
    0x08001e28   0x00000004   Code   RO        27188    .text._ZN7roboken5ServoC2Ev  BUILD/NUCLEO_F303K8/ARMC6/roboken/drivers/servo/servo.o
    0x08001e2c   0x00000004   Code   RO        27233    .text._ZN7roboken6SwitchC2Ev  BUILD/NUCLEO_F303K8/ARMC6/roboken/drivers/switch/switch.o
    0x08001e30   0x00000004   Code   RO        27093    .text._ZN7roboken7EncoderC2Ev  BUILD/NUCLEO_F303K8/ARMC6/roboken/drivers/encoder/encoder.o
    0x08001e34   0x0000000c   Code   RO        27077    .text._ZN7roboken7SpiComm10disable_ssEv  BUILD/NUCLEO_F303K8/ARMC6/roboken/drivers/comm/spi_comm/spi_comm.o
    0x08001e40   0x0000009c   Code   RO        27061    .text._ZN7roboken7SpiComm13spi_comm_initEv  BUILD/NUCLEO_F303K8/ARMC6/roboken/drivers/comm/spi_comm/spi_comm.o
    0x08001edc   0x00000090   Code   RO        27067    .text._ZN7roboken7SpiComm15transfer_nolockEPcS1_  BUILD/NUCLEO_F303K8/ARMC6/roboken/drivers/comm/spi_comm/spi_comm.o
    0x08001f6c   0x00000004   Code   RO        27063    .text._ZN7roboken7SpiComm4initEs  BUILD/NUCLEO_F303K8/ARMC6/roboken/drivers/comm/spi_comm/spi_comm.o
    0x08001f70   0x000000d0   Code   RO        27065    .text._ZN7roboken7SpiComm8transferEPKchPch  BUILD/NUCLEO_F303K8/ARMC6/roboken/drivers/comm/spi_comm/spi_comm.o
    0x08002040   0x00000030   Code   RO        27079    .text._ZN7roboken7SpiComm9enable_ssEv  BUILD/NUCLEO_F303K8/ARMC6/roboken/drivers/comm/spi_comm/spi_comm.o
    0x08002070   0x0000000c   Code   RO        27059    .text._ZN7roboken7SpiCommC2Ev  BUILD/NUCLEO_F303K8/ARMC6/roboken/drivers/comm/spi_comm/spi_comm.o
    0x0800207c   0x00000004   Code   RO        27083    .text._ZN7roboken7SpiCommD0Ev  BUILD/NUCLEO_F303K8/ARMC6/roboken/drivers/comm/spi_comm/spi_comm.o
    0x08002080   0x0000001c   Code   RO        27209    .text._ZN7roboken8Solenoid13solenoid_initEv  BUILD/NUCLEO_F303K8/ARMC6/roboken/drivers/solenoid/solenoid.o
    0x0800209c   0x00000002   Code   RO        27081    .text._ZN7roboken9CommBasicD2Ev  BUILD/NUCLEO_F303K8/ARMC6/roboken/drivers/comm/spi_comm/spi_comm.o
    0x0800209e   0x00000002   PAD
    0x080020a0   0x00000034   Code   RO        22362    .text._ZNK12DirectSerial4pollEs  BUILD/NUCLEO_F303K8/ARMC6/mbed-os/platform/source/mbed_retarget.o
    0x080020d4   0x00000022   Code   RO        18339    .text._ZNK12SingletonPtrIN4rtos5MutexEE3getEv  BUILD/NUCLEO_F303K8/ARMC6/mbed-os/connectivity/netsocket/source/nsapi_dns.o
    0x080020f6   0x00000004   Code   RO        19772    .text._ZNK4mbed10FileHandle11is_blockingEv  BUILD/NUCLEO_F303K8/ARMC6/mbed-os/drivers/source/UnbufferedSerial.o
    0x080020fa   0x00000004   Code   RO        22448    .text._ZdlPv        BUILD/NUCLEO_F303K8/ARMC6/mbed-os/platform/source/mbed_retarget.o
    0x080020fe   0x00000002   PAD
    0x08002100   0x00000020   Code   RO        22502    .text._Znwj         BUILD/NUCLEO_F303K8/ARMC6/mbed-os/platform/source/mbed_retarget.o
    0x08002120   0x0000002e   Code   RO        22492    .text.__cxa_guard_acquire  BUILD/NUCLEO_F303K8/ARMC6/mbed-os/platform/source/mbed_retarget.o
    0x0800214e   0x0000000e   Code   RO        22498    .text.__cxa_guard_release  BUILD/NUCLEO_F303K8/ARMC6/mbed-os/platform/source/mbed_retarget.o
    0x0800215c   0x00000004   Code   RO        22426    .text.__user_setup_stackheap  BUILD/NUCLEO_F303K8/ARMC6/mbed-os/platform/source/mbed_retarget.o
    0x08002160   0x00000036   Code   RO        21509    .text._gpio_init_out  BUILD/NUCLEO_F303K8/ARMC6/mbed-os/hal/source/mbed_gpio.o
    0x08002196   0x00000002   PAD
    0x08002198   0x0000002c   Code   RO        22424    .text._mbed_user_setup_stackheap  BUILD/NUCLEO_F303K8/ARMC6/mbed-os/platform/source/mbed_retarget.o
    0x080021c4   0x00000060   Code   RO        22386    .text._sys_open     BUILD/NUCLEO_F303K8/ARMC6/mbed-os/platform/source/mbed_retarget.o
    0x08002224   0x00000006   Code   RO        22412    .text._sys_seek     BUILD/NUCLEO_F303K8/ARMC6/mbed-os/platform/source/mbed_retarget.o
    0x0800222a   0x00000002   PAD
    0x0800222c   0x000000c0   Code   RO        22396    .text._sys_write    BUILD/NUCLEO_F303K8/ARMC6/mbed-os/platform/source/mbed_retarget.o
    0x080022ec   0x00000002   Code   RO        21598    .text.block_us_ticker_free  BUILD/NUCLEO_F303K8/ARMC6/mbed-os/hal/source/mbed_us_ticker_api.o
    0x080022ee   0x00000002   PAD
    0x080022f0   0x000000e0   Code   RO        26620    .text.can_irq       BUILD/NUCLEO_F303K8/ARMC6/mbed-os/targets/TARGET_STM/can_api.o
    0x080023d0   0x0000000c   Code   RO        22206    .text.core_util_are_interrupts_enabled  BUILD/NUCLEO_F303K8/ARMC6/mbed-os/platform/source/mbed_critical.o
    0x080023dc   0x00000012   Code   RO        22115    .text.core_util_atomic_decr_u16  BUILD/NUCLEO_F303K8/ARMC6/mbed-os/platform/source/mbed_atomic_impl.o
    0x080023ee   0x00000014   Code   RO        22099    .text.core_util_atomic_flag_test_and_set  BUILD/NUCLEO_F303K8/ARMC6/mbed-os/platform/source/mbed_atomic_impl.o
    0x08002402   0x00000012   Code   RO        22109    .text.core_util_atomic_incr_u16  BUILD/NUCLEO_F303K8/ARMC6/mbed-os/platform/source/mbed_atomic_impl.o
    0x08002414   0x00000010   Code   RO        22212    .text.core_util_critical_section_enter  BUILD/NUCLEO_F303K8/ARMC6/mbed-os/platform/source/mbed_critical.o
    0x08002424   0x00000018   Code   RO        22214    .text.core_util_critical_section_exit  BUILD/NUCLEO_F303K8/ARMC6/mbed-os/platform/source/mbed_critical.o
    0x0800243c   0x0000000c   Code   RO        22208    .text.core_util_is_isr_active  BUILD/NUCLEO_F303K8/ARMC6/mbed-os/platform/source/mbed_critical.o
    0x08002448   0x00000028   Code   RO        22219    .text.error         BUILD/NUCLEO_F303K8/ARMC6/mbed-os/platform/source/mbed_error.o
    0x08002470   0x0000002c   Code   RO        22466    .text.exit          BUILD/NUCLEO_F303K8/ARMC6/mbed-os/platform/source/mbed_retarget.o
    0x0800249c   0x0000002a   Code   RO        22420    .text.fsync         BUILD/NUCLEO_F303K8/ARMC6/mbed-os/platform/source/mbed_retarget.o
    0x080024c6   0x00000002   PAD
    0x080024c8   0x00000008   Code   RO        21592    .text.get_us_ticker_data  BUILD/NUCLEO_F303K8/ARMC6/mbed-os/hal/source/mbed_us_ticker_api.o
    0x080024d0   0x0000002e   Code   RO        26644    .text.gpio_dir      BUILD/NUCLEO_F303K8/ARMC6/mbed-os/targets/TARGET_STM/gpio_api.o
    0x080024fe   0x00000002   PAD
    0x08002500   0x00000048   Code   RO        26640    .text.gpio_init     BUILD/NUCLEO_F303K8/ARMC6/mbed-os/targets/TARGET_STM/gpio_api.o
    0x08002548   0x00000006   Code   RO        21505    .text.gpio_init_out  BUILD/NUCLEO_F303K8/ARMC6/mbed-os/hal/source/mbed_gpio.o
    0x0800254e   0x00000008   Code   RO        21507    .text.gpio_init_out_ex  BUILD/NUCLEO_F303K8/ARMC6/mbed-os/hal/source/mbed_gpio.o
    0x08002556   0x00000008   Code   RO        26642    .text.gpio_mode     BUILD/NUCLEO_F303K8/ARMC6/mbed-os/targets/TARGET_STM/gpio_api.o
    0x0800255e   0x00000018   Code   RO        26638    .text.gpio_set      BUILD/NUCLEO_F303K8/ARMC6/mbed-os/targets/TARGET_STM/gpio_api.o
    0x08002576   0x00000002   PAD
    0x08002578   0x0000001c   Code   RO        21489    .text.hal_critical_section_enter  BUILD/NUCLEO_F303K8/ARMC6/mbed-os/hal/source/mbed_critical_section_api.o
    0x08002594   0x00000014   Code   RO        21491    .text.hal_critical_section_exit  BUILD/NUCLEO_F303K8/ARMC6/mbed-os/hal/source/mbed_critical_section_api.o
    0x080025a8   0x00000110   Code   RO        26907    .text.hal_deepsleep  BUILD/NUCLEO_F303K8/ARMC6/mbed-os/targets/TARGET_STM/sleep.o
    0x080026b8   0x00000020   Code   RO        26905    .text.hal_sleep     BUILD/NUCLEO_F303K8/ARMC6/mbed-os/targets/TARGET_STM/sleep.o
    0x080026d8   0x00000098   Code   RO        22221    .text.handle_error  BUILD/NUCLEO_F303K8/ARMC6/mbed-os/platform/source/mbed_error.o
    0x08002770   0x000000a8   Code   RO        26973    .text.init_32bit_timer  BUILD/NUCLEO_F303K8/ARMC6/mbed-os/targets/TARGET_STM/us_ticker.o
    0x08002818   0x00000048   Code   RO        26915    .text.init_spi      BUILD/NUCLEO_F303K8/ARMC6/mbed-os/targets/TARGET_STM/stm_spi_api.o
    0x08002860   0x00000068   Code   RO        26878    .text.init_uart     BUILD/NUCLEO_F303K8/ARMC6/mbed-os/targets/TARGET_STM/serial_api.o
    0x080028c8   0x000000d0   Code   RO        21564    .text.initialize    BUILD/NUCLEO_F303K8/ARMC6/mbed-os/hal/source/mbed_ticker_api.o
    0x08002998   0x00000026   Code   RO        22380    .text.isatty        BUILD/NUCLEO_F303K8/ARMC6/mbed-os/platform/source/mbed_retarget.o
    0x080029be   0x00000030   Code   RO        22414    .text.lseek         BUILD/NUCLEO_F303K8/ARMC6/mbed-os/platform/source/mbed_retarget.o
    0x080029ee   0x00000020   Code   RO           23    .text.main          BUILD/NUCLEO_F303K8/ARMC6/main.o
    0x08002a0e   0x00000002   PAD
    0x08002a10   0x00000060   Code   RO        22195    .text.mbed_die      BUILD/NUCLEO_F303K8/ARMC6/mbed-os/platform/source/mbed_board.o
    0x08002a70   0x0000001c   Code   RO        22241    .text.mbed_error    BUILD/NUCLEO_F303K8/ARMC6/mbed-os/platform/source/mbed_error.o
    0x08002a8c   0x00000018   Code   RO        22197    .text.mbed_error_printf  BUILD/NUCLEO_F303K8/ARMC6/mbed-os/platform/source/mbed_board.o
    0x08002aa4   0x0000004e   Code   RO        22201    .text.mbed_error_puts  BUILD/NUCLEO_F303K8/ARMC6/mbed-os/platform/source/mbed_board.o
    0x08002af2   0x00000002   PAD
    0x08002af4   0x00000034   Code   RO        22199    .text.mbed_error_vprintf  BUILD/NUCLEO_F303K8/ARMC6/mbed-os/platform/source/mbed_board.o
    0x08002b28   0x000000f4   Code   RO        22077    .text.mbed_fault_handler  BUILD/NUCLEO_F303K8/ARMC6/mbed-os/platform/source/TARGET_CORTEX_M/mbed_fault_handler.o
    0x08002c1c   0x0000000c   Code   RO        22237    .text.mbed_get_error_in_progress  BUILD/NUCLEO_F303K8/ARMC6/mbed-os/platform/source/mbed_error.o
    0x08002c28   0x00000030   Code   RO        22223    .text.mbed_halt_system  BUILD/NUCLEO_F303K8/ARMC6/mbed-os/platform/source/mbed_error.o
    0x08002c58   0x00000038   Code   RO          599    .text.mbed_init     BUILD/NUCLEO_F303K8/ARMC6/mbed-os/cmsis/device/rtos/source/mbed_boot.o
    0x08002c90   0x00000318   Code   RO        22731    .text.mbed_minimal_formatted_string  BUILD/NUCLEO_F303K8/ARMC6/mbed-os/platform/source/minimal-printf/mbed_printf_implementation.o
    0x08002fa8   0x000000ac   Code   RO        22735    .text.mbed_minimal_formatted_string_hexadecimal  BUILD/NUCLEO_F303K8/ARMC6/mbed-os/platform/source/minimal-printf/mbed_printf_implementation.o
    0x08003054   0x00000082   Code   RO        22733    .text.mbed_minimal_formatted_string_unsigned  BUILD/NUCLEO_F303K8/ARMC6/mbed-os/platform/source/minimal-printf/mbed_printf_implementation.o
    0x080030d6   0x00000002   PAD
    0x080030d8   0x0000003c   Code   RO        22737    .text.mbed_minimal_putchar  BUILD/NUCLEO_F303K8/ARMC6/mbed-os/platform/source/minimal-printf/mbed_printf_implementation.o
    0x08003114   0x00000004   Code   RO          615    .text.mbed_rtos_init  BUILD/NUCLEO_F303K8/ARMC6/mbed-os/cmsis/device/rtos/source/mbed_rtos_rtx.o
    0x08003118   0x00000024   Code   RO          619    .text.mbed_rtos_init_singleton_mutex  BUILD/NUCLEO_F303K8/ARMC6/mbed-os/cmsis/device/rtos/source/mbed_rtos_rtx.o
    0x0800313c   0x00000068   Code   RO          617    .text.mbed_rtos_start  BUILD/NUCLEO_F303K8/ARMC6/mbed-os/cmsis/device/rtos/source/mbed_rtos_rtx.o
    0x080031a4   0x000000cc   Code   RO        26789    .text.mbed_sdk_init  BUILD/NUCLEO_F303K8/ARMC6/mbed-os/targets/TARGET_STM/mbed_overrides.o
    0x08003270   0x0000001e   Code   RO          603    .text.mbed_start    BUILD/NUCLEO_F303K8/ARMC6/mbed-os/cmsis/device/rtos/source/mbed_boot.o
    0x0800328e   0x00000004   Code   RO          595    .text.mbed_toolchain_init  BUILD/NUCLEO_F303K8/ARMC6/mbed-os/cmsis/device/rtos/TOOLCHAIN_ARM_STD/mbed_boot_arm_std.o
    0x08003292   0x00000002   PAD
    0x08003294   0x00000084   Code   RO        22388    .text.open          BUILD/NUCLEO_F303K8/ARMC6/mbed-os/platform/source/mbed_retarget.o
    0x08003318   0x00000030   Code   RO           91    .text.osDelay       BUILD/NUCLEO_F303K8/ARMC6/mbed-os/cmsis/CMSIS_5/CMSIS/RTOS2/RTX/Source/rtx_delay.o
    0x08003348   0x00000034   Code   RO          165    .text.osKernelInitialize  BUILD/NUCLEO_F303K8/ARMC6/mbed-os/cmsis/CMSIS_5/CMSIS/RTOS2/RTX/Source/rtx_kernel.o
    0x0800337c   0x00000030   Code   RO          175    .text.osKernelStart  BUILD/NUCLEO_F303K8/ARMC6/mbed-os/cmsis/CMSIS_5/CMSIS/RTOS2/RTX/Source/rtx_kernel.o
    0x080033ac   0x00000078   Code   RO          294    .text.osMessageQueueGet  BUILD/NUCLEO_F303K8/ARMC6/mbed-os/cmsis/CMSIS_5/CMSIS/RTOS2/RTX/Source/rtx_msgqueue.o
    0x08003424   0x00000034   Code   RO          288    .text.osMessageQueueNew  BUILD/NUCLEO_F303K8/ARMC6/mbed-os/cmsis/CMSIS_5/CMSIS/RTOS2/RTX/Source/rtx_msgqueue.o
    0x08003458   0x0000007c   Code   RO          292    .text.osMessageQueuePut  BUILD/NUCLEO_F303K8/ARMC6/mbed-os/cmsis/CMSIS_5/CMSIS/RTOS2/RTX/Source/rtx_msgqueue.o
    0x080034d4   0x00000030   Code   RO          346    .text.osMutexAcquire  BUILD/NUCLEO_F303K8/ARMC6/mbed-os/cmsis/CMSIS_5/CMSIS/RTOS2/RTX/Source/rtx_mutex.o
    0x08003504   0x00000030   Code   RO          352    .text.osMutexDelete  BUILD/NUCLEO_F303K8/ARMC6/mbed-os/cmsis/CMSIS_5/CMSIS/RTOS2/RTX/Source/rtx_mutex.o
    0x08003534   0x00000034   Code   RO          342    .text.osMutexNew    BUILD/NUCLEO_F303K8/ARMC6/mbed-os/cmsis/CMSIS_5/CMSIS/RTOS2/RTX/Source/rtx_mutex.o
    0x08003568   0x00000030   Code   RO          348    .text.osMutexRelease  BUILD/NUCLEO_F303K8/ARMC6/mbed-os/cmsis/CMSIS_5/CMSIS/RTOS2/RTX/Source/rtx_mutex.o
    0x08003598   0x00000050   Code   RO          634    .text.osRtxErrorNotify  BUILD/NUCLEO_F303K8/ARMC6/mbed-os/cmsis/device/rtos/source/mbed_rtx_handlers.o
    0x080035e8   0x00000004   Code   RO          632    .text.osRtxIdleThread  BUILD/NUCLEO_F303K8/ARMC6/mbed-os/cmsis/device/rtos/source/mbed_rtx_handlers.o
    0x080035ec   0x00000070   Code   RO          236    .text.osRtxMemoryAlloc  BUILD/NUCLEO_F303K8/ARMC6/mbed-os/cmsis/CMSIS_5/CMSIS/RTOS2/RTX/Source/rtx_memory.o
    0x0800365c   0x00000048   Code   RO          238    .text.osRtxMemoryFree  BUILD/NUCLEO_F303K8/ARMC6/mbed-os/cmsis/CMSIS_5/CMSIS/RTOS2/RTX/Source/rtx_memory.o
    0x080036a4   0x0000003c   Code   RO          234    .text.osRtxMemoryInit  BUILD/NUCLEO_F303K8/ARMC6/mbed-os/cmsis/CMSIS_5/CMSIS/RTOS2/RTX/Source/rtx_memory.o
    0x080036e0   0x0000003a   Code   RO          244    .text.osRtxMemoryPoolAlloc  BUILD/NUCLEO_F303K8/ARMC6/mbed-os/cmsis/CMSIS_5/CMSIS/RTOS2/RTX/Source/rtx_mempool.o
    0x0800371a   0x0000004a   Code   RO          246    .text.osRtxMemoryPoolFree  BUILD/NUCLEO_F303K8/ARMC6/mbed-os/cmsis/CMSIS_5/CMSIS/RTOS2/RTX/Source/rtx_mempool.o
    0x08003764   0x00000036   Code   RO          242    .text.osRtxMemoryPoolInit  BUILD/NUCLEO_F303K8/ARMC6/mbed-os/cmsis/CMSIS_5/CMSIS/RTOS2/RTX/Source/rtx_mempool.o
    0x0800379a   0x000000ba   Code   RO          318    .text.osRtxMessageQueuePostProcess  BUILD/NUCLEO_F303K8/ARMC6/mbed-os/cmsis/CMSIS_5/CMSIS/RTOS2/RTX/Source/rtx_msgqueue.o
    0x08003854   0x00000048   Code   RO          338    .text.osRtxMutexOwnerRelease  BUILD/NUCLEO_F303K8/ARMC6/mbed-os/cmsis/CMSIS_5/CMSIS/RTOS2/RTX/Source/rtx_mutex.o
    0x0800389c   0x00000042   Code   RO          340    .text.osRtxMutexOwnerRestore  BUILD/NUCLEO_F303K8/ARMC6/mbed-os/cmsis/CMSIS_5/CMSIS/RTOS2/RTX/Source/rtx_mutex.o
    0x080038de   0x00000002   PAD
    0x080038e0   0x00000088   Code   RO          400    .text.osRtxPendSV_Handler  BUILD/NUCLEO_F303K8/ARMC6/mbed-os/cmsis/CMSIS_5/CMSIS/RTOS2/RTX/Source/rtx_system.o
    0x08003968   0x00000070   Code   RO          402    .text.osRtxPostProcess  BUILD/NUCLEO_F303K8/ARMC6/mbed-os/cmsis/CMSIS_5/CMSIS/RTOS2/RTX/Source/rtx_system.o
    0x080039d8   0x00000034   Code   RO          428    .text.osRtxThreadBlock  BUILD/NUCLEO_F303K8/ARMC6/mbed-os/cmsis/CMSIS_5/CMSIS/RTOS2/RTX/Source/rtx_thread.o
    0x08003a0c   0x00000074   Code   RO          436    .text.osRtxThreadDelayInsert  BUILD/NUCLEO_F303K8/ARMC6/mbed-os/cmsis/CMSIS_5/CMSIS/RTOS2/RTX/Source/rtx_thread.o
    0x08003a80   0x00000038   Code   RO          432    .text.osRtxThreadDelayRemove  BUILD/NUCLEO_F303K8/ARMC6/mbed-os/cmsis/CMSIS_5/CMSIS/RTOS2/RTX/Source/rtx_thread.o
    0x08003ab8   0x00000048   Code   RO          416    .text.osRtxThreadDelayTick  BUILD/NUCLEO_F303K8/ARMC6/mbed-os/cmsis/CMSIS_5/CMSIS/RTOS2/RTX/Source/rtx_thread.o
    0x08003b00   0x00000054   Code   RO          426    .text.osRtxThreadDispatch  BUILD/NUCLEO_F303K8/ARMC6/mbed-os/cmsis/CMSIS_5/CMSIS/RTOS2/RTX/Source/rtx_thread.o
    0x08003b54   0x00000054   Code   RO          512    .text.osRtxThreadFree  BUILD/NUCLEO_F303K8/ARMC6/mbed-os/cmsis/CMSIS_5/CMSIS/RTOS2/RTX/Source/rtx_thread.o
    0x08003ba8   0x00000012   Code   RO          408    .text.osRtxThreadListGet  BUILD/NUCLEO_F303K8/ARMC6/mbed-os/cmsis/CMSIS_5/CMSIS/RTOS2/RTX/Source/rtx_thread.o
    0x08003bba   0x0000002c   Code   RO          406    .text.osRtxThreadListPut  BUILD/NUCLEO_F303K8/ARMC6/mbed-os/cmsis/CMSIS_5/CMSIS/RTOS2/RTX/Source/rtx_thread.o
    0x08003be6   0x00000014   Code   RO          412    .text.osRtxThreadListRemove  BUILD/NUCLEO_F303K8/ARMC6/mbed-os/cmsis/CMSIS_5/CMSIS/RTOS2/RTX/Source/rtx_thread.o
    0x08003bfa   0x0000000c   Code   RO          418    .text.osRtxThreadListRoot  BUILD/NUCLEO_F303K8/ARMC6/mbed-os/cmsis/CMSIS_5/CMSIS/RTOS2/RTX/Source/rtx_thread.o
    0x08003c06   0x00000026   Code   RO          410    .text.osRtxThreadListSort  BUILD/NUCLEO_F303K8/ARMC6/mbed-os/cmsis/CMSIS_5/CMSIS/RTOS2/RTX/Source/rtx_thread.o
    0x08003c2c   0x00000028   Code   RO          486    .text.osRtxThreadPostProcess  BUILD/NUCLEO_F303K8/ARMC6/mbed-os/cmsis/CMSIS_5/CMSIS/RTOS2/RTX/Source/rtx_thread.o
    0x08003c54   0x00000010   Code   RO          414    .text.osRtxThreadReadyPut  BUILD/NUCLEO_F303K8/ARMC6/mbed-os/cmsis/CMSIS_5/CMSIS/RTOS2/RTX/Source/rtx_thread.o
    0x08003c64   0x00000014   Code   RO          420    .text.osRtxThreadRegPtr  BUILD/NUCLEO_F303K8/ARMC6/mbed-os/cmsis/CMSIS_5/CMSIS/RTOS2/RTX/Source/rtx_thread.o
    0x08003c78   0x00000028   Code   RO          424    .text.osRtxThreadStackCheck  BUILD/NUCLEO_F303K8/ARMC6/mbed-os/cmsis/CMSIS_5/CMSIS/RTOS2/RTX/Source/rtx_thread.o
    0x08003ca0   0x00000038   Code   RO          438    .text.osRtxThreadStartup  BUILD/NUCLEO_F303K8/ARMC6/mbed-os/cmsis/CMSIS_5/CMSIS/RTOS2/RTX/Source/rtx_thread.o
    0x08003cd8   0x0000000c   Code   RO          422    .text.osRtxThreadSwitch  BUILD/NUCLEO_F303K8/ARMC6/mbed-os/cmsis/CMSIS_5/CMSIS/RTOS2/RTX/Source/rtx_thread.o
    0x08003ce4   0x00000038   Code   RO          434    .text.osRtxThreadWaitEnter  BUILD/NUCLEO_F303K8/ARMC6/mbed-os/cmsis/CMSIS_5/CMSIS/RTOS2/RTX/Source/rtx_thread.o
    0x08003d1c   0x00000030   Code   RO          430    .text.osRtxThreadWaitExit  BUILD/NUCLEO_F303K8/ARMC6/mbed-os/cmsis/CMSIS_5/CMSIS/RTOS2/RTX/Source/rtx_thread.o
    0x08003d4c   0x00000074   Code   RO          398    .text.osRtxTick_Handler  BUILD/NUCLEO_F303K8/ARMC6/mbed-os/cmsis/CMSIS_5/CMSIS/RTOS2/RTX/Source/rtx_system.o
    0x08003dc0   0x0000003c   Code   RO          534    .text.osRtxTimerThread  BUILD/NUCLEO_F303K8/ARMC6/mbed-os/cmsis/CMSIS_5/CMSIS/RTOS2/RTX/Source/rtx_timer.o
    0x08003dfc   0x00000054   Code   RO          536    .text.osRtxTimerTick  BUILD/NUCLEO_F303K8/ARMC6/mbed-os/cmsis/CMSIS_5/CMSIS/RTOS2/RTX/Source/rtx_timer.o
    0x08003e50   0x0000001c   Code   RO          470    .text.osThreadExit  BUILD/NUCLEO_F303K8/ARMC6/mbed-os/cmsis/CMSIS_5/CMSIS/RTOS2/RTX/Source/rtx_thread.o
    0x08003e6c   0x00000028   Code   RO          446    .text.osThreadGetId  BUILD/NUCLEO_F303K8/ARMC6/mbed-os/cmsis/CMSIS_5/CMSIS/RTOS2/RTX/Source/rtx_thread.o
    0x08003e94   0x00000034   Code   RO          442    .text.osThreadNew   BUILD/NUCLEO_F303K8/ARMC6/mbed-os/cmsis/CMSIS_5/CMSIS/RTOS2/RTX/Source/rtx_thread.o
    0x08003ec8   0x00000030   Code   RO          460    .text.osThreadYield  BUILD/NUCLEO_F303K8/ARMC6/mbed-os/cmsis/CMSIS_5/CMSIS/RTOS2/RTX/Source/rtx_thread.o
    0x08003ef8   0x000000dc   Code   RO        26795    .text.pin_function  BUILD/NUCLEO_F303K8/ARMC6/mbed-os/targets/TARGET_STM/pinmap.o
    0x08003fd4   0x00000074   Code   RO        26799    .text.pin_mode      BUILD/NUCLEO_F303K8/ARMC6/mbed-os/targets/TARGET_STM/pinmap.o
    0x08004048   0x00000022   Code   RO        21535    .text.pinmap_find_function  BUILD/NUCLEO_F303K8/ARMC6/mbed-os/hal/source/mbed_pinmap_common.o
    0x0800406a   0x00000022   Code   RO        21531    .text.pinmap_find_peripheral  BUILD/NUCLEO_F303K8/ARMC6/mbed-os/hal/source/mbed_pinmap_common.o
    0x0800408c   0x00000024   Code   RO        21529    .text.pinmap_merge  BUILD/NUCLEO_F303K8/ARMC6/mbed-os/hal/source/mbed_pinmap_common.o
    0x080040b0   0x00000030   Code   RO        21533    .text.pinmap_peripheral  BUILD/NUCLEO_F303K8/ARMC6/mbed-os/hal/source/mbed_pinmap_common.o
    0x080040e0   0x0000015c   Code   RO        22079    .text.print_context_info  BUILD/NUCLEO_F303K8/ARMC6/mbed-os/platform/source/TARGET_CORTEX_M/mbed_fault_handler.o
    0x0800423c   0x00000014   Code   RO        26989    .text.restore_timer_ctx  BUILD/NUCLEO_F303K8/ARMC6/mbed-os/targets/TARGET_STM/us_ticker.o
    0x08004250   0x0000000c   Code   RO          647    .text.rtos_idle_loop  BUILD/NUCLEO_F303K8/ARMC6/mbed-os/cmsis/device/rtos/source/mbed_rtx_idle.o
    0x0800425c   0x0000001c   Code   RO        26987    .text.save_timer_ctx  BUILD/NUCLEO_F303K8/ARMC6/mbed-os/targets/TARGET_STM/us_ticker.o
    0x08004278   0x000000d4   Code   RO        21570    .text.schedule_interrupt  BUILD/NUCLEO_F303K8/ARMC6/mbed-os/hal/source/mbed_ticker_api.o
    0x0800434c   0x00000006   Code   RO        26876    .text.serial_baud   BUILD/NUCLEO_F303K8/ARMC6/mbed-os/targets/TARGET_STM/serial_api.o
    0x08004352   0x00000002   PAD
    0x08004354   0x00000068   Code   RO        26543    .text.serial_getc   BUILD/NUCLEO_F303K8/ARMC6/mbed-os/targets/TARGET_STM/TARGET_STM32F3/serial_device.o
    0x080043bc   0x0000016c   Code   RO        26872    .text.serial_init   BUILD/NUCLEO_F303K8/ARMC6/mbed-os/targets/TARGET_STM/serial_api.o
    0x08004528   0x0000000e   Code   RO        21618    .text.serial_init_direct  BUILD/NUCLEO_F303K8/ARMC6/mbed-os/hal/source/static_pinmap.o
    0x08004536   0x00000002   PAD
    0x08004538   0x00000044   Code   RO        26900    .text.serial_is_tx_ongoing  BUILD/NUCLEO_F303K8/ARMC6/mbed-os/targets/TARGET_STM/serial_api.o
    0x0800457c   0x00000020   Code   RO        26545    .text.serial_putc   BUILD/NUCLEO_F303K8/ARMC6/mbed-os/targets/TARGET_STM/TARGET_STM32F3/serial_device.o
    0x0800459c   0x0000001c   Code   RO        26890    .text.serial_readable  BUILD/NUCLEO_F303K8/ARMC6/mbed-os/targets/TARGET_STM/serial_api.o
    0x080045b8   0x00000014   Code   RO        26892    .text.serial_writable  BUILD/NUCLEO_F303K8/ARMC6/mbed-os/targets/TARGET_STM/serial_api.o
    0x080045cc   0x00000024   Code   RO        22339    .text.sleep_manager_lock_deep_sleep_internal  BUILD/NUCLEO_F303K8/ARMC6/mbed-os/platform/source/mbed_power_mgmt.o
    0x080045f0   0x00000020   Code   RO        22347    .text.sleep_manager_sleep_auto  BUILD/NUCLEO_F303K8/ARMC6/mbed-os/platform/source/mbed_power_mgmt.o
    0x08004610   0x00000030   Code   RO        22341    .text.sleep_manager_unlock_deep_sleep_internal  BUILD/NUCLEO_F303K8/ARMC6/mbed-os/platform/source/mbed_power_mgmt.o
    0x08004640   0x00000084   Code   RO        26923    .text.spi_format    BUILD/NUCLEO_F303K8/ARMC6/mbed-os/targets/TARGET_STM/stm_spi_api.o
    0x080046c4   0x00000050   Code   RO        26925    .text.spi_frequency  BUILD/NUCLEO_F303K8/ARMC6/mbed-os/targets/TARGET_STM/stm_spi_api.o
    0x08004714   0x00000038   Code   RO        26559    .text.spi_get_clock_freq  BUILD/NUCLEO_F303K8/ARMC6/mbed-os/targets/TARGET_STM/TARGET_STM32F3/spi_api.o
    0x0800474c   0x0000018c   Code   RO        26919    .text.spi_init      BUILD/NUCLEO_F303K8/ARMC6/mbed-os/targets/TARGET_STM/stm_spi_api.o
    0x080048d8   0x00000056   Code   RO        26927    .text.spi_master_write  BUILD/NUCLEO_F303K8/ARMC6/mbed-os/targets/TARGET_STM/stm_spi_api.o
    0x0800492e   0x0000003c   Code   RO        26797    .text.stm_pin_PullConfig  BUILD/NUCLEO_F303K8/ARMC6/mbed-os/targets/TARGET_STM/pinmap.o
    0x0800496a   0x00000014   Code   RO           95    .text.svcRtxDelay   BUILD/NUCLEO_F303K8/ARMC6/mbed-os/cmsis/CMSIS_5/CMSIS/RTOS2/RTX/Source/rtx_delay.o
    0x0800497e   0x00000002   PAD
    0x08004980   0x00000150   Code   RO          203    .text.svcRtxKernelInitialize  BUILD/NUCLEO_F303K8/ARMC6/mbed-os/cmsis/CMSIS_5/CMSIS/RTOS2/RTX/Source/rtx_kernel.o
    0x08004ad0   0x0000009c   Code   RO          205    .text.svcRtxKernelStart  BUILD/NUCLEO_F303K8/ARMC6/mbed-os/cmsis/CMSIS_5/CMSIS/RTOS2/RTX/Source/rtx_kernel.o
    0x08004b6c   0x000000e0   Code   RO          330    .text.svcRtxMessageQueueGet  BUILD/NUCLEO_F303K8/ARMC6/mbed-os/cmsis/CMSIS_5/CMSIS/RTOS2/RTX/Source/rtx_msgqueue.o
    0x08004c4c   0x00000138   Code   RO          316    .text.svcRtxMessageQueueNew  BUILD/NUCLEO_F303K8/ARMC6/mbed-os/cmsis/CMSIS_5/CMSIS/RTOS2/RTX/Source/rtx_msgqueue.o
    0x08004d84   0x000000c0   Code   RO          326    .text.svcRtxMessageQueuePut  BUILD/NUCLEO_F303K8/ARMC6/mbed-os/cmsis/CMSIS_5/CMSIS/RTOS2/RTX/Source/rtx_msgqueue.o
    0x08004e44   0x000000ac   Code   RO          358    .text.svcRtxMutexAcquire  BUILD/NUCLEO_F303K8/ARMC6/mbed-os/cmsis/CMSIS_5/CMSIS/RTOS2/RTX/Source/rtx_mutex.o
    0x08004ef0   0x000000b8   Code   RO          364    .text.svcRtxMutexDelete  BUILD/NUCLEO_F303K8/ARMC6/mbed-os/cmsis/CMSIS_5/CMSIS/RTOS2/RTX/Source/rtx_mutex.o
    0x08004fa8   0x00000078   Code   RO          354    .text.svcRtxMutexNew  BUILD/NUCLEO_F303K8/ARMC6/mbed-os/cmsis/CMSIS_5/CMSIS/RTOS2/RTX/Source/rtx_mutex.o
    0x08005020   0x000000d4   Code   RO          360    .text.svcRtxMutexRelease  BUILD/NUCLEO_F303K8/ARMC6/mbed-os/cmsis/CMSIS_5/CMSIS/RTOS2/RTX/Source/rtx_mutex.o
    0x080050f4   0x00000068   Code   RO          516    .text.svcRtxThreadExit  BUILD/NUCLEO_F303K8/ARMC6/mbed-os/cmsis/CMSIS_5/CMSIS/RTOS2/RTX/Source/rtx_thread.o
    0x0800515c   0x0000000c   Code   RO          448    .text.svcRtxThreadGetId  BUILD/NUCLEO_F303K8/ARMC6/mbed-os/cmsis/CMSIS_5/CMSIS/RTOS2/RTX/Source/rtx_thread.o
    0x08005168   0x000001fc   Code   RO          440    .text.svcRtxThreadNew  BUILD/NUCLEO_F303K8/ARMC6/mbed-os/cmsis/CMSIS_5/CMSIS/RTOS2/RTX/Source/rtx_thread.o
    0x08005364   0x00000038   Code   RO          502    .text.svcRtxThreadYield  BUILD/NUCLEO_F303K8/ARMC6/mbed-os/cmsis/CMSIS_5/CMSIS/RTOS2/RTX/Source/rtx_thread.o
    0x0800539c   0x00000060   Code   RO        21566    .text.ticker_irq_handler  BUILD/NUCLEO_F303K8/ARMC6/mbed-os/hal/source/mbed_ticker_api.o
    0x080053fc   0x00000008   Code   RO        21578    .text.ticker_read   BUILD/NUCLEO_F303K8/ARMC6/mbed-os/hal/source/mbed_ticker_api.o
    0x08005404   0x00000022   Code   RO        21580    .text.ticker_read_us  BUILD/NUCLEO_F303K8/ARMC6/mbed-os/hal/source/mbed_ticker_api.o
    0x08005426   0x00000002   PAD
    0x08005428   0x00000028   Code   RO        26971    .text.timer_irq_handler  BUILD/NUCLEO_F303K8/ARMC6/mbed-os/targets/TARGET_STM/us_ticker.o
    0x08005450   0x000000c0   Code   RO        21568    .text.update_present_time  BUILD/NUCLEO_F303K8/ARMC6/mbed-os/hal/source/mbed_ticker_api.o
    0x08005510   0x0000000c   Code   RO        26985    .text.us_ticker_clear_interrupt  BUILD/NUCLEO_F303K8/ARMC6/mbed-os/targets/TARGET_STM/us_ticker.o
    0x0800551c   0x00000010   Code   RO        26983    .text.us_ticker_disable_interrupt  BUILD/NUCLEO_F303K8/ARMC6/mbed-os/targets/TARGET_STM/us_ticker.o
    0x0800552c   0x0000001c   Code   RO        26981    .text.us_ticker_fire_interrupt  BUILD/NUCLEO_F303K8/ARMC6/mbed-os/targets/TARGET_STM/us_ticker.o
    0x08005548   0x00000008   Code   RO        26969    .text.us_ticker_get_info  BUILD/NUCLEO_F303K8/ARMC6/mbed-os/targets/TARGET_STM/us_ticker.o
    0x08005550   0x00000014   Code   RO        26975    .text.us_ticker_init  BUILD/NUCLEO_F303K8/ARMC6/mbed-os/targets/TARGET_STM/us_ticker.o
    0x08005564   0x00000014   Code   RO        21596    .text.us_ticker_irq_handler  BUILD/NUCLEO_F303K8/ARMC6/mbed-os/hal/source/mbed_us_ticker_api.o
    0x08005578   0x0000000c   Code   RO        26977    .text.us_ticker_read  BUILD/NUCLEO_F303K8/ARMC6/mbed-os/targets/TARGET_STM/us_ticker.o
    0x08005584   0x0000001c   Code   RO        26979    .text.us_ticker_set_interrupt  BUILD/NUCLEO_F303K8/ARMC6/mbed-os/targets/TARGET_STM/us_ticker.o
    0x080055a0   0x0000001e   Code   RO        22592    .text.wait_us       BUILD/NUCLEO_F303K8/ARMC6/mbed-os/platform/source/mbed_wait_api_no_rtos.o
    0x080055be   0x00000030   Code   RO        22400    .text.write         BUILD/NUCLEO_F303K8/ARMC6/mbed-os/platform/source/mbed_retarget.o
    0x080055ee   0x00000002   PAD
    0x080055f0   0x00000008   Code   RO        27569    i.__aeabi_errno_addr  /home/developer/.config/Mbed Studio/mbed-studio-tools/ac6/bin/../lib/armlib/mc_w.l(errno.o)
    0x080055f8   0x000000a0   Code   RO        27551    i.__aligned_malloc$2region  /home/developer/.config/Mbed Studio/mbed-studio-tools/ac6/bin/../lib/armlib/mc_w.l(malloca2.o)
    0x08005698   0x00000050   Code   RO        27552    i.__free$memalign$2region  /home/developer/.config/Mbed Studio/mbed-studio-tools/ac6/bin/../lib/armlib/mc_w.l(malloca2.o)
    0x080056e8   0x00000006   Code   RO        27553    i.__malloc$memalign$2region  /home/developer/.config/Mbed Studio/mbed-studio-tools/ac6/bin/../lib/armlib/mc_w.l(malloca2.o)
    0x080056ee   0x0000000e   Code   RO        27739    i.__scatterload_copy  /home/developer/.config/Mbed Studio/mbed-studio-tools/ac6/bin/../lib/armlib/mc_w.l(handlers.o)
    0x080056fc   0x00000002   Code   RO        27740    i.__scatterload_null  /home/developer/.config/Mbed Studio/mbed-studio-tools/ac6/bin/../lib/armlib/mc_w.l(handlers.o)
    0x080056fe   0x0000000e   Code   RO        27741    i.__scatterload_zeroinit  /home/developer/.config/Mbed Studio/mbed-studio-tools/ac6/bin/../lib/armlib/mc_w.l(handlers.o)
    0x0800570c   0x00000018   Code   RO        27411    i._fflush$full      /home/developer/.config/Mbed Studio/mbed-studio-tools/ac6/bin/../lib/armlib/mc_w.l(fflush_f.o)
    0x08005724   0x000000a0   Data   RO          225    .rodata             BUILD/NUCLEO_F303K8/ARMC6/mbed-os/cmsis/CMSIS_5/CMSIS/RTOS2/RTX/Source/rtx_lib.o
    0x080057c4   0x00000010   Data   RO          626    .rodata..L__const.mbed_rtos_init_singleton_mutex.singleton_mutex_attr  BUILD/NUCLEO_F303K8/ARMC6/mbed-os/cmsis/device/rtos/source/mbed_rtos_rtx.o
    0x080057d4   0x0000000c   Data   RO        26965    .rodata..Lswitch.table.spi_format.3  BUILD/NUCLEO_F303K8/ARMC6/mbed-os/targets/TARGET_STM/stm_spi_api.o
    0x080057e0   0x00000010   Data   RO        26481    .rodata.AHBPrescTable  BUILD/NUCLEO_F303K8/ARMC6/mbed-os/targets/TARGET_STM/TARGET_STM32F3/STM32Cube_FW/system_stm32f3xx.o
    0x080057f0   0x00000008   Data   RO        26482    .rodata.APBPrescTable  BUILD/NUCLEO_F303K8/ARMC6/mbed-os/targets/TARGET_STM/TARGET_STM32F3/STM32Cube_FW/system_stm32f3xx.o
    0x080057f8   0x00000024   Data   RO        26496    .rodata.PinMap_SPI_MISO  BUILD/NUCLEO_F303K8/ARMC6/mbed-os/targets/TARGET_STM/TARGET_STM32F3/TARGET_STM32F303x8/TARGET_NUCLEO_F303K8/PeripheralPins.o
    0x0800581c   0x00000024   Data   RO        26495    .rodata.PinMap_SPI_MOSI  BUILD/NUCLEO_F303K8/ARMC6/mbed-os/targets/TARGET_STM/TARGET_STM32F3/TARGET_STM32F303x8/TARGET_NUCLEO_F303K8/PeripheralPins.o
    0x08005840   0x00000024   Data   RO        26497    .rodata.PinMap_SPI_SCLK  BUILD/NUCLEO_F303K8/ARMC6/mbed-os/targets/TARGET_STM/TARGET_STM32F3/TARGET_STM32F303x8/TARGET_NUCLEO_F303K8/PeripheralPins.o
    0x08005864   0x00000018   Data   RO        26498    .rodata.PinMap_SPI_SSEL  BUILD/NUCLEO_F303K8/ARMC6/mbed-os/targets/TARGET_STM/TARGET_STM32F3/TARGET_STM32F303x8/TARGET_NUCLEO_F303K8/PeripheralPins.o
    0x0800587c   0x00000048   Data   RO        26492    .rodata.PinMap_UART_RX  BUILD/NUCLEO_F303K8/ARMC6/mbed-os/targets/TARGET_STM/TARGET_STM32F3/TARGET_STM32F303x8/TARGET_NUCLEO_F303K8/PeripheralPins.o
    0x080058c4   0x00000048   Data   RO        26491    .rodata.PinMap_UART_TX  BUILD/NUCLEO_F303K8/ARMC6/mbed-os/targets/TARGET_STM/TARGET_STM32F3/TARGET_STM32F303x8/TARGET_NUCLEO_F303K8/PeripheralPins.o
    0x0800590c   0x00000050   Data   RO        22525    .rodata._ZTV12DirectSerial  BUILD/NUCLEO_F303K8/ARMC6/mbed-os/platform/source/mbed_retarget.o
    0x0800595c   0x00000018   Data   RO        19199    .rodata._ZTVN4mbed6BusOutE  BUILD/NUCLEO_F303K8/ARMC6/mbed-os/drivers/source/BusOut.o
    0x08005974   0x00000018   Data   RO        27073    .rodata._ZTVN7roboken7SpiCommE  BUILD/NUCLEO_F303K8/ARMC6/roboken/drivers/comm/spi_comm/spi_comm.o
    0x0800598c   0x00000018   Data   RO        22532    .rodata._ZZL15default_consolevE14console_pinmap  BUILD/NUCLEO_F303K8/ARMC6/mbed-os/platform/source/mbed_retarget.o
    0x080059a4   0x00000010   Data   RO        25259    .rodata.aPLLMULFactorTable  BUILD/NUCLEO_F303K8/ARMC6/mbed-os/targets/TARGET_STM/TARGET_STM32F3/STM32Cube_FW/STM32F3xx_HAL_Driver/stm32f3xx_hal_rcc.o
    0x080059b4   0x00000010   Data   RO        25260    .rodata.aPredivFactorTable  BUILD/NUCLEO_F303K8/ARMC6/mbed-os/targets/TARGET_STM/TARGET_STM32F3/STM32Cube_FW/STM32F3xx_HAL_Driver/stm32f3xx_hal_rcc.o
    0x080059c4   0x00000040   Data   RO        26801    .rodata.ll_pin_defines  BUILD/NUCLEO_F303K8/ARMC6/mbed-os/targets/TARGET_STM/pinmap.o
    0x08005a04   0x00000004   Data   RO          227    .rodata.osRtxUserSVC  BUILD/NUCLEO_F303K8/ARMC6/mbed-os/cmsis/CMSIS_5/CMSIS/RTOS2/RTX/Source/rtx_lib.o
    0x08005a08   0x00000024   Data   RO          222    .rodata.os_idle_thread_attr  BUILD/NUCLEO_F303K8/ARMC6/mbed-os/cmsis/CMSIS_5/CMSIS/RTOS2/RTX/Source/rtx_lib.o
    0x08005a2c   0x00000018   Data   RO          224    .rodata.os_timer_mq_attr  BUILD/NUCLEO_F303K8/ARMC6/mbed-os/cmsis/CMSIS_5/CMSIS/RTOS2/RTX/Source/rtx_lib.o
    0x08005a44   0x00000024   Data   RO          223    .rodata.os_timer_thread_attr  BUILD/NUCLEO_F303K8/ARMC6/mbed-os/cmsis/CMSIS_5/CMSIS/RTOS2/RTX/Source/rtx_lib.o
    0x08005a68   0x00000013   Data   RO          228    .rodata.str1.1      BUILD/NUCLEO_F303K8/ARMC6/mbed-os/cmsis/CMSIS_5/CMSIS/RTOS2/RTX/Source/rtx_lib.o
    0x08005a7b   0x00000010   Data   RO          624    .rodata.str1.1      BUILD/NUCLEO_F303K8/ARMC6/mbed-os/cmsis/device/rtos/source/mbed_rtos_rtx.o
    0x08005a8b   0x000000c8   Data   RO        22083    .rodata.str1.1      BUILD/NUCLEO_F303K8/ARMC6/mbed-os/platform/source/TARGET_CORTEX_M/mbed_fault_handler.o
    0x08005b53   0x00000001   PAD
    0x08005b54   0x0000000b   Data   RO          217    .rodata.str1.4      BUILD/NUCLEO_F303K8/ARMC6/mbed-os/cmsis/CMSIS_5/CMSIS/RTOS2/RTX/Source/rtx_kernel.o
    0x08005b5f   0x00000001   PAD
    0x08005b60   0x00000008   Data   RO        21600    .rodata.us_data     BUILD/NUCLEO_F303K8/ARMC6/mbed-os/hal/source/mbed_us_ticker_api.o
    0x08005b68   0x00000024   Data   RO        21602    .rodata.us_interface  BUILD/NUCLEO_F303K8/ARMC6/mbed-os/hal/source/mbed_us_ticker_api.o
    0x08005b8c   0x00000008   Data   RO        26993    .rodata.us_ticker_get_info.info  BUILD/NUCLEO_F303K8/ARMC6/mbed-os/targets/TARGET_STM/us_ticker.o
    0x08005b94   0x00000020   Data   RO        27738    Region$$Table       anon$$obj.o
    0x08005bb4   0x00000004   Data   RO           29    .init_array         BUILD/NUCLEO_F303K8/ARMC6/main.o
    0x08005bb8   0x00000004   Data   RO        27022    .init_array         BUILD/NUCLEO_F303K8/ARMC6/roboken/debugger/debugger.o
    0x08005bbc   0x00000004   Data   RO        27074    .init_array         BUILD/NUCLEO_F303K8/ARMC6/roboken/drivers/comm/spi_comm/spi_comm.o
    0x08005bc0   0x00000004   Data   RO        27229    .init_array         BUILD/NUCLEO_F303K8/ARMC6/roboken/drivers/solenoid/solenoid.o
    0x08005bc4   0x00000000   Data   RO        27593    .init_array         /home/developer/.config/Mbed Studio/mbed-studio-tools/ac6/bin/../lib/armlib/mc_w.l(cpp_init.o)


    Execution Region RW_IRAM1 (Base: 0x20000188, Size: 0x00001df8, Max: 0xffffffff, ABSOLUTE)

    Base Addr    Size         Type   Attr      Idx    E Section Name        Object

    0x20000188   0x00000004   Data   RW        27572    .data               /home/developer/.config/Mbed Studio/mbed-studio-tools/ac6/bin/../lib/armlib/mc_w.l(errno.o)
    0x2000018c   0x00000004   Data   RW        27688    .data               /home/developer/.config/Mbed Studio/mbed-studio-tools/ac6/bin/../lib/armlib/mc_w.l(mvars.o)
    0x20000190   0x00000004   Data   RW        27689    .data               /home/developer/.config/Mbed Studio/mbed-studio-tools/ac6/bin/../lib/armlib/mc_w.l(mvars.o)
    0x20000194   0x00000008   Data   RW        24468    .data..L_MergedGlobals  BUILD/NUCLEO_F303K8/ARMC6/mbed-os/targets/TARGET_STM/TARGET_STM32F3/STM32Cube_FW/STM32F3xx_HAL_Driver/stm32f3xx_hal.o
    0x2000019c   0x00000004   Data   RW        26480    .data.SystemCoreClock  BUILD/NUCLEO_F303K8/ARMC6/mbed-os/targets/TARGET_STM/TARGET_STM32F3/STM32Cube_FW/system_stm32f3xx.o
    0x200001a0   0x00000040   Data   RW        22531    .data._ZL11filehandles  BUILD/NUCLEO_F303K8/ARMC6/mbed-os/platform/source/mbed_retarget.o
    0x200001e0   0x00000004   Data   RW          649    .data._ZL14idle_hook_fptr  BUILD/NUCLEO_F303K8/ARMC6/mbed-os/cmsis/device/rtos/source/mbed_rtx_idle.o
    0x200001e4   0x00000004   Data   RW        21601    .data.irq_handler   BUILD/NUCLEO_F303K8/ARMC6/mbed-os/hal/source/mbed_us_ticker_api.o
    0x200001e8   0x000000a4   Data   RW          218    .data.os            BUILD/NUCLEO_F303K8/ARMC6/mbed-os/cmsis/CMSIS_5/CMSIS/RTOS2/RTX/Source/rtx_kernel.o
    0x2000028c   0x00000014   Zero   RW        27447    .bss                /home/developer/.config/Mbed Studio/mbed-studio-tools/ac6/bin/../lib/armlib/mc_w.l(stdout_f.o)
    0x200002a0   0x00000014   Zero   RW        27448    .bss                /home/developer/.config/Mbed Studio/mbed-studio-tools/ac6/bin/../lib/armlib/mc_w.l(stderr_f.o)
    0x200002b4   0x00000002   Zero   RW        21495    .bss..L_MergedGlobals  BUILD/NUCLEO_F303K8/ARMC6/mbed-os/hal/source/mbed_critical_section_api.o
    0x200002b6   0x00000002   PAD
    0x200002b8   0x00000030   Zero   RW        21822    .bss..L_MergedGlobals  BUILD/NUCLEO_F303K8/ARMC6/mbed-os/platform/source/FileBase.o
    0x200002e8   0x00000070   Zero   RW        22261    .bss..L_MergedGlobals  BUILD/NUCLEO_F303K8/ARMC6/mbed-os/platform/source/mbed_error.o
    0x20000358   0x00000028   Zero   RW        22533    .bss..L_MergedGlobals  BUILD/NUCLEO_F303K8/ARMC6/mbed-os/platform/source/mbed_retarget.o
    0x20000380   0x00000008   Zero   RW        26633    .bss..L_MergedGlobals  BUILD/NUCLEO_F303K8/ARMC6/mbed-os/targets/TARGET_STM/can_api.o
    0x20000388   0x0000000c   Zero   RW        26686    .bss..L_MergedGlobals  BUILD/NUCLEO_F303K8/ARMC6/mbed-os/targets/TARGET_STM/hal_tick_overrides.o
    0x20000394   0x00000028   Zero   RW        26902    .bss..L_MergedGlobals  BUILD/NUCLEO_F303K8/ARMC6/mbed-os/targets/TARGET_STM/serial_api.o
    0x200003bc   0x0000004c   Zero   RW        26994    .bss..L_MergedGlobals  BUILD/NUCLEO_F303K8/ARMC6/mbed-os/targets/TARGET_STM/us_ticker.o
    0x20000408   0x00000028   Zero   RW        27023    .bss..L_MergedGlobals  BUILD/NUCLEO_F303K8/ARMC6/roboken/debugger/debugger.o
    0x20000430   0x0000000c   Zero   RW        27075    .bss..L_MergedGlobals  BUILD/NUCLEO_F303K8/ARMC6/roboken/drivers/comm/spi_comm/spi_comm.o
    0x2000043c   0x00000064   Zero   RW        27230    .bss..L_MergedGlobals  BUILD/NUCLEO_F303K8/ARMC6/roboken/drivers/solenoid/solenoid.o
    0x200004a0   0x00000001   Zero   RW          586    .bss.PendST         BUILD/NUCLEO_F303K8/ARMC6/mbed-os/cmsis/CMSIS_5/CMSIS/RTOS2/Source/os_systick.o
    0x200004a1   0x00000003   PAD
    0x200004a4   0x00000028   Zero   RW        22524    .bss._ZL16filehandle_mutex  BUILD/NUCLEO_F303K8/ARMC6/mbed-os/platform/source/mbed_retarget.o
    0x200004cc   0x0000009c   Zero   RW        27071    .bss._ZN7roboken7SpiComm5m_spiE  BUILD/NUCLEO_F303K8/ARMC6/roboken/drivers/comm/spi_comm/spi_comm.o
    0x20000568   0x00000024   Zero   RW        27072    .bss._ZN7roboken7SpiComm8m_lockerE  BUILD/NUCLEO_F303K8/ARMC6/roboken/drivers/comm/spi_comm/spi_comm.o
    0x2000058c   0x00000004   PAD
    0x20000590   0x00001000   Zero   RW          621    .bss._main_stack    BUILD/NUCLEO_F303K8/ARMC6/mbed-os/cmsis/device/rtos/source/mbed_rtos_rtx.o
    0x20001590   0x00000024   Zero   RW          622    .bss._main_thread_attr  BUILD/NUCLEO_F303K8/ARMC6/mbed-os/cmsis/device/rtos/source/mbed_rtos_rtx.o
    0x200015b4   0x00000090   Zero   RW           27    .bss.coord          BUILD/NUCLEO_F303K8/ARMC6/main.o
    0x20001644   0x00000004   Zero   RW        22216    .bss.critical_section_reentrancy_counter  BUILD/NUCLEO_F303K8/ARMC6/mbed-os/platform/source/mbed_critical.o
    0x20001648   0x00000002   Zero   RW        22349    .bss.deep_sleep_lock  BUILD/NUCLEO_F303K8/ARMC6/mbed-os/platform/source/mbed_power_mgmt.o
    0x2000164a   0x00000006   PAD
    0x20001650   0x00000040   Zero   RW        21603    .bss.events         BUILD/NUCLEO_F303K8/ARMC6/mbed-os/hal/source/mbed_us_ticker_api.o
    0x20001690   0x00000001   Zero   RW        22260    .bss.halt_in_progress  BUILD/NUCLEO_F303K8/ARMC6/mbed-os/platform/source/mbed_error.o
    0x20001691   0x00000001   Zero   RW        22259    .bss.mbed_error_in_progress  BUILD/NUCLEO_F303K8/ARMC6/mbed-os/platform/source/mbed_error.o
    0x20001692   0x00000002   PAD
    0x20001694   0x00000054   Zero   RW        22084    .bss.mbed_fault_context  BUILD/NUCLEO_F303K8/ARMC6/mbed-os/platform/source/TARGET_CORTEX_M/mbed_fault_handler.o
    0x200016e8   0x00000004   Zero   RW        22523    .bss.mbed_heap_size  BUILD/NUCLEO_F303K8/ARMC6/mbed-os/platform/source/mbed_retarget.o
    0x200016ec   0x00000004   Zero   RW        22522    .bss.mbed_heap_start  BUILD/NUCLEO_F303K8/ARMC6/mbed-os/platform/source/mbed_retarget.o
    0x200016f0   0x00000004   Zero   RW        26791    .bss.mbed_sdk_inited  BUILD/NUCLEO_F303K8/ARMC6/mbed-os/targets/TARGET_STM/mbed_overrides.o
    0x200016f4   0x00000004   Zero   RW          612    .bss.mbed_stack_isr_size  BUILD/NUCLEO_F303K8/ARMC6/mbed-os/cmsis/device/rtos/source/mbed_boot.o
    0x200016f8   0x00000004   Zero   RW          611    .bss.mbed_stack_isr_start  BUILD/NUCLEO_F303K8/ARMC6/mbed-os/cmsis/device/rtos/source/mbed_boot.o
    0x200016fc   0x00000040   Zero   RW          221    .bss.os             BUILD/NUCLEO_F303K8/ARMC6/mbed-os/cmsis/CMSIS_5/CMSIS/RTOS2/RTX/Source/rtx_lib.o
    0x2000173c   0x00000034   Zero   RW          231    .bss.os.msgqueue.cb  BUILD/NUCLEO_F303K8/ARMC6/mbed-os/cmsis/CMSIS_5/CMSIS/RTOS2/RTX/Source/rtx_lib.o
    0x20001770   0x00000050   Zero   RW          232    .bss.os.msgqueue.mem  BUILD/NUCLEO_F303K8/ARMC6/mbed-os/cmsis/CMSIS_5/CMSIS/RTOS2/RTX/Source/rtx_lib.o
    0x200017c0   0x00000088   Zero   RW          229    .bss.os.thread.cb   BUILD/NUCLEO_F303K8/ARMC6/mbed-os/cmsis/CMSIS_5/CMSIS/RTOS2/RTX/Source/rtx_lib.o
    0x20001848   0x00000044   Zero   RW          623    .bss.os.thread.cb   BUILD/NUCLEO_F303K8/ARMC6/mbed-os/cmsis/device/rtos/source/mbed_rtos_rtx.o
    0x2000188c   0x00000004   PAD
    0x20001890   0x00000500   Zero   RW          230    .bss.os.thread.stack  BUILD/NUCLEO_F303K8/ARMC6/mbed-os/cmsis/CMSIS_5/CMSIS/RTOS2/RTX/Source/rtx_lib.o
    0x20001d90   0x00000004   Zero   RW          627    .bss.singleton_mutex_id  BUILD/NUCLEO_F303K8/ARMC6/mbed-os/cmsis/device/rtos/source/mbed_rtos_rtx.o
    0x20001d94   0x0000001c   Zero   RW          625    .bss.singleton_mutex_obj  BUILD/NUCLEO_F303K8/ARMC6/mbed-os/cmsis/device/rtos/source/mbed_rtos_rtx.o
    0x20001db0   0x00000004   Zero   RW          640    .bss.terminate_hook  BUILD/NUCLEO_F303K8/ARMC6/mbed-os/cmsis/device/rtos/source/mbed_rtx_handlers.o
    0x20001db4   0x00000180   Zero   RW        26555    .bss.uart_handlers  BUILD/NUCLEO_F303K8/ARMC6/mbed-os/targets/TARGET_STM/TARGET_STM32F3/serial_device.o
    0x20001f34   0x0000004c   Zero   RW           28    .bss.unit           BUILD/NUCLEO_F303K8/ARMC6/main.o


    Execution Region ARM_LIB_HEAP (Base: 0x20001f80, Size: 0x00000c80, Max: 0x00000c80, ABSOLUTE)

    Base Addr    Size         Type   Attr      Idx    E Section Name        Object

    0x20001f80   0x00000c80   Zero   RW            1    ARM_LIB_HEAP.bss    anon$$obj.o


    Execution Region ARM_LIB_STACK (Base: 0x20002c00, Size: 0x00000400, Max: 0x00000400, ABSOLUTE)

    Base Addr    Size         Type   Attr      Idx    E Section Name        Object

    0x20002c00   0x00000400   Zero   RW            2    ARM_LIB_STACK.bss   anon$$obj.o


==============================================================================

Image component sizes


      Code (inc. data)   RO Data    RW Data    ZI Data      Debug   

     21092       1714       1576        248      11596      29876   Object Totals
         0          0         32          0       4224          0   (incl. Generated)
        54          0          2          0         21          0   (incl. Padding)
       824         58          0         12         40       1392   Library Totals
         0          0          0          0          0          0   (incl. Padding)

==============================================================================


      Code (inc. data)   RO Data    RW Data    ZI Data      Debug   

     21916       1772       1576        260      11636      29156   Grand Totals
     21916       1772       1576        260      11636      29156   ELF Image Totals
     21916       1772       1576        260          0          0   ROM Totals

==============================================================================

    Total RO  Size (Code + RO Data)                23492 (  22.94kB)
    Total RW  Size (RW Data + ZI Data)             11896 (  11.62kB)
    Total ROM Size (Code + RO Data + RW Data)      23752 (  23.20kB)

==============================================================================

