Component: ARM Compiler 6.14 Tool: armlink [5db06800]

==============================================================================

Memory Map of the image

  Image Entry point : 0x00000301

  Load Region LR_IROM1 (Base: 0x00000000, Size: 0x000084b4, Max: 0x00080000, ABSOLUTE)

    Execution Region ER_IROM0 (Base: 0x00000000, Size: 0x000000c4, Max: 0x000002fc, ABSOLUTE)

    Base Addr    Size         Type   Attr      Idx    E Section Name        Object

    0x00000000   0x000000c4   Data   RO        24702    RESET               BUILD/LPC1768/ARMC6/mbed-os/targets/TARGET_NXP/TARGET_LPC176X/device/TOOLCHAIN_ARM_STD/startup_LPC17xx.o


    Execution Region ER_CRP (Base: 0x000002fc, Size: 0x00000004, Max: 0x00000004, ABSOLUTE, FIXED)

    Base Addr    Size         Type   Attr      Idx    E Section Name        Object

    0x000002fc   0x00000004   Data   RO        24701    .CRPSection         BUILD/LPC1768/ARMC6/mbed-os/targets/TARGET_NXP/TARGET_LPC176X/device/CRP.o


    Execution Region ER_IROM1 (Base: 0x00000300, Size: 0x000080b4, Max: 0x0007fd00, ABSOLUTE, FIXED)

    Base Addr    Size         Type   Attr      Idx    E Section Name        Object

    0x00000300   0x00000008   Code   RO        25671  * !!!main             /home/developer/.config/Mbed Studio/mbed-studio-tools/ac6/bin/../lib/armlib/c_w.l(__main.o)
    0x00000308   0x00000034   Code   RO        26300    !!!scatter          /home/developer/.config/Mbed Studio/mbed-studio-tools/ac6/bin/../lib/armlib/c_w.l(__scatter.o)
    0x0000033c   0x0000001a   Code   RO        26302    !!handler_copy      /home/developer/.config/Mbed Studio/mbed-studio-tools/ac6/bin/../lib/armlib/c_w.l(__scatter_copy.o)
    0x00000356   0x00000002   PAD
    0x00000358   0x0000001c   Code   RO        26304    !!handler_zi        /home/developer/.config/Mbed Studio/mbed-studio-tools/ac6/bin/../lib/armlib/c_w.l(__scatter_zi.o)
    0x00000374   0x00000002   Code   RO        25670    .ARM.Collect$$libinit$$00000000  /home/developer/.config/Mbed Studio/mbed-studio-tools/ac6/bin/../lib/armlib/c_w.l(libinit.o)
    0x00000376   0x00000000   Code   RO        25922    .ARM.Collect$$libinit$$00000002  /home/developer/.config/Mbed Studio/mbed-studio-tools/ac6/bin/../lib/armlib/c_w.l(libinit2.o)
    0x00000376   0x00000000   Code   RO        25924    .ARM.Collect$$libinit$$00000004  /home/developer/.config/Mbed Studio/mbed-studio-tools/ac6/bin/../lib/armlib/c_w.l(libinit2.o)
    0x00000376   0x00000008   Code   RO        25925    .ARM.Collect$$libinit$$00000005  /home/developer/.config/Mbed Studio/mbed-studio-tools/ac6/bin/../lib/armlib/c_w.l(libinit2.o)
    0x0000037e   0x00000000   Code   RO        25927    .ARM.Collect$$libinit$$0000000A  /home/developer/.config/Mbed Studio/mbed-studio-tools/ac6/bin/../lib/armlib/c_w.l(libinit2.o)
    0x0000037e   0x00000000   Code   RO        25929    .ARM.Collect$$libinit$$0000000C  /home/developer/.config/Mbed Studio/mbed-studio-tools/ac6/bin/../lib/armlib/c_w.l(libinit2.o)
    0x0000037e   0x00000000   Code   RO        25931    .ARM.Collect$$libinit$$0000000E  /home/developer/.config/Mbed Studio/mbed-studio-tools/ac6/bin/../lib/armlib/c_w.l(libinit2.o)
    0x0000037e   0x00000000   Code   RO        25934    .ARM.Collect$$libinit$$00000011  /home/developer/.config/Mbed Studio/mbed-studio-tools/ac6/bin/../lib/armlib/c_w.l(libinit2.o)
    0x0000037e   0x00000000   Code   RO        25936    .ARM.Collect$$libinit$$00000013  /home/developer/.config/Mbed Studio/mbed-studio-tools/ac6/bin/../lib/armlib/c_w.l(libinit2.o)
    0x0000037e   0x00000000   Code   RO        25938    .ARM.Collect$$libinit$$00000015  /home/developer/.config/Mbed Studio/mbed-studio-tools/ac6/bin/../lib/armlib/c_w.l(libinit2.o)
    0x0000037e   0x00000000   Code   RO        25940    .ARM.Collect$$libinit$$00000017  /home/developer/.config/Mbed Studio/mbed-studio-tools/ac6/bin/../lib/armlib/c_w.l(libinit2.o)
    0x0000037e   0x00000000   Code   RO        25942    .ARM.Collect$$libinit$$00000019  /home/developer/.config/Mbed Studio/mbed-studio-tools/ac6/bin/../lib/armlib/c_w.l(libinit2.o)
    0x0000037e   0x00000000   Code   RO        25944    .ARM.Collect$$libinit$$0000001B  /home/developer/.config/Mbed Studio/mbed-studio-tools/ac6/bin/../lib/armlib/c_w.l(libinit2.o)
    0x0000037e   0x00000000   Code   RO        25946    .ARM.Collect$$libinit$$0000001D  /home/developer/.config/Mbed Studio/mbed-studio-tools/ac6/bin/../lib/armlib/c_w.l(libinit2.o)
    0x0000037e   0x00000000   Code   RO        25948    .ARM.Collect$$libinit$$0000001F  /home/developer/.config/Mbed Studio/mbed-studio-tools/ac6/bin/../lib/armlib/c_w.l(libinit2.o)
    0x0000037e   0x00000000   Code   RO        25950    .ARM.Collect$$libinit$$00000021  /home/developer/.config/Mbed Studio/mbed-studio-tools/ac6/bin/../lib/armlib/c_w.l(libinit2.o)
    0x0000037e   0x00000000   Code   RO        25952    .ARM.Collect$$libinit$$00000023  /home/developer/.config/Mbed Studio/mbed-studio-tools/ac6/bin/../lib/armlib/c_w.l(libinit2.o)
[...]
    0x00000a66   0x00000002   PAD
    0x00000a68   0x00000090   Code   RO        25607    .text               /home/developer/.config/Mbed Studio/mbed-studio-tools/ac6/bin/../lib/armlib/c_w.l(fflush_locked.o)
    0x00000af8   0x0000014c   Code   RO        25609    .text               /home/developer/.config/Mbed Studio/mbed-studio-tools/ac6/bin/../lib/armlib/c_w.l(fopen_locked.o)
    0x00000c44   0x0000001c   Code   RO        25625    .text               /home/developer/.config/Mbed Studio/mbed-studio-tools/ac6/bin/../lib/armlib/c_w.l(strspn.o)
    0x00000c60   0x00000058   Code   RO        25629    .text               /home/developer/.config/Mbed Studio/mbed-studio-tools/ac6/bin/../lib/armlib/c_w.l(memcmp.o)
    0x00000cb8   0x0000003e   Code   RO        25635    .text               /home/developer/.config/Mbed Studio/mbed-studio-tools/ac6/bin/../lib/armlib/c_w.l(strlen.o)
    0x00000cf6   0x0000008a   Code   RO        25643    .text               /home/developer/.config/Mbed Studio/mbed-studio-tools/ac6/bin/../lib/armlib/c_w.l(rt_memcpy_v6.o)
    0x00000d80   0x00000064   Code   RO        25647    .text               /home/developer/.config/Mbed Studio/mbed-studio-tools/ac6/bin/../lib/armlib/c_w.l(rt_memcpy_w.o)
    0x00000de4   0x00000044   Code   RO        25657    .text               /home/developer/.config/Mbed Studio/mbed-studio-tools/ac6/bin/../lib/armlib/c_w.l(rt_memclr.o)
    0x00000e28   0x0000004e   Code   RO        25659    .text               /home/developer/.config/Mbed Studio/mbed-studio-tools/ac6/bin/../lib/armlib/c_w.l(rt_memclr_w.o)
    0x00000e76   0x00000002   PAD
    0x00000e78   0x00000080   Code   RO        25663    .text               /home/developer/.config/Mbed Studio/mbed-studio-tools/ac6/bin/../lib/armlib/c_w.l(strcmpv7m.o)
    0x00000ef8   0x00000006   Code   RO        25668    .text               /home/developer/.config/Mbed Studio/mbed-studio-tools/ac6/bin/../lib/armlib/c_w.l(heapauxi.o)
    0x00000efe   0x00000002   PAD
    0x00000f00   0x00000024   Code   RO        25676    .text               /home/developer/.config/Mbed Studio/mbed-studio-tools/ac6/bin/../lib/armlib/c_w.l(init_aeabi.o)
    0x00000f24   0x00000008   Code   RO        25820    .text               /home/developer/.config/Mbed Studio/mbed-studio-tools/ac6/bin/../lib/armlib/c_w.l(libspace.o)
    0x00000f2c   0x00000002   Code   RO        25823    .text               /home/developer/.config/Mbed Studio/mbed-studio-tools/ac6/bin/../lib/armlib/c_w.l(use_no_semi.o)
    0x00000f2e   0x0000000a   Code   RO        25834    .text               /home/developer/.config/Mbed Studio/mbed-studio-tools/ac6/bin/../lib/armlib/c_w.l(rt_heap_descriptor_twolibspace.o)
    0x00000f38   0x00000004   Code   RO        25843    .text               /home/developer/.config/Mbed Studio/mbed-studio-tools/ac6/bin/../lib/armlib/c_w.l(hguard.o)
    0x00000f3c   0x0000008a   Code   RO        25845    .text               /home/developer/.config/Mbed Studio/mbed-studio-tools/ac6/bin/../lib/armlib/c_w.l(init_alloc.o)
    0x00000fc6   0x00000012   Code   RO        25853    .text               /home/developer/.config/Mbed Studio/mbed-studio-tools/ac6/bin/../lib/armlib/c_w.l(h1_init_threads.o)
    0x00000fd8   0x0000001c   Code   RO        25869    .text               /home/developer/.config/Mbed Studio/mbed-studio-tools/ac6/bin/../lib/armlib/c_w.l(_chval.o)
    0x00000ff4   0x000001d6   Code   RO        25893    .text               /home/developer/.config/Mbed Studio/mbed-studio-tools/ac6/bin/../lib/armlib/c_w.l(flsbuf.o)
    0x000011ca   0x00000002   PAD
    0x000011cc   0x000000f0   Code   RO        25897    .text               /home/developer/.config/Mbed Studio/mbed-studio-tools/ac6/bin/../lib/armlib/c_w.l(stdio.o)
    0x000012bc   0x00000068   Code   RO        25906    .text               /home/developer/.config/Mbed Studio/mbed-studio-tools/ac6/bin/../lib/armlib/c_w.l(setvbuf_locked.o)
    0x00001324   0x000001c8   Code   RO        25908    .text               /home/developer/.config/Mbed Studio/mbed-studio-tools/ac6/bin/../lib/armlib/c_w.l(initio_locked.o)
    0x000014ec   0x00000000   Code   RO        26054    .text               /home/developer/.config/Mbed Studio/mbed-studio-tools/ac6/bin/../lib/armlib/c_w.l(maybetermalloc2.o)
    0x000014ec   0x00000052   Code   RO        26057    .text               /home/developer/.config/Mbed Studio/mbed-studio-tools/ac6/bin/../lib/armlib/c_w.l(h1_extend_threads.o)
    0x0000153e   0x00000002   PAD
    0x00001540   0x00000040   Code   RO        26087    .text               /home/developer/.config/Mbed Studio/mbed-studio-tools/ac6/bin/../lib/armlib/c_w.l(puts_locked.o)
    0x00001580   0x0000000e   Code   RO        26105    .text               /home/developer/.config/Mbed Studio/mbed-studio-tools/ac6/bin/../lib/armlib/c_w.l(defsig_rtred_outer.o)
    0x0000158e   0x0000000e   Code   RO        26109    .text               /home/developer/.config/Mbed Studio/mbed-studio-tools/ac6/bin/../lib/armlib/c_w.l(defsig_rtmem_outer.o)
    0x0000159c   0x00000010   Code   RO        26155    .text               /home/developer/.config/Mbed Studio/mbed-studio-tools/ac6/bin/../lib/armlib/c_w.l(term_alloc.o)
    0x000015ac   0x0000000a   Code   RO        26192    .text               /home/developer/.config/Mbed Studio/mbed-studio-tools/ac6/bin/../lib/armlib/c_w.l(defsig_exit.o)
    0x000015b6   0x00000002   PAD
    0x000015b8   0x00000034   Code   RO        26200    .text               /home/developer/.config/Mbed Studio/mbed-studio-tools/ac6/bin/../lib/armlib/c_w.l(defsig_rtred_inner.o)
    0x000015ec   0x00000050   Code   RO        26202    .text               /home/developer/.config/Mbed Studio/mbed-studio-tools/ac6/bin/../lib/armlib/c_w.l(defsig_rtmem_inner.o)
    0x0000163c   0x0000000a   Code   RO        26230    .text               /home/developer/.config/Mbed Studio/mbed-studio-tools/ac6/bin/../lib/armlib/c_w.l(h1_final_threads.o)
    0x00001646   0x00000032   Code   RO        26240    .text               /home/developer/.config/Mbed Studio/mbed-studio-tools/ac6/bin/../lib/armlib/c_w.l(defsig_general.o)
    0x00001678   0x0000002c   Code   RO        22850    .text.$Sub$$__2printf  BUILD/LPC1768/ARMC6/mbed-os/platform/source/minimal-printf/mbed_printf_armlink_overrides.o
    0x000016a4   0x00000028   Code   RO        22639    .text.$Sub$$__rt_lib_init  BUILD/LPC1768/ARMC6/mbed-os/platform/source/mbed_retarget.o
    0x000016cc   0x00000004   Code   RO        22880    .text.$Sub$$_printf_d  BUILD/LPC1768/ARMC6/mbed-os/platform/source/minimal-printf/mbed_printf_armlink_overrides.o
    0x000016d0   0x00000004   Code   RO        22908    .text.$Sub$$_printf_int_dec  BUILD/LPC1768/ARMC6/mbed-os/platform/source/minimal-printf/mbed_printf_armlink_overrides.o
    0x000016d4   0x00000004   Code   RO        22954    .text.$Sub$$_printf_percent  BUILD/LPC1768/ARMC6/mbed-os/platform/source/minimal-printf/mbed_printf_armlink_overrides.o
    0x000016d8   0x00000004   Code   RO        22958    .text.$Sub$$_printf_s  BUILD/LPC1768/ARMC6/mbed-os/platform/source/minimal-printf/mbed_printf_armlink_overrides.o
    0x000016dc   0x00000004   Code   RO        22960    .text.$Sub$$_printf_str  BUILD/LPC1768/ARMC6/mbed-os/platform/source/minimal-printf/mbed_printf_armlink_overrides.o
    0x000016e0   0x0000000c   Code   RO        23002    .text.$Sub$$vsnprintf  BUILD/LPC1768/ARMC6/mbed-os/platform/source/minimal-printf/mbed_printf_wrapper.o
    0x000016ec   0x00000014   Code   RO        23000    .text.$Sub$$vsprintf  BUILD/LPC1768/ARMC6/mbed-os/platform/source/minimal-printf/mbed_printf_wrapper.o
    0x00001700   0x00000014   Code   RO          682    .text.EvrRtxThreadExit  BUILD/LPC1768/ARMC6/mbed-os/cmsis/device/rtos/source/mbed_rtx_handlers.o
    0x00001714   0x00000010   Code   RO          684    .text.EvrRtxThreadTerminate  BUILD/LPC1768/ARMC6/mbed-os/cmsis/device/rtos/source/mbed_rtx_handlers.o
    0x00001724   0x00000040   Code   RO          360    .text.MessageQueueGet  BUILD/LPC1768/ARMC6/mbed-os/cmsis/CMSIS_5/CMSIS/RTOS2/RTX/Source/rtx_msgqueue.o
    0x00001764   0x00000058   Code   RO          354    .text.MessageQueuePut  BUILD/LPC1768/ARMC6/mbed-os/cmsis/CMSIS_5/CMSIS/RTOS2/RTX/Source/rtx_msgqueue.o
    0x000017bc   0x0000001c   Code   RO          352    .text.MessageQueueRemove  BUILD/LPC1768/ARMC6/mbed-os/cmsis/CMSIS_5/CMSIS/RTOS2/RTX/Source/rtx_msgqueue.o
    0x000017d8   0x00000008   Code   RO          606    .text.OS_Tick_AcknowledgeIRQ  BUILD/LPC1768/ARMC6/mbed-os/cmsis/CMSIS_5/CMSIS/RTOS2/Source/os_systick.o
    0x000017e0   0x00000024   Code   RO          602    .text.OS_Tick_Enable  BUILD/LPC1768/ARMC6/mbed-os/cmsis/CMSIS_5/CMSIS/RTOS2/Source/os_systick.o
    0x00001804   0x00000040   Code   RO          600    .text.OS_Tick_Setup  BUILD/LPC1768/ARMC6/mbed-os/cmsis/CMSIS_5/CMSIS/RTOS2/Source/os_systick.o
    0x00001844   0x0000002e   Code   RO          422    .text.SemaphoreTokenIncrement  BUILD/LPC1768/ARMC6/mbed-os/cmsis/CMSIS_5/CMSIS/RTOS2/RTX/Source/rtx_semaphore.o
    0x00001872   0x00000002   PAD
    0x00001874   0x0000009c   Code   RO        24731    .text.SystemInit    BUILD/LPC1768/ARMC6/mbed-os/targets/TARGET_NXP/TARGET_LPC176X/device/system_LPC17xx.o
    0x00001910   0x0000006e   Code   RO          520    .text.ThreadFlagsCheck  BUILD/LPC1768/ARMC6/mbed-os/cmsis/CMSIS_5/CMSIS/RTOS2/RTX/Source/rtx_thread.o
    0x0000197e   0x00000002   PAD
    0x00001980   0x00000048   Code   RO          582    .text.TimerInsert   BUILD/LPC1768/ARMC6/mbed-os/cmsis/CMSIS_5/CMSIS/RTOS2/RTX/Source/rtx_timer.o
    0x000019c8   0x0000000c   Code   RO        25128    .text._GLOBAL__sub_I_debugger.cpp  BUILD/LPC1768/ARMC6/roboken/debugger/debugger.o
    0x000019d4   0x0000002c   Code   RO           49    .text._GLOBAL__sub_I_main.cpp  BUILD/LPC1768/ARMC6/main.o
    0x00001a00   0x0000000c   Code   RO        25427    .text._GLOBAL__sub_I_solenoid.cpp  BUILD/LPC1768/ARMC6/roboken/drivers/solenoid/solenoid.o
    0x00001a0c   0x0000000c   Code   RO        25177    .text._GLOBAL__sub_I_spi_comm.cpp  BUILD/LPC1768/ARMC6/roboken/drivers/comm/spi_comm/spi_comm.o
    0x00001a18   0x000000e0   Code   RO           45    .text._Z11manual_unitv  BUILD/LPC1768/ARMC6/main.o
    0x00001af8   0x00000190   Code   RO           43    .text._Z12manual_coordv  BUILD/LPC1768/ARMC6/main.o
    0x00001c88   0x0000000e   Code   RO        22611    .text._ZL12convert_crlfi  BUILD/LPC1768/ARMC6/mbed-os/platform/source/mbed_retarget.o
    0x00001c96   0x00000002   PAD
    0x00001c98   0x00000010   Code   RO        18460    .text._ZL14singleton_lockv  BUILD/LPC1768/ARMC6/mbed-os/connectivity/netsocket/source/nsapi_dns.o
    0x00001ca8   0x00000010   Code   RO        22707    .text._ZL14singleton_lockv  BUILD/LPC1768/ARMC6/mbed-os/platform/source/mbed_retarget.o
    0x00001cb8   0x0000000c   Code   RO        18462    .text._ZL16singleton_unlockv  BUILD/LPC1768/ARMC6/mbed-os/connectivity/netsocket/source/nsapi_dns.o
    0x00001cc4   0x00000010   Code   RO        22709    .text._ZL16singleton_unlockv  BUILD/LPC1768/ARMC6/mbed-os/platform/source/mbed_retarget.o
    0x00001cd4   0x0000001a   Code   RO          691    .text._ZL17default_idle_hookv  BUILD/LPC1768/ARMC6/mbed-os/cmsis/device/rtos/source/mbed_rtx_idle.o
    0x00001cee   0x00000002   PAD
    0x00001cf0   0x00000018   Code   RO        22603    .text._ZL18handle_open_errorsij  BUILD/LPC1768/ARMC6/mbed-os/platform/source/mbed_retarget.o
    0x00001d08   0x0000004c   Code   RO        22589    .text._ZL18reserve_filehandlev  BUILD/LPC1768/ARMC6/mbed-os/platform/source/mbed_retarget.o
    0x00001d54   0x00000018   Code   RO        22573    .text._ZN12DirectSerial4readEPvj  BUILD/LPC1768/ARMC6/mbed-os/platform/source/mbed_retarget.o
    0x00001d6c   0x00000006   Code   RO        22753    .text._ZN12DirectSerial4seekEli  BUILD/LPC1768/ARMC6/mbed-os/platform/source/mbed_retarget.o
    0x00001d72   0x00000006   Code   RO        22759    .text._ZN12DirectSerial4sizeEv  BUILD/LPC1768/ARMC6/mbed-os/platform/source/mbed_retarget.o
    0x00001d78   0x00000004   Code   RO        22755    .text._ZN12DirectSerial5closeEv  BUILD/LPC1768/ARMC6/mbed-os/platform/source/mbed_retarget.o
    0x00001d7c   0x00000020   Code   RO        22571    .text._ZN12DirectSerial5writeEPKvj  BUILD/LPC1768/ARMC6/mbed-os/platform/source/mbed_retarget.o
    0x00001d9c   0x00000004   Code   RO        22757    .text._ZN12DirectSerial6isattyEv  BUILD/LPC1768/ARMC6/mbed-os/platform/source/mbed_retarget.o
    0x00001da0   0x00000034   Code   RO        22569    .text._ZN12DirectSerialC2ERK15serial_pinmap_ti  BUILD/LPC1768/ARMC6/mbed-os/platform/source/mbed_retarget.o
    0x00001dd4   0x00000004   Code   RO        22751    .text._ZN12DirectSerialD0Ev  BUILD/LPC1768/ARMC6/mbed-os/platform/source/mbed_retarget.o
    0x00001dd8   0x00000018   Code   RO         1750    .text._ZN4mbed10DigitalOutC2E7PinName  BUILD/LPC1768/ARMC6/mbed-os/connectivity/drivers/802.15.4_RF/atmel-rf-driver/source/NanostackRfPhyAtmel.o
    0x00001df0   0x0000001c   Code   RO         1899    .text._ZN4mbed10DigitalOutC2E7PinNamei  BUILD/LPC1768/ARMC6/mbed-os/connectivity/drivers/802.15.4_RF/mcr20a-rf-driver/source/NanostackRfPhyMcr20a.o
    0x00001e0c   0x00000006   Code   RO        19881    .text._ZN4mbed10FileHandle12enable_inputEb  BUILD/LPC1768/ARMC6/mbed-os/drivers/source/UnbufferedSerial.o
    0x00001e12   0x0000000c   Code   RO        19877    .text._ZN4mbed10FileHandle12set_blockingEb  BUILD/LPC1768/ARMC6/mbed-os/drivers/source/UnbufferedSerial.o
    0x00001e1e   0x00000006   Code   RO        19883    .text._ZN4mbed10FileHandle13enable_outputEb  BUILD/LPC1768/ARMC6/mbed-os/drivers/source/UnbufferedSerial.o
    0x00001e24   0x00000004   Code   RO        19871    .text._ZN4mbed10FileHandle4syncEv  BUILD/LPC1768/ARMC6/mbed-os/drivers/source/UnbufferedSerial.o
    0x00001e28   0x0000000a   Code   RO        19236    .text._ZN4mbed10FileHandle4tellEv  BUILD/LPC1768/ARMC6/mbed-os/drivers/source/BufferedSerial.o
    0x00001e32   0x00000002   Code   RO        19885    .text._ZN4mbed10FileHandle5sigioENS_8CallbackIFvvEEE  BUILD/LPC1768/ARMC6/mbed-os/drivers/source/UnbufferedSerial.o
    0x00001e34   0x0000000a   Code   RO        19238    .text._ZN4mbed10FileHandle6rewindEv  BUILD/LPC1768/ARMC6/mbed-os/drivers/source/BufferedSerial.o
    0x00001e3e   0x00000006   Code   RO        19240    .text._ZN4mbed10FileHandle8truncateEl  BUILD/LPC1768/ARMC6/mbed-os/drivers/source/BufferedSerial.o
    0x00001e44   0x00000002   Code   RO        21948    .text._ZN4mbed10FileHandleD2Ev  BUILD/LPC1768/ARMC6/mbed-os/platform/source/FileHandle.o
    0x00001e46   0x00000006   Code   RO        19702    .text._ZN4mbed10SerialBase10_base_getcEv  BUILD/LPC1768/ARMC6/mbed-os/drivers/source/SerialBase.o
    0x00001e4c   0x0000000e   Code   RO        19704    .text._ZN4mbed10SerialBase10_base_putcEi  BUILD/LPC1768/ARMC6/mbed-os/drivers/source/SerialBase.o
    0x00001e5a   0x0000000e   Code   RO        19700    .text._ZN4mbed10SerialBase12_irq_handlerEj9SerialIrq  BUILD/LPC1768/ARMC6/mbed-os/drivers/source/SerialBase.o
    0x00001e68   0x00000002   Code   RO        19718    .text._ZN4mbed10SerialBase4lockEv  BUILD/LPC1768/ARMC6/mbed-os/drivers/source/SerialBase.o
    0x00001e6a   0x00000002   PAD
    0x00001e6c   0x00000050   Code   RO        19684    .text._ZN4mbed10SerialBase5_initEv  BUILD/LPC1768/ARMC6/mbed-os/drivers/source/SerialBase.o
    0x00001ebc   0x00000092   Code   RO        19698    .text._ZN4mbed10SerialBase6attachENS_8CallbackIFvvEEENS0_7IrqTypeE  BUILD/LPC1768/ARMC6/mbed-os/drivers/source/SerialBase.o
    0x00001f4e   0x00000030   Code   RO        19692    .text._ZN4mbed10SerialBase6formatEiNS0_6ParityEi  BUILD/LPC1768/ARMC6/mbed-os/drivers/source/SerialBase.o
    0x00001f7e   0x00000002   Code   RO        19720    .text._ZN4mbed10SerialBase6unlockEv  BUILD/LPC1768/ARMC6/mbed-os/drivers/source/SerialBase.o
    0x00001f80   0x00000024   Code   RO        19694    .text._ZN4mbed10SerialBase8readableEv  BUILD/LPC1768/ARMC6/mbed-os/drivers/source/SerialBase.o
    0x00001fa4   0x00000024   Code   RO        19696    .text._ZN4mbed10SerialBase9writeableEv  BUILD/LPC1768/ARMC6/mbed-os/drivers/source/SerialBase.o
    0x00001fc8   0x00000060   Code   RO        19682    .text._ZN4mbed10SerialBaseC2E7PinNameS1_i  BUILD/LPC1768/ARMC6/mbed-os/drivers/source/SerialBase.o
    0x00002028   0x0000000e   Code   RO        19724    .text._ZN4mbed10SerialBaseD0Ev  BUILD/LPC1768/ARMC6/mbed-os/drivers/source/SerialBase.o
    0x00002036   0x00000002   PAD
    0x00002038   0x00000040   Code   RO        19722    .text._ZN4mbed10SerialBaseD2Ev  BUILD/LPC1768/ARMC6/mbed-os/drivers/source/SerialBase.o
    0x00002078   0x00000028   Code   RO        19839    .text._ZN4mbed16UnbufferedSerial4readEPvj  BUILD/LPC1768/ARMC6/mbed-os/drivers/source/UnbufferedSerial.o
    0x000020a0   0x00000006   Code   RO        19855    .text._ZN4mbed16UnbufferedSerial4seekEli  BUILD/LPC1768/ARMC6/mbed-os/drivers/source/UnbufferedSerial.o
    0x000020a6   0x00000006   Code   RO        19857    .text._ZN4mbed16UnbufferedSerial4sizeEv  BUILD/LPC1768/ARMC6/mbed-os/drivers/source/UnbufferedSerial.o
    0x000020ac   0x00000004   Code   RO        19861    .text._ZN4mbed16UnbufferedSerial5closeEv  BUILD/LPC1768/ARMC6/mbed-os/drivers/source/UnbufferedSerial.o
    0x000020b0   0x00000042   Code   RO        19835    .text._ZN4mbed16UnbufferedSerial5writeEPKvj  BUILD/LPC1768/ARMC6/mbed-os/drivers/source/UnbufferedSerial.o
    0x000020f2   0x00000004   Code   RO        19859    .text._ZN4mbed16UnbufferedSerial6isattyEv  BUILD/LPC1768/ARMC6/mbed-os/drivers/source/UnbufferedSerial.o
    0x000020f6   0x00000002   PAD
    0x000020f8   0x00000018   Code   RO        19831    .text._ZN4mbed16UnbufferedSerialC2E7PinNameS1_i  BUILD/LPC1768/ARMC6/mbed-os/drivers/source/UnbufferedSerial.o
    0x00002110   0x0000000e   Code   RO        19853    .text._ZN4mbed16UnbufferedSerialD0Ev  BUILD/LPC1768/ARMC6/mbed-os/drivers/source/UnbufferedSerial.o
    0x0000211e   0x00000004   Code   RO        19851    .text._ZN4mbed16UnbufferedSerialD2Ev  BUILD/LPC1768/ARMC6/mbed-os/drivers/source/UnbufferedSerial.o
    0x00002122   0x00000002   PAD
    0x00002124   0x00000070   Code   RO        22585    .text._ZN4mbed16mbed_file_handleEi  BUILD/LPC1768/ARMC6/mbed-os/platform/source/mbed_retarget.o
    0x00002194   0x0000000c   Code   RO        21900    .text._ZN4mbed19CriticalSectionLockC2Ev  BUILD/LPC1768/ARMC6/mbed-os/platform/source/CriticalSectionLock.o
    0x000021a0   0x0000000c   Code   RO        21902    .text._ZN4mbed19CriticalSectionLockD2Ev  BUILD/LPC1768/ARMC6/mbed-os/platform/source/CriticalSectionLock.o
    0x000021ac   0x00000016   Code   RO        19800    .text._ZN4mbed5TimerC2Ev  BUILD/LPC1768/ARMC6/mbed-os/drivers/source/Timer.o
    0x000021c2   0x00000006   Code   RO        19333    .text._ZN4mbed6BusOut4lockEv  BUILD/LPC1768/ARMC6/mbed-os/drivers/source/BusOut.o
    0x000021c8   0x00000040   Code   RO        19321    .text._ZN4mbed6BusOut5writeEi  BUILD/LPC1768/ARMC6/mbed-os/drivers/source/BusOut.o
    0x00002208   0x00000006   Code   RO        19335    .text._ZN4mbed6BusOut6unlockEv  BUILD/LPC1768/ARMC6/mbed-os/drivers/source/BusOut.o
    0x0000220e   0x00000002   PAD
    0x00002210   0x000000a4   Code   RO        19313    .text._ZN4mbed6BusOutC2E7PinNameS1_S1_S1_S1_S1_S1_S1_S1_S1_S1_S1_S1_S1_S1_S1_  BUILD/LPC1768/ARMC6/mbed-os/drivers/source/BusOut.o
    0x000022b4   0x0000000e   Code   RO        19319    .text._ZN4mbed6BusOutD0Ev  BUILD/LPC1768/ARMC6/mbed-os/drivers/source/BusOut.o
    0x000022c2   0x00000002   PAD
    0x000022c4   0x0000002c   Code   RO        19317    .text._ZN4mbed6BusOutD2Ev  BUILD/LPC1768/ARMC6/mbed-os/drivers/source/BusOut.o
    0x000022f0   0x0000000c   Code   RO        19325    .text._ZN4mbed6BusOutaSEi  BUILD/LPC1768/ARMC6/mbed-os/drivers/source/BusOut.o
    0x000022fc   0x00000004   Code   RO         1649    .text._ZN4mbed8CallbackIFvvEE11target_callIPS1_EEvPKNS_6detail12CallbackBaseE  BUILD/LPC1768/ARMC6/mbed-os/connectivity/drivers/802.15.4_RF/atmel-rf-driver/source/NanostackRfPhyAT86RF215.o
    0x00002300   0x00000084   Code   RO        21934    .text._ZN4mbed8FileBase6lookupEPKcj  BUILD/LPC1768/ARMC6/mbed-os/platform/source/FileBase.o
    0x00002384   0x00000018   Code   RO        21961    .text._ZN4mbed8FilePath10fileSystemEv  BUILD/LPC1768/ARMC6/mbed-os/platform/source/FilePath.o
    0x0000239c   0x00000018   Code   RO        21959    .text._ZN4mbed8FilePath12isFileSystemEv  BUILD/LPC1768/ARMC6/mbed-os/platform/source/FilePath.o
    0x000023b4   0x00000018   Code   RO        21965    .text._ZN4mbed8FilePath4fileEv  BUILD/LPC1768/ARMC6/mbed-os/platform/source/FilePath.o
    0x000023cc   0x0000000a   Code   RO        21967    .text._ZN4mbed8FilePath6existsEv  BUILD/LPC1768/ARMC6/mbed-os/platform/source/FilePath.o
    0x000023d6   0x00000016   Code   RO        21963    .text._ZN4mbed8FilePath6isFileEv  BUILD/LPC1768/ARMC6/mbed-os/platform/source/FilePath.o
    0x000023ec   0x0000003c   Code   RO        21955    .text._ZN4mbed8FilePathC2EPKc  BUILD/LPC1768/ARMC6/mbed-os/platform/source/FilePath.o
    0x00002428   0x0000001c   Code   RO           64    .text._ZN4mbed9DigitalInC2E7PinName7PinMode  BUILD/LPC1768/ARMC6/main.o
    0x00002444   0x00000022   Code   RO        19774    .text._ZN4mbed9TimerBase5resetEv  BUILD/LPC1768/ARMC6/mbed-os/drivers/source/Timer.o
    0x00002466   0x0000002c   Code   RO        19782    .text._ZN4mbed9TimerBase5startEv  BUILD/LPC1768/ARMC6/mbed-os/drivers/source/Timer.o
    0x00002492   0x0000001e   Code   RO        19772    .text._ZN4mbed9TimerBaseC2EPK13ticker_data_tb  BUILD/LPC1768/ARMC6/mbed-os/drivers/source/Timer.o
    0x000024b0   0x00000006   Code   RO        23150    .text._ZN4rtos10ThisThread14flags_wait_anyEjb  BUILD/LPC1768/ARMC6/mbed-os/rtos/source/ThisThread.o
    0x000024b6   0x00000004   Code   RO        23168    .text._ZN4rtos10ThisThread5yieldEv  BUILD/LPC1768/ARMC6/mbed-os/rtos/source/ThisThread.o
    0x000024ba   0x00000004   Code   RO        23162    .text._ZN4rtos10ThisThread9sleep_forENSt3__16chrono8durationIjNS1_5ratioILx1ELx1000EEEEE  BUILD/LPC1768/ARMC6/mbed-os/rtos/source/ThisThread.o
    0x000024be   0x00000002   PAD
    0x000024c0   0x00000048   Code   RO        23082    .text._ZN4rtos5Mutex11constructorEPKc  BUILD/LPC1768/ARMC6/mbed-os/rtos/source/Mutex.o
    0x00002508   0x00000038   Code   RO        23086    .text._ZN4rtos5Mutex4lockEv  BUILD/LPC1768/ARMC6/mbed-os/rtos/source/Mutex.o
    0x00002540   0x00000030   Code   RO        23098    .text._ZN4rtos5Mutex6unlockEv  BUILD/LPC1768/ARMC6/mbed-os/rtos/source/Mutex.o
    0x00002570   0x0000000e   Code   RO        23080    .text._ZN4rtos5MutexC2Ev  BUILD/LPC1768/ARMC6/mbed-os/rtos/source/Mutex.o
    0x0000257e   0x0000000e   Code   RO        23102    .text._ZN4rtos5MutexD2Ev  BUILD/LPC1768/ARMC6/mbed-os/rtos/source/Mutex.o
    0x0000258c   0x00000016   Code   RO        23178    .text._ZN4rtos6Thread11constructorE12osPriority_tjPhPKc  BUILD/LPC1768/ARMC6/mbed-os/rtos/source/Thread.o
    0x000025a2   0x00000002   PAD
    0x000025a4   0x0000007c   Code   RO        23176    .text._ZN4rtos6Thread11constructorEj12osPriority_tjPhPKc  BUILD/LPC1768/ARMC6/mbed-os/rtos/source/Thread.o
    0x00002620   0x000000b4   Code   RO        23180    .text._ZN4rtos6Thread5startEN4mbed8CallbackIFvvEEE  BUILD/LPC1768/ARMC6/mbed-os/rtos/source/Thread.o
    0x000026d4   0x00000028   Code   RO        23182    .text._ZN4rtos6Thread6_thunkEPv  BUILD/LPC1768/ARMC6/mbed-os/rtos/source/Thread.o
    0x000026fc   0x00000006   Code   RO        23192    .text._ZN4rtos6Thread9flags_setEj  BUILD/LPC1768/ARMC6/mbed-os/rtos/source/Thread.o
    0x00002702   0x00000040   Code   RO        23184    .text._ZN4rtos6Thread9terminateEv  BUILD/LPC1768/ARMC6/mbed-os/rtos/source/Thread.o
    0x00002742   0x00000002   PAD
    0x00002744   0x0000003c   Code   RO         1464    .text._ZN4rtos6ThreadC2E12osPriority_tjPhPKc  BUILD/LPC1768/ARMC6/mbed-os/connectivity/cellular/source/framework/device/CellularDevice.o
    0x00002780   0x0000000e   Code   RO        23210    .text._ZN4rtos6ThreadD0Ev  BUILD/LPC1768/ARMC6/mbed-os/rtos/source/Thread.o
    0x0000278e   0x00000002   PAD
    0x00002790   0x00000038   Code   RO        23208    .text._ZN4rtos6ThreadD2Ev  BUILD/LPC1768/ARMC6/mbed-os/rtos/source/Thread.o
    0x000027c8   0x00000020   Code   RO        23108    .text._ZN4rtos9Semaphore11constructorEit  BUILD/LPC1768/ARMC6/mbed-os/rtos/source/Semaphore.o
    0x000027e8   0x00000006   Code   RO        23124    .text._ZN4rtos9Semaphore7releaseEv  BUILD/LPC1768/ARMC6/mbed-os/rtos/source/Semaphore.o
    0x000027ee   0x00000010   Code   RO        23106    .text._ZN4rtos9SemaphoreC2Ei  BUILD/LPC1768/ARMC6/mbed-os/rtos/source/Semaphore.o
    0x000027fe   0x0000000e   Code   RO        23126    .text._ZN4rtos9SemaphoreD2Ev  BUILD/LPC1768/ARMC6/mbed-os/rtos/source/Semaphore.o
    0x0000280c   0x0000000c   Code   RO        23136    .text._ZN4rtosL10flags_waitEjbj  BUILD/LPC1768/ARMC6/mbed-os/rtos/source/ThisThread.o
    0x00002818   0x00000024   Code   RO        23142    .text._ZN4rtosL14flags_wait_forEjNSt3__16chrono8durationIjNS0_5ratioILx1ELx1000EEEEEbj  BUILD/LPC1768/ARMC6/mbed-os/rtos/source/ThisThread.o
    0x0000283c   0x00000074   Code   RO           37    .text._ZN6MyUnit10open_servoEh  BUILD/LPC1768/ARMC6/MyUnit.o
    0x000028b0   0x00000054   Code   RO           23    .text._ZN6MyUnit11close_servoEv  BUILD/LPC1768/ARMC6/MyUnit.o
    0x00002904   0x00000050   Code   RO           25    .text._ZN6MyUnit4holdEv  BUILD/LPC1768/ARMC6/MyUnit.o
    0x00002954   0x000000dc   Code   RO           21    .text._ZN6MyUnit4initEv  BUILD/LPC1768/ARMC6/MyUnit.o
    0x00002a30   0x00000090   Code   RO           27    .text._ZN6MyUnit7releaseEv  BUILD/LPC1768/ARMC6/MyUnit.o
    0x00002ac0   0x00000040   Code   RO           62    .text._ZN6MyUnitC2Ev  BUILD/LPC1768/ARMC6/main.o
    0x00002b00   0x000000e4   Code   RO            4    .text._ZN7MyCoord4initEv  BUILD/LPC1768/ARMC6/MyCoord.o
    0x00002be4   0x0000015c   Code   RO           14    .text._ZN7MyCoord8just_yawEv  BUILD/LPC1768/ARMC6/MyCoord.o
    0x00002d40   0x0000004c   Code   RO           60    .text._ZN7MyCoordC2Ev  BUILD/LPC1768/ARMC6/main.o
    0x00002d8c   0x00000018   Code   RO        25270    .text._ZN7roboken10Controller10Left_rightEv  BUILD/LPC1768/ARMC6/roboken/drivers/controller/controller.o
    0x00002da4   0x00000018   Code   RO        25242    .text._ZN7roboken10Controller10Right_downEv  BUILD/LPC1768/ARMC6/roboken/drivers/controller/controller.o
    0x00002dbc   0x00000018   Code   RO        25250    .text._ZN7roboken10Controller10Right_leftEv  BUILD/LPC1768/ARMC6/roboken/drivers/controller/controller.o
    0x00002dd4   0x00000054   Code   RO        25226    .text._ZN7roboken10Controller11InitializerEv  BUILD/LPC1768/ARMC6/roboken/drivers/controller/controller.o
    0x00002e28   0x00000018   Code   RO        25246    .text._ZN7roboken10Controller11Right_rightEv  BUILD/LPC1768/ARMC6/roboken/drivers/controller/controller.o
    0x00002e40   0x0000001c   Code   RO        25224    .text._ZN7roboken10Controller4initEv  BUILD/LPC1768/ARMC6/roboken/drivers/controller/controller.o
    0x00002e5c   0x00000014   Code   RO        25228    .text._ZN7roboken10Controller5StartEv  BUILD/LPC1768/ARMC6/roboken/drivers/controller/controller.o
    0x00002e70   0x00000020   Code   RO        25236    .text._ZN7roboken10Controller6toggleEv  BUILD/LPC1768/ARMC6/roboken/drivers/controller/controller.o
    0x00002e90   0x00000018   Code   RO        25278    .text._ZN7roboken10Controller7Left_L1Ev  BUILD/LPC1768/ARMC6/roboken/drivers/controller/controller.o
    0x00002ea8   0x00000018   Code   RO        25282    .text._ZN7roboken10Controller7Left_L2Ev  BUILD/LPC1768/ARMC6/roboken/drivers/controller/controller.o
    0x00002ec0   0x00000018   Code   RO        25262    .text._ZN7roboken10Controller7Left_upEv  BUILD/LPC1768/ARMC6/roboken/drivers/controller/controller.o
    0x00002ed8   0x000000d8   Code   RO        25216    .text._ZN7roboken10Controller7checkerEv  BUILD/LPC1768/ARMC6/roboken/drivers/controller/controller.o
    0x00002fb0   0x00000018   Code   RO        25254    .text._ZN7roboken10Controller8Right_R1Ev  BUILD/LPC1768/ARMC6/roboken/drivers/controller/controller.o
    0x00002fc8   0x00000018   Code   RO        25258    .text._ZN7roboken10Controller8Right_R2Ev  BUILD/LPC1768/ARMC6/roboken/drivers/controller/controller.o
    0x00002fe0   0x00000018   Code   RO        25238    .text._ZN7roboken10Controller8Right_upEv  BUILD/LPC1768/ARMC6/roboken/drivers/controller/controller.o
    0x00002ff8   0x00000018   Code   RO        25266    .text._ZN7roboken10Controller9Left_downEv  BUILD/LPC1768/ARMC6/roboken/drivers/controller/controller.o
    0x00003010   0x0000001c   Code   RO        25274    .text._ZN7roboken10Controller9Left_leftEv  BUILD/LPC1768/ARMC6/roboken/drivers/controller/controller.o
    0x0000302c   0x00000002   Code   RO        25146    .text._ZN7roboken10DebugBasicD2Ev  BUILD/LPC1768/ARMC6/roboken/debugger/serial_debug/serial_debug.o
    0x0000302e   0x0000001e   Code   RO        25368    .text._ZN7roboken10MultiMotor16multi_motor_consEhhbffhh  BUILD/LPC1768/ARMC6/roboken/drivers/multi_motor/multi_motor.o
    0x0000304c   0x00000020   Code   RO        25374    .text._ZN7roboken10MultiMotor4initEv  BUILD/LPC1768/ARMC6/roboken/drivers/multi_motor/multi_motor.o
    0x0000306c   0x0000004a   Code   RO        25384    .text._ZN7roboken10MultiMotor9set_powerEhb  BUILD/LPC1768/ARMC6/roboken/drivers/multi_motor/multi_motor.o
    0x000030b6   0x00000016   Code   RO        25382    .text._ZN7roboken10MultiMotor9set_powerEi  BUILD/LPC1768/ARMC6/roboken/drivers/multi_motor/multi_motor.o
    0x000030cc   0x00000004   Code   RO        25364    .text._ZN7roboken10MultiMotorC2Ev  BUILD/LPC1768/ARMC6/roboken/drivers/multi_motor/multi_motor.o
    0x000030d0   0x00000014   Code   RO        25449    .text._ZN7roboken10safety_offEv  BUILD/LPC1768/ARMC6/roboken/roboken.o
    0x000030e4   0x00000006   Code   RO        25138    .text._ZN7roboken11SerialDebug4infoEPc  BUILD/LPC1768/ARMC6/roboken/debugger/serial_debug/serial_debug.o
    0x000030ea   0x00000002   Code   RO        25136    .text._ZN7roboken11SerialDebug4initEv  BUILD/LPC1768/ARMC6/roboken/debugger/serial_debug/serial_debug.o
    0x000030ec   0x00000020   Code   RO        25142    .text._ZN7roboken11SerialDebug5errorEPKcjPc  BUILD/LPC1768/ARMC6/roboken/debugger/serial_debug/serial_debug.o
    0x0000310c   0x00000020   Code   RO        25140    .text._ZN7roboken11SerialDebug7warningEPKcjPc  BUILD/LPC1768/ARMC6/roboken/debugger/serial_debug/serial_debug.o
    0x0000312c   0x0000000c   Code   RO        25134    .text._ZN7roboken11SerialDebugC2Ev  BUILD/LPC1768/ARMC6/roboken/debugger/serial_debug/serial_debug.o
    0x00003138   0x00000004   Code   RO        25148    .text._ZN7roboken11SerialDebugD0Ev  BUILD/LPC1768/ARMC6/roboken/debugger/serial_debug/serial_debug.o
    0x0000313c   0x00000016   Code   RO        25447    .text._ZN7roboken11initializerEv  BUILD/LPC1768/ARMC6/roboken/roboken.o
    0x00003152   0x00000012   Code   RO        25289    .text._ZN7roboken19drivers_initializerEv  BUILD/LPC1768/ARMC6/roboken/drivers/drivers.o
    0x00003164   0x00000074   Code   RO        25336    .text._ZN7roboken4Gyro13convert_angleEt  BUILD/LPC1768/ARMC6/roboken/drivers/gyro/gyro.o
    0x000031d8   0x00000034   Code   RO        25334    .text._ZN7roboken4Gyro13get_raw_valueEPt  BUILD/LPC1768/ARMC6/roboken/drivers/gyro/gyro.o
    0x0000320c   0x00000010   Code   RO        25330    .text._ZN7roboken4Gyro3yawEb  BUILD/LPC1768/ARMC6/roboken/drivers/gyro/gyro.o
    0x0000321c   0x0000000e   Code   RO        25326    .text._ZN7roboken4Gyro4initEv  BUILD/LPC1768/ARMC6/roboken/drivers/gyro/gyro.o
    0x0000322a   0x00000020   Code   RO        25332    .text._ZN7roboken4Gyro6updateEv  BUILD/LPC1768/ARMC6/roboken/drivers/gyro/gyro.o
    0x0000324a   0x00000006   Code   RO        25320    .text._ZN7roboken4Gyro9gyro_consEh  BUILD/LPC1768/ARMC6/roboken/drivers/gyro/gyro.o
    0x00003250   0x00000004   Code   RO        25316    .text._ZN7roboken4GyroC2Ev  BUILD/LPC1768/ARMC6/roboken/drivers/gyro/gyro.o
    0x00003254   0x00000018   Code   RO        25344    .text._ZN7roboken5Motor10motor_consEhbffhh  BUILD/LPC1768/ARMC6/roboken/drivers/motor/motor.o
    0x0000326c   0x00000022   Code   RO        25350    .text._ZN7roboken5Motor4initEv  BUILD/LPC1768/ARMC6/roboken/drivers/motor/motor.o
    0x0000328e   0x00000042   Code   RO        25360    .text._ZN7roboken5Motor9set_powerEhb  BUILD/LPC1768/ARMC6/roboken/drivers/motor/motor.o
    0x000032d0   0x00000016   Code   RO        25358    .text._ZN7roboken5Motor9set_powerEi  BUILD/LPC1768/ARMC6/roboken/drivers/motor/motor.o
    0x000032e6   0x00000004   Code   RO        25340    .text._ZN7roboken5MotorC2Ev  BUILD/LPC1768/ARMC6/roboken/drivers/motor/motor.o
    0x000032ea   0x0000001a   Code   RO        25392    .text._ZN7roboken5Servo10servo_consEhh  BUILD/LPC1768/ARMC6/roboken/drivers/servo/servo.o
    0x00003304   0x00000036   Code   RO        25404    .text._ZN7roboken5Servo3setEtb  BUILD/LPC1768/ARMC6/roboken/drivers/servo/servo.o
    0x0000333a   0x00000020   Code   RO        25398    .text._ZN7roboken5Servo4initEv  BUILD/LPC1768/ARMC6/roboken/drivers/servo/servo.o
    0x0000335a   0x00000004   Code   RO        25388    .text._ZN7roboken5ServoC2Ev  BUILD/LPC1768/ARMC6/roboken/drivers/servo/servo.o
    0x0000335e   0x00000010   Code   RO        25437    .text._ZN7roboken6Switch11switch_consEhb  BUILD/LPC1768/ARMC6/roboken/drivers/switch/switch.o
    0x0000336e   0x0000002e   Code   RO        25443    .text._ZN7roboken6Switch3getEv  BUILD/LPC1768/ARMC6/roboken/drivers/switch/switch.o
    0x0000339c   0x00000004   Code   RO        25433    .text._ZN7roboken6SwitchC2Ev  BUILD/LPC1768/ARMC6/roboken/drivers/switch/switch.o
    0x000033a0   0x00000004   Code   RO        25293    .text._ZN7roboken7EncoderC2Ev  BUILD/LPC1768/ARMC6/roboken/drivers/encoder/encoder.o
    0x000033a4   0x0000000c   Code   RO        25184    .text._ZN7roboken7SpiComm10disable_ssEv  BUILD/LPC1768/ARMC6/roboken/drivers/comm/spi_comm/spi_comm.o
    0x000033b0   0x000000bc   Code   RO        25169    .text._ZN7roboken7SpiComm13spi_comm_initEv  BUILD/LPC1768/ARMC6/roboken/drivers/comm/spi_comm/spi_comm.o
    0x0000346c   0x0000008c   Code   RO        25175    .text._ZN7roboken7SpiComm15transfer_nolockEPcS1_  BUILD/LPC1768/ARMC6/roboken/drivers/comm/spi_comm/spi_comm.o
    0x000034f8   0x00000004   Code   RO        25171    .text._ZN7roboken7SpiComm4initEs  BUILD/LPC1768/ARMC6/roboken/drivers/comm/spi_comm/spi_comm.o
    0x000034fc   0x000000d0   Code   RO        25173    .text._ZN7roboken7SpiComm8transferEPKchPch  BUILD/LPC1768/ARMC6/roboken/drivers/comm/spi_comm/spi_comm.o
    0x000035cc   0x00000030   Code   RO        25186    .text._ZN7roboken7SpiComm9enable_ssEv  BUILD/LPC1768/ARMC6/roboken/drivers/comm/spi_comm/spi_comm.o
    0x000035fc   0x0000000c   Code   RO        25167    .text._ZN7roboken7SpiCommC2Ev  BUILD/LPC1768/ARMC6/roboken/drivers/comm/spi_comm/spi_comm.o
    0x00003608   0x00000004   Code   RO        25190    .text._ZN7roboken7SpiCommD0Ev  BUILD/LPC1768/ARMC6/roboken/drivers/comm/spi_comm/spi_comm.o
    0x0000360c   0x00000050   Code   RO        25120    .text._ZN7roboken8Debugger11initializerENS0_12debug_deviceE  BUILD/LPC1768/ARMC6/roboken/debugger/debugger.o
    0x0000365c   0x00000044   Code   RO        25122    .text._ZN7roboken8Debugger4infoEPKcz  BUILD/LPC1768/ARMC6/roboken/debugger/debugger.o
    0x000036a0   0x0000001c   Code   RO        25409    .text._ZN7roboken8Solenoid13solenoid_initEv  BUILD/LPC1768/ARMC6/roboken/drivers/solenoid/solenoid.o
    0x000036bc   0x00000002   Code   RO        25188    .text._ZN7roboken9CommBasicD2Ev  BUILD/LPC1768/ARMC6/roboken/drivers/comm/spi_comm/spi_comm.o
    0x000036be   0x00000030   Code   RO        25155    .text._ZN7roboken9XbeeDebug4infoEPc  BUILD/LPC1768/ARMC6/roboken/debugger/xbee_debug/xbee_debug.o
    0x000036ee   0x00000002   PAD
    0x000036f0   0x0000002c   Code   RO        25153    .text._ZN7roboken9XbeeDebug4initEv  BUILD/LPC1768/ARMC6/roboken/debugger/xbee_debug/xbee_debug.o
    0x0000371c   0x00000042   Code   RO        25159    .text._ZN7roboken9XbeeDebug5errorEPKcjPc  BUILD/LPC1768/ARMC6/roboken/debugger/xbee_debug/xbee_debug.o
    0x0000375e   0x00000030   Code   RO        25157    .text._ZN7roboken9XbeeDebug7warningEPKcjPc  BUILD/LPC1768/ARMC6/roboken/debugger/xbee_debug/xbee_debug.o
    0x0000378e   0x00000002   PAD
    0x00003790   0x0000000c   Code   RO        25151    .text._ZN7roboken9XbeeDebugC2Ev  BUILD/LPC1768/ARMC6/roboken/debugger/xbee_debug/xbee_debug.o
    0x0000379c   0x00000004   Code   RO        25163    .text._ZN7roboken9XbeeDebugD0Ev  BUILD/LPC1768/ARMC6/roboken/debugger/xbee_debug/xbee_debug.o
    0x000037a0   0x00000090   Code   RO        25212    .text._ZN8uart_lib7UARTLib11setWirelessEi  BUILD/LPC1768/ARMC6/roboken/drivers/controller/UARTLib.o
    0x00003830   0x00000016   Code   RO        25206    .text._ZN8uart_lib7UARTLib4getcEv  BUILD/LPC1768/ARMC6/roboken/drivers/controller/UARTLib.o
    0x00003846   0x00000016   Code   RO        25208    .text._ZN8uart_lib7UARTLib4putcEi  BUILD/LPC1768/ARMC6/roboken/drivers/controller/UARTLib.o
    0x0000385c   0x00000010   Code   RO        25210    .text._ZN8uart_lib7UARTLib8readableEv  BUILD/LPC1768/ARMC6/roboken/drivers/controller/UARTLib.o
    0x0000386c   0x00000060   Code   RO        25204    .text._ZN8uart_lib7UARTLibC2Eii  BUILD/LPC1768/ARMC6/roboken/drivers/controller/UARTLib.o
    0x000038cc   0x00000028   Code   RO        25193    .text._ZN8uart_lib8UARTCommC2E7PinNameS1_i  BUILD/LPC1768/ARMC6/roboken/drivers/controller/UARTComm.o
    0x000038f4   0x0000000e   Code   RO        25196    .text._ZN8uart_lib8UARTCommD0Ev  BUILD/LPC1768/ARMC6/roboken/drivers/controller/UARTComm.o
    0x00003902   0x00000002   PAD
    0x00003904   0x00000034   Code   RO        22575    .text._ZNK12DirectSerial4pollEs  BUILD/LPC1768/ARMC6/mbed-os/platform/source/mbed_retarget.o
    0x00003938   0x00000022   Code   RO        18477    .text._ZNK12SingletonPtrIN4rtos5MutexEE3getEv  BUILD/LPC1768/ARMC6/mbed-os/connectivity/netsocket/source/nsapi_dns.o
    0x0000395a   0x00000004   Code   RO        19879    .text._ZNK4mbed10FileHandle11is_blockingEv  BUILD/LPC1768/ARMC6/mbed-os/drivers/source/UnbufferedSerial.o
    0x0000395e   0x00000030   Code   RO        19843    .text._ZNK4mbed16UnbufferedSerial4pollEs  BUILD/LPC1768/ARMC6/mbed-os/drivers/source/UnbufferedSerial.o
    0x0000398e   0x0000002e   Code   RO        19790    .text._ZNK4mbed9TimerBase12elapsed_timeEv  BUILD/LPC1768/ARMC6/mbed-os/drivers/source/Timer.o
    0x000039bc   0x0000001a   Code   RO        19794    .text._ZNK4mbed9TimerBase7read_msEv  BUILD/LPC1768/ARMC6/mbed-os/drivers/source/Timer.o
    0x000039d6   0x00000030   Code   RO        19786    .text._ZNK4mbed9TimerBase9slicetimeEv  BUILD/LPC1768/ARMC6/mbed-os/drivers/source/Timer.o
    0x00003a06   0x00000006   Code   RO        19841    .text._ZThn104_N4mbed16UnbufferedSerial4readEPvj  BUILD/LPC1768/ARMC6/mbed-os/drivers/source/UnbufferedSerial.o
    0x00003a0c   0x00000006   Code   RO        19867    .text._ZThn104_N4mbed16UnbufferedSerial4seekEli  BUILD/LPC1768/ARMC6/mbed-os/drivers/source/UnbufferedSerial.o
    0x00003a12   0x00000006   Code   RO        19875    .text._ZThn104_N4mbed16UnbufferedSerial4sizeEv  BUILD/LPC1768/ARMC6/mbed-os/drivers/source/UnbufferedSerial.o
    0x00003a18   0x00000004   Code   RO        19869    .text._ZThn104_N4mbed16UnbufferedSerial5closeEv  BUILD/LPC1768/ARMC6/mbed-os/drivers/source/UnbufferedSerial.o
    0x00003a1c   0x00000006   Code   RO        19837    .text._ZThn104_N4mbed16UnbufferedSerial5writeEPKvj  BUILD/LPC1768/ARMC6/mbed-os/drivers/source/UnbufferedSerial.o
    0x00003a22   0x00000004   Code   RO        19873    .text._ZThn104_N4mbed16UnbufferedSerial6isattyEv  BUILD/LPC1768/ARMC6/mbed-os/drivers/source/UnbufferedSerial.o
    0x00003a26   0x00000006   Code   RO        19865    .text._ZThn104_N4mbed16UnbufferedSerialD0Ev  BUILD/LPC1768/ARMC6/mbed-os/drivers/source/UnbufferedSerial.o
    0x00003a2c   0x00000006   Code   RO        19863    .text._ZThn104_N4mbed16UnbufferedSerialD1Ev  BUILD/LPC1768/ARMC6/mbed-os/drivers/source/UnbufferedSerial.o
    0x00003a32   0x00000006   Code   RO        25200    .text._ZThn104_N8uart_lib8UARTCommD0Ev  BUILD/LPC1768/ARMC6/roboken/drivers/controller/UARTComm.o
    0x00003a38   0x00000006   Code   RO        25198    .text._ZThn104_N8uart_lib8UARTCommD1Ev  BUILD/LPC1768/ARMC6/roboken/drivers/controller/UARTComm.o
    0x00003a3e   0x00000006   Code   RO        19845    .text._ZThn104_NK4mbed16UnbufferedSerial4pollEs  BUILD/LPC1768/ARMC6/mbed-os/drivers/source/UnbufferedSerial.o
    0x00003a44   0x00000004   Code   RO        22723    .text._ZdaPv        BUILD/LPC1768/ARMC6/mbed-os/platform/source/mbed_retarget.o
    0x00003a48   0x00000004   Code   RO        22663    .text._ZdlPv        BUILD/LPC1768/ARMC6/mbed-os/platform/source/mbed_retarget.o
    0x00003a4c   0x0000001c   Code   RO        22717    .text._Znaj         BUILD/LPC1768/ARMC6/mbed-os/platform/source/mbed_retarget.o
    0x00003a68   0x00000020   Code   RO        22715    .text._Znwj         BUILD/LPC1768/ARMC6/mbed-os/platform/source/mbed_retarget.o
    0x00003a88   0x0000002e   Code   RO        22705    .text.__cxa_guard_acquire  BUILD/LPC1768/ARMC6/mbed-os/platform/source/mbed_retarget.o
    0x00003ab6   0x0000000e   Code   RO        22711    .text.__cxa_guard_release  BUILD/LPC1768/ARMC6/mbed-os/platform/source/mbed_retarget.o
    0x00003ac4   0x00000038   Code   RO          623    .text.__rt_entry    BUILD/LPC1768/ARMC6/mbed-os/cmsis/device/rtos/TOOLCHAIN_ARM_STD/mbed_boot_arm_std.o
    0x00003afc   0x0000004c   Code   RO          627    .text.__user_perthread_libspace  BUILD/LPC1768/ARMC6/mbed-os/cmsis/device/rtos/TOOLCHAIN_ARM_STD/mbed_boot_arm_std.o
    0x00003b48   0x00000004   Code   RO        22641    .text.__user_setup_stackheap  BUILD/LPC1768/ARMC6/mbed-os/platform/source/mbed_retarget.o
    0x00003b4c   0x00000026   Code   RO        21613    .text._gpio_init_in  BUILD/LPC1768/ARMC6/mbed-os/hal/source/mbed_gpio.o
    0x00003b72   0x00000036   Code   RO        21619    .text._gpio_init_out  BUILD/LPC1768/ARMC6/mbed-os/hal/source/mbed_gpio.o
    0x00003ba8   0x0000002c   Code   RO        22637    .text._mbed_user_setup_stackheap  BUILD/LPC1768/ARMC6/mbed-os/platform/source/mbed_retarget.o
    0x00003bd4   0x0000001a   Code   RO          633    .text._mutex_acquire  BUILD/LPC1768/ARMC6/mbed-os/cmsis/device/rtos/TOOLCHAIN_ARM_STD/mbed_boot_arm_std.o
    0x00003bee   0x00000002   PAD
    0x00003bf0   0x00000044   Code   RO          637    .text._mutex_free   BUILD/LPC1768/ARMC6/mbed-os/cmsis/device/rtos/TOOLCHAIN_ARM_STD/mbed_boot_arm_std.o
    0x00003c34   0x0000009c   Code   RO          631    .text._mutex_initialize  BUILD/LPC1768/ARMC6/mbed-os/cmsis/device/rtos/TOOLCHAIN_ARM_STD/mbed_boot_arm_std.o
    0x00003cd0   0x00000016   Code   RO          635    .text._mutex_release  BUILD/LPC1768/ARMC6/mbed-os/cmsis/device/rtos/TOOLCHAIN_ARM_STD/mbed_boot_arm_std.o
    0x00003ce6   0x00000004   Code   RO          250    .text._platform_post_stackheap_init  BUILD/LPC1768/ARMC6/mbed-os/cmsis/CMSIS_5/CMSIS/RTOS2/RTX/Source/rtx_lib.o
    0x00003cea   0x00000004   Code   RO        22605    .text._sys_close    BUILD/LPC1768/ARMC6/mbed-os/platform/source/mbed_retarget.o
    0x00003cee   0x00000002   Code   RO        22615    .text._sys_exit     BUILD/LPC1768/ARMC6/mbed-os/platform/source/mbed_retarget.o
    0x00003cf0   0x00000028   Code   RO        22635    .text._sys_flen     BUILD/LPC1768/ARMC6/mbed-os/platform/source/mbed_retarget.o
    0x00003d18   0x00000004   Code   RO        22623    .text._sys_istty    BUILD/LPC1768/ARMC6/mbed-os/platform/source/mbed_retarget.o
    0x00003d1c   0x00000084   Code   RO        22599    .text._sys_open     BUILD/LPC1768/ARMC6/mbed-os/platform/source/mbed_retarget.o
    0x00003da0   0x00000006   Code   RO        22625    .text._sys_seek     BUILD/LPC1768/ARMC6/mbed-os/platform/source/mbed_retarget.o
    0x00003da6   0x00000002   PAD
    0x00003da8   0x000000c0   Code   RO        22609    .text._sys_write    BUILD/LPC1768/ARMC6/mbed-os/platform/source/mbed_retarget.o
    0x00003e68   0x00000014   Code   RO        22617    .text._ttywrch      BUILD/LPC1768/ARMC6/mbed-os/platform/source/mbed_retarget.o
    0x00003e7c   0x00000038   Code   RO        22607    .text.close         BUILD/LPC1768/ARMC6/mbed-os/platform/source/mbed_retarget.o
    0x00003eb4   0x0000000c   Code   RO        22394    .text.core_util_are_interrupts_enabled  BUILD/LPC1768/ARMC6/mbed-os/platform/source/mbed_critical.o
    0x00003ec0   0x00000012   Code   RO        22303    .text.core_util_atomic_decr_u16  BUILD/LPC1768/ARMC6/mbed-os/platform/source/mbed_atomic_impl.o
    0x00003ed2   0x00000014   Code   RO        22287    .text.core_util_atomic_flag_test_and_set  BUILD/LPC1768/ARMC6/mbed-os/platform/source/mbed_atomic_impl.o
    0x00003ee6   0x00000012   Code   RO        22297    .text.core_util_atomic_incr_u16  BUILD/LPC1768/ARMC6/mbed-os/platform/source/mbed_atomic_impl.o
    0x00003ef8   0x00000010   Code   RO        22400    .text.core_util_critical_section_enter  BUILD/LPC1768/ARMC6/mbed-os/platform/source/mbed_critical.o
    0x00003f08   0x00000018   Code   RO        22402    .text.core_util_critical_section_exit  BUILD/LPC1768/ARMC6/mbed-os/platform/source/mbed_critical.o
    0x00003f20   0x00000004   Code   RO        22398    .text.core_util_in_critical_section  BUILD/LPC1768/ARMC6/mbed-os/platform/source/mbed_critical.o
    0x00003f24   0x0000000c   Code   RO        22396    .text.core_util_is_isr_active  BUILD/LPC1768/ARMC6/mbed-os/platform/source/mbed_critical.o
    0x00003f30   0x00000028   Code   RO        22407    .text.error         BUILD/LPC1768/ARMC6/mbed-os/platform/source/mbed_error.o
    0x00003f58   0x00000034   Code   RO        22681    .text.exit          BUILD/LPC1768/ARMC6/mbed-os/platform/source/mbed_retarget.o
    0x00003f8c   0x0000002a   Code   RO        22633    .text.fsync         BUILD/LPC1768/ARMC6/mbed-os/platform/source/mbed_retarget.o
    0x00003fb6   0x00000002   PAD
    0x00003fb8   0x00000008   Code   RO        21702    .text.get_us_ticker_data  BUILD/LPC1768/ARMC6/mbed-os/hal/source/mbed_us_ticker_api.o
    0x00003fc0   0x0000001e   Code   RO        24742    .text.gpio_dir      BUILD/LPC1768/ARMC6/mbed-os/targets/TARGET_NXP/TARGET_LPC176X/gpio_api.o
    0x00003fde   0x0000002c   Code   RO        24738    .text.gpio_init     BUILD/LPC1768/ARMC6/mbed-os/targets/TARGET_NXP/TARGET_LPC176X/gpio_api.o
    0x0000400a   0x00000006   Code   RO        21609    .text.gpio_init_in  BUILD/LPC1768/ARMC6/mbed-os/hal/source/mbed_gpio.o
    0x00004010   0x00000004   Code   RO        21611    .text.gpio_init_in_ex  BUILD/LPC1768/ARMC6/mbed-os/hal/source/mbed_gpio.o
    0x00004014   0x00000006   Code   RO        21615    .text.gpio_init_out  BUILD/LPC1768/ARMC6/mbed-os/hal/source/mbed_gpio.o
    0x0000401a   0x00000008   Code   RO        21617    .text.gpio_init_out_ex  BUILD/LPC1768/ARMC6/mbed-os/hal/source/mbed_gpio.o
    0x00004022   0x00000006   Code   RO        24740    .text.gpio_mode     BUILD/LPC1768/ARMC6/mbed-os/targets/TARGET_NXP/TARGET_LPC176X/gpio_api.o
    0x00004028   0x00000016   Code   RO        24736    .text.gpio_set      BUILD/LPC1768/ARMC6/mbed-os/targets/TARGET_NXP/TARGET_LPC176X/gpio_api.o
    0x0000403e   0x00000002   PAD
    0x00004040   0x0000001c   Code   RO        21596    .text.hal_critical_section_enter  BUILD/LPC1768/ARMC6/mbed-os/hal/source/mbed_critical_section_api.o
    0x0000405c   0x00000010   Code   RO        21598    .text.hal_critical_section_exit  BUILD/LPC1768/ARMC6/mbed-os/hal/source/mbed_critical_section_api.o
    0x0000406c   0x0000000e   Code   RO        24943    .text.hal_deepsleep  BUILD/LPC1768/ARMC6/mbed-os/targets/TARGET_NXP/TARGET_LPC176X/sleep.o
    0x0000407a   0x00000002   PAD
    0x0000407c   0x0000000c   Code   RO        21600    .text.hal_in_critical_section  BUILD/LPC1768/ARMC6/mbed-os/hal/source/mbed_critical_section_api.o
    0x00004088   0x00000024   Code   RO        24941    .text.hal_sleep     BUILD/LPC1768/ARMC6/mbed-os/targets/TARGET_NXP/TARGET_LPC176X/sleep.o
    0x000040ac   0x00000098   Code   RO        22409    .text.handle_error  BUILD/LPC1768/ARMC6/mbed-os/platform/source/mbed_error.o
    0x00004144   0x000000d0   Code   RO        21674    .text.initialize    BUILD/LPC1768/ARMC6/mbed-os/hal/source/mbed_ticker_api.o
    0x00004214   0x00000026   Code   RO        22593    .text.isatty        BUILD/LPC1768/ARMC6/mbed-os/platform/source/mbed_retarget.o
    0x0000423a   0x00000030   Code   RO        22627    .text.lseek         BUILD/LPC1768/ARMC6/mbed-os/platform/source/mbed_retarget.o
    0x0000426a   0x00000002   PAD
    0x0000426c   0x00000050   Code   RO           41    .text.main          BUILD/LPC1768/ARMC6/main.o
    0x000042bc   0x00000064   Code   RO        22383    .text.mbed_die      BUILD/LPC1768/ARMC6/mbed-os/platform/source/mbed_board.o
    0x00004320   0x0000001c   Code   RO        22429    .text.mbed_error    BUILD/LPC1768/ARMC6/mbed-os/platform/source/mbed_error.o
    0x0000433c   0x00000018   Code   RO        22385    .text.mbed_error_printf  BUILD/LPC1768/ARMC6/mbed-os/platform/source/mbed_board.o
    0x00004354   0x0000004e   Code   RO        22389    .text.mbed_error_puts  BUILD/LPC1768/ARMC6/mbed-os/platform/source/mbed_board.o
    0x000043a2   0x00000002   PAD
    0x000043a4   0x00000034   Code   RO        22387    .text.mbed_error_vprintf  BUILD/LPC1768/ARMC6/mbed-os/platform/source/mbed_board.o
    0x000043d8   0x000000f4   Code   RO        22265    .text.mbed_fault_handler  BUILD/LPC1768/ARMC6/mbed-os/platform/source/TARGET_CORTEX_M/mbed_fault_handler.o
    0x000044cc   0x0000000c   Code   RO        22425    .text.mbed_get_error_in_progress  BUILD/LPC1768/ARMC6/mbed-os/platform/source/mbed_error.o
    0x000044d8   0x00000030   Code   RO        22411    .text.mbed_halt_system  BUILD/LPC1768/ARMC6/mbed-os/platform/source/mbed_error.o
    0x00004508   0x00000038   Code   RO          645    .text.mbed_init     BUILD/LPC1768/ARMC6/mbed-os/cmsis/device/rtos/source/mbed_boot.o
    0x00004540   0x00000004   Code   RO        22453    .text.mbed_interface_connected  BUILD/LPC1768/ARMC6/mbed-os/platform/source/mbed_interface.o
    0x00004544   0x00000022   Code   RO        22459    .text.mbed_interface_disconnect  BUILD/LPC1768/ARMC6/mbed-os/platform/source/mbed_interface.o
    0x00004566   0x00000002   PAD
    0x00004568   0x00000318   Code   RO        22982    .text.mbed_minimal_formatted_string  BUILD/LPC1768/ARMC6/mbed-os/platform/source/minimal-printf/mbed_printf_implementation.o
    0x00004880   0x000000ac   Code   RO        22986    .text.mbed_minimal_formatted_string_hexadecimal  BUILD/LPC1768/ARMC6/mbed-os/platform/source/minimal-printf/mbed_printf_implementation.o
    0x0000492c   0x00000082   Code   RO        22984    .text.mbed_minimal_formatted_string_unsigned  BUILD/LPC1768/ARMC6/mbed-os/platform/source/minimal-printf/mbed_printf_implementation.o
    0x000049ae   0x00000002   PAD
    0x000049b0   0x0000003c   Code   RO        22988    .text.mbed_minimal_putchar  BUILD/LPC1768/ARMC6/mbed-os/platform/source/minimal-printf/mbed_printf_implementation.o
    0x000049ec   0x00000064   Code   RO        21719    .text.mbed_mpu_init  BUILD/LPC1768/ARMC6/mbed-os/hal/source/mpu/mbed_mpu_v7m.o
    0x00004a50   0x00000004   Code   RO          661    .text.mbed_rtos_init  BUILD/LPC1768/ARMC6/mbed-os/cmsis/device/rtos/source/mbed_rtos_rtx.o
    0x00004a54   0x00000024   Code   RO          665    .text.mbed_rtos_init_singleton_mutex  BUILD/LPC1768/ARMC6/mbed-os/cmsis/device/rtos/source/mbed_rtos_rtx.o
    0x00004a78   0x00000068   Code   RO          663    .text.mbed_rtos_start  BUILD/LPC1768/ARMC6/mbed-os/cmsis/device/rtos/source/mbed_rtos_rtx.o
    0x00004ae0   0x0000001e   Code   RO          649    .text.mbed_start    BUILD/LPC1768/ARMC6/mbed-os/cmsis/device/rtos/source/mbed_boot.o
    0x00004afe   0x00000002   PAD
    0x00004b00   0x00000018   Code   RO          625    .text.mbed_toolchain_init  BUILD/LPC1768/ARMC6/mbed-os/cmsis/device/rtos/TOOLCHAIN_ARM_STD/mbed_boot_arm_std.o
    0x00004b18   0x0000000c   Code   RO        21710    .text.note_us_ticker_free  BUILD/LPC1768/ARMC6/mbed-os/hal/source/mbed_us_ticker_api.o
    0x00004b24   0x00000014   Code   RO        21708    .text.note_us_ticker_init  BUILD/LPC1768/ARMC6/mbed-os/hal/source/mbed_us_ticker_api.o
    0x00004b38   0x00000084   Code   RO        22601    .text.open          BUILD/LPC1768/ARMC6/mbed-os/platform/source/mbed_retarget.o
    0x00004bbc   0x00000030   Code   RO          120    .text.osDelay       BUILD/LPC1768/ARMC6/mbed-os/cmsis/CMSIS_5/CMSIS/RTOS2/RTX/Source/rtx_delay.o
    0x00004bec   0x00000030   Code   RO          200    .text.osKernelGetState  BUILD/LPC1768/ARMC6/mbed-os/cmsis/CMSIS_5/CMSIS/RTOS2/RTX/Source/rtx_kernel.o
    0x00004c1c   0x00000034   Code   RO          194    .text.osKernelInitialize  BUILD/LPC1768/ARMC6/mbed-os/cmsis/CMSIS_5/CMSIS/RTOS2/RTX/Source/rtx_kernel.o
    0x00004c50   0x00000030   Code   RO          204    .text.osKernelStart  BUILD/LPC1768/ARMC6/mbed-os/cmsis/CMSIS_5/CMSIS/RTOS2/RTX/Source/rtx_kernel.o
    0x00004c80   0x00000078   Code   RO          326    .text.osMessageQueueGet  BUILD/LPC1768/ARMC6/mbed-os/cmsis/CMSIS_5/CMSIS/RTOS2/RTX/Source/rtx_msgqueue.o
    0x00004cf8   0x00000034   Code   RO          320    .text.osMessageQueueNew  BUILD/LPC1768/ARMC6/mbed-os/cmsis/CMSIS_5/CMSIS/RTOS2/RTX/Source/rtx_msgqueue.o
    0x00004d2c   0x0000007c   Code   RO          324    .text.osMessageQueuePut  BUILD/LPC1768/ARMC6/mbed-os/cmsis/CMSIS_5/CMSIS/RTOS2/RTX/Source/rtx_msgqueue.o
    0x00004da8   0x00000030   Code   RO          378    .text.osMutexAcquire  BUILD/LPC1768/ARMC6/mbed-os/cmsis/CMSIS_5/CMSIS/RTOS2/RTX/Source/rtx_mutex.o
    0x00004dd8   0x00000030   Code   RO          384    .text.osMutexDelete  BUILD/LPC1768/ARMC6/mbed-os/cmsis/CMSIS_5/CMSIS/RTOS2/RTX/Source/rtx_mutex.o
    0x00004e08   0x00000034   Code   RO          374    .text.osMutexNew    BUILD/LPC1768/ARMC6/mbed-os/cmsis/CMSIS_5/CMSIS/RTOS2/RTX/Source/rtx_mutex.o
    0x00004e3c   0x00000030   Code   RO          380    .text.osMutexRelease  BUILD/LPC1768/ARMC6/mbed-os/cmsis/CMSIS_5/CMSIS/RTOS2/RTX/Source/rtx_mutex.o
    0x00004e6c   0x00000050   Code   RO          680    .text.osRtxErrorNotify  BUILD/LPC1768/ARMC6/mbed-os/cmsis/device/rtos/source/mbed_rtx_handlers.o
    0x00004ebc   0x00000004   Code   RO          678    .text.osRtxIdleThread  BUILD/LPC1768/ARMC6/mbed-os/cmsis/device/rtos/source/mbed_rtx_handlers.o
    0x00004ec0   0x00000070   Code   RO          268    .text.osRtxMemoryAlloc  BUILD/LPC1768/ARMC6/mbed-os/cmsis/CMSIS_5/CMSIS/RTOS2/RTX/Source/rtx_memory.o
    0x00004f30   0x00000048   Code   RO          270    .text.osRtxMemoryFree  BUILD/LPC1768/ARMC6/mbed-os/cmsis/CMSIS_5/CMSIS/RTOS2/RTX/Source/rtx_memory.o
    0x00004f78   0x0000003c   Code   RO          266    .text.osRtxMemoryInit  BUILD/LPC1768/ARMC6/mbed-os/cmsis/CMSIS_5/CMSIS/RTOS2/RTX/Source/rtx_memory.o
    0x00004fb4   0x0000003a   Code   RO          276    .text.osRtxMemoryPoolAlloc  BUILD/LPC1768/ARMC6/mbed-os/cmsis/CMSIS_5/CMSIS/RTOS2/RTX/Source/rtx_mempool.o
    0x00004fee   0x0000004a   Code   RO          278    .text.osRtxMemoryPoolFree  BUILD/LPC1768/ARMC6/mbed-os/cmsis/CMSIS_5/CMSIS/RTOS2/RTX/Source/rtx_mempool.o
    0x00005038   0x00000036   Code   RO          274    .text.osRtxMemoryPoolInit  BUILD/LPC1768/ARMC6/mbed-os/cmsis/CMSIS_5/CMSIS/RTOS2/RTX/Source/rtx_mempool.o
    0x0000506e   0x000000ba   Code   RO          350    .text.osRtxMessageQueuePostProcess  BUILD/LPC1768/ARMC6/mbed-os/cmsis/CMSIS_5/CMSIS/RTOS2/RTX/Source/rtx_msgqueue.o
    0x00005128   0x00000048   Code   RO          370    .text.osRtxMutexOwnerRelease  BUILD/LPC1768/ARMC6/mbed-os/cmsis/CMSIS_5/CMSIS/RTOS2/RTX/Source/rtx_mutex.o
    0x00005170   0x00000042   Code   RO          372    .text.osRtxMutexOwnerRestore  BUILD/LPC1768/ARMC6/mbed-os/cmsis/CMSIS_5/CMSIS/RTOS2/RTX/Source/rtx_mutex.o
    0x000051b2   0x00000002   PAD
    0x000051b4   0x00000088   Code   RO          432    .text.osRtxPendSV_Handler  BUILD/LPC1768/ARMC6/mbed-os/cmsis/CMSIS_5/CMSIS/RTOS2/RTX/Source/rtx_system.o
    0x0000523c   0x00000070   Code   RO          434    .text.osRtxPostProcess  BUILD/LPC1768/ARMC6/mbed-os/cmsis/CMSIS_5/CMSIS/RTOS2/RTX/Source/rtx_system.o
    0x000052ac   0x00000036   Code   RO          416    .text.osRtxSemaphorePostProcess  BUILD/LPC1768/ARMC6/mbed-os/cmsis/CMSIS_5/CMSIS/RTOS2/RTX/Source/rtx_semaphore.o
    0x000052e2   0x00000002   PAD
    0x000052e4   0x00000034   Code   RO          460    .text.osRtxThreadBlock  BUILD/LPC1768/ARMC6/mbed-os/cmsis/CMSIS_5/CMSIS/RTOS2/RTX/Source/rtx_thread.o
    0x00005318   0x00000074   Code   RO          468    .text.osRtxThreadDelayInsert  BUILD/LPC1768/ARMC6/mbed-os/cmsis/CMSIS_5/CMSIS/RTOS2/RTX/Source/rtx_thread.o
    0x0000538c   0x00000038   Code   RO          464    .text.osRtxThreadDelayRemove  BUILD/LPC1768/ARMC6/mbed-os/cmsis/CMSIS_5/CMSIS/RTOS2/RTX/Source/rtx_thread.o
    0x000053c4   0x00000048   Code   RO          448    .text.osRtxThreadDelayTick  BUILD/LPC1768/ARMC6/mbed-os/cmsis/CMSIS_5/CMSIS/RTOS2/RTX/Source/rtx_thread.o
    0x0000540c   0x00000054   Code   RO          458    .text.osRtxThreadDispatch  BUILD/LPC1768/ARMC6/mbed-os/cmsis/CMSIS_5/CMSIS/RTOS2/RTX/Source/rtx_thread.o
    0x00005460   0x00000054   Code   RO          544    .text.osRtxThreadFree  BUILD/LPC1768/ARMC6/mbed-os/cmsis/CMSIS_5/CMSIS/RTOS2/RTX/Source/rtx_thread.o
    0x000054b4   0x00000012   Code   RO          440    .text.osRtxThreadListGet  BUILD/LPC1768/ARMC6/mbed-os/cmsis/CMSIS_5/CMSIS/RTOS2/RTX/Source/rtx_thread.o
    0x000054c6   0x0000002c   Code   RO          438    .text.osRtxThreadListPut  BUILD/LPC1768/ARMC6/mbed-os/cmsis/CMSIS_5/CMSIS/RTOS2/RTX/Source/rtx_thread.o
    0x000054f2   0x00000014   Code   RO          444    .text.osRtxThreadListRemove  BUILD/LPC1768/ARMC6/mbed-os/cmsis/CMSIS_5/CMSIS/RTOS2/RTX/Source/rtx_thread.o
    0x00005506   0x0000000c   Code   RO          450    .text.osRtxThreadListRoot  BUILD/LPC1768/ARMC6/mbed-os/cmsis/CMSIS_5/CMSIS/RTOS2/RTX/Source/rtx_thread.o
    0x00005512   0x00000026   Code   RO          442    .text.osRtxThreadListSort  BUILD/LPC1768/ARMC6/mbed-os/cmsis/CMSIS_5/CMSIS/RTOS2/RTX/Source/rtx_thread.o
    0x00005538   0x00000028   Code   RO          518    .text.osRtxThreadPostProcess  BUILD/LPC1768/ARMC6/mbed-os/cmsis/CMSIS_5/CMSIS/RTOS2/RTX/Source/rtx_thread.o
    0x00005560   0x00000010   Code   RO          446    .text.osRtxThreadReadyPut  BUILD/LPC1768/ARMC6/mbed-os/cmsis/CMSIS_5/CMSIS/RTOS2/RTX/Source/rtx_thread.o
    0x00005570   0x00000028   Code   RO          456    .text.osRtxThreadStackCheck  BUILD/LPC1768/ARMC6/mbed-os/cmsis/CMSIS_5/CMSIS/RTOS2/RTX/Source/rtx_thread.o
    0x00005598   0x00000038   Code   RO          470    .text.osRtxThreadStartup  BUILD/LPC1768/ARMC6/mbed-os/cmsis/CMSIS_5/CMSIS/RTOS2/RTX/Source/rtx_thread.o
    0x000055d0   0x0000000c   Code   RO          454    .text.osRtxThreadSwitch  BUILD/LPC1768/ARMC6/mbed-os/cmsis/CMSIS_5/CMSIS/RTOS2/RTX/Source/rtx_thread.o
    0x000055dc   0x00000038   Code   RO          466    .text.osRtxThreadWaitEnter  BUILD/LPC1768/ARMC6/mbed-os/cmsis/CMSIS_5/CMSIS/RTOS2/RTX/Source/rtx_thread.o
    0x00005614   0x00000022   Code   RO          462    .text.osRtxThreadWaitExit  BUILD/LPC1768/ARMC6/mbed-os/cmsis/CMSIS_5/CMSIS/RTOS2/RTX/Source/rtx_thread.o
    0x00005636   0x00000002   PAD
    0x00005638   0x00000074   Code   RO          430    .text.osRtxTick_Handler  BUILD/LPC1768/ARMC6/mbed-os/cmsis/CMSIS_5/CMSIS/RTOS2/RTX/Source/rtx_system.o
    0x000056ac   0x0000003c   Code   RO          566    .text.osRtxTimerThread  BUILD/LPC1768/ARMC6/mbed-os/cmsis/CMSIS_5/CMSIS/RTOS2/RTX/Source/rtx_timer.o
    0x000056e8   0x00000054   Code   RO          568    .text.osRtxTimerTick  BUILD/LPC1768/ARMC6/mbed-os/cmsis/CMSIS_5/CMSIS/RTOS2/RTX/Source/rtx_timer.o
    0x0000573c   0x00000030   Code   RO          412    .text.osSemaphoreDelete  BUILD/LPC1768/ARMC6/mbed-os/cmsis/CMSIS_5/CMSIS/RTOS2/RTX/Source/rtx_semaphore.o
    0x0000576c   0x00000034   Code   RO          400    .text.osSemaphoreNew  BUILD/LPC1768/ARMC6/mbed-os/cmsis/CMSIS_5/CMSIS/RTOS2/RTX/Source/rtx_semaphore.o
    0x000057a0   0x00000060   Code   RO          406    .text.osSemaphoreRelease  BUILD/LPC1768/ARMC6/mbed-os/cmsis/CMSIS_5/CMSIS/RTOS2/RTX/Source/rtx_semaphore.o
    0x00005800   0x0000001c   Code   RO          502    .text.osThreadExit  BUILD/LPC1768/ARMC6/mbed-os/cmsis/CMSIS_5/CMSIS/RTOS2/RTX/Source/rtx_thread.o
    0x0000581c   0x00000024   Code   RO          514    .text.osThreadFlagsGet  BUILD/LPC1768/ARMC6/mbed-os/cmsis/CMSIS_5/CMSIS/RTOS2/RTX/Source/rtx_thread.o
    0x00005840   0x00000068   Code   RO          510    .text.osThreadFlagsSet  BUILD/LPC1768/ARMC6/mbed-os/cmsis/CMSIS_5/CMSIS/RTOS2/RTX/Source/rtx_thread.o
    0x000058a8   0x00000030   Code   RO          516    .text.osThreadFlagsWait  BUILD/LPC1768/ARMC6/mbed-os/cmsis/CMSIS_5/CMSIS/RTOS2/RTX/Source/rtx_thread.o
    0x000058d8   0x00000028   Code   RO          478    .text.osThreadGetId  BUILD/LPC1768/ARMC6/mbed-os/cmsis/CMSIS_5/CMSIS/RTOS2/RTX/Source/rtx_thread.o
    0x00005900   0x00000034   Code   RO          474    .text.osThreadNew   BUILD/LPC1768/ARMC6/mbed-os/cmsis/CMSIS_5/CMSIS/RTOS2/RTX/Source/rtx_thread.o
    0x00005934   0x00000038   Code   RO          504    .text.osThreadTerminate  BUILD/LPC1768/ARMC6/mbed-os/cmsis/CMSIS_5/CMSIS/RTOS2/RTX/Source/rtx_thread.o
    0x0000596c   0x00000030   Code   RO          492    .text.osThreadYield  BUILD/LPC1768/ARMC6/mbed-os/cmsis/CMSIS_5/CMSIS/RTOS2/RTX/Source/rtx_thread.o
    0x0000599c   0x00000020   Code   RO          629    .text.os_kernel_is_active  BUILD/LPC1768/ARMC6/mbed-os/cmsis/device/rtos/TOOLCHAIN_ARM_STD/mbed_boot_arm_std.o
    0x000059bc   0x00000030   Code   RO        24809    .text.pin_function  BUILD/LPC1768/ARMC6/mbed-os/targets/TARGET_NXP/TARGET_LPC176X/pinmap.o
    0x000059ec   0x0000005c   Code   RO        24811    .text.pin_mode      BUILD/LPC1768/ARMC6/mbed-os/targets/TARGET_NXP/TARGET_LPC176X/pinmap.o
    0x00005a48   0x0000001c   Code   RO        21641    .text.pinmap_find_peripheral  BUILD/LPC1768/ARMC6/mbed-os/hal/source/mbed_pinmap_common.o
    0x00005a64   0x00000024   Code   RO        21639    .text.pinmap_merge  BUILD/LPC1768/ARMC6/mbed-os/hal/source/mbed_pinmap_common.o
    0x00005a88   0x0000002c   Code   RO        21643    .text.pinmap_peripheral  BUILD/LPC1768/ARMC6/mbed-os/hal/source/mbed_pinmap_common.o
    0x00005ab4   0x00000048   Code   RO        21637    .text.pinmap_pinout  BUILD/LPC1768/ARMC6/mbed-os/hal/source/mbed_pinmap_common.o
    0x00005afc   0x0000015c   Code   RO        22267    .text.print_context_info  BUILD/LPC1768/ARMC6/mbed-os/platform/source/TARGET_CORTEX_M/mbed_fault_handler.o
    0x00005c58   0x0000000c   Code   RO          693    .text.rtos_idle_loop  BUILD/LPC1768/ARMC6/mbed-os/cmsis/device/rtos/source/mbed_rtx_idle.o
    0x00005c64   0x000000d0   Code   RO        21680    .text.schedule_interrupt  BUILD/LPC1768/ARMC6/mbed-os/hal/source/mbed_ticker_api.o
    0x00005d34   0x00000010   Code   RO        22817    .text.semihost_connected  BUILD/LPC1768/ARMC6/mbed-os/platform/source/mbed_semihost_api.o
    0x00005d44   0x0000000e   Code   RO        22819    .text.semihost_disabledebug  BUILD/LPC1768/ARMC6/mbed-os/platform/source/mbed_semihost_api.o
    0x00005d52   0x0000000c   Code   RO        22807    .text.semihost_exit  BUILD/LPC1768/ARMC6/mbed-os/platform/source/mbed_semihost_api.o
    0x00005d5e   0x00000002   PAD
    0x00005d60   0x0000019c   Code   RO        24882    .text.serial_baud   BUILD/LPC1768/ARMC6/mbed-os/targets/TARGET_NXP/TARGET_LPC176X/serial_api.o
    0x00005efc   0x00000018   Code   RO        24922    .text.serial_flow_irq_set  BUILD/LPC1768/ARMC6/mbed-os/targets/TARGET_NXP/TARGET_LPC176X/serial_api.o
    0x00005f14   0x0000001e   Code   RO        24884    .text.serial_format  BUILD/LPC1768/ARMC6/mbed-os/targets/TARGET_NXP/TARGET_LPC176X/serial_api.o
    0x00005f32   0x00000002   PAD
    0x00005f34   0x00000010   Code   RO        24888    .text.serial_free   BUILD/LPC1768/ARMC6/mbed-os/targets/TARGET_NXP/TARGET_LPC176X/serial_api.o
    0x00005f44   0x00000030   Code   RO        24906    .text.serial_getc   BUILD/LPC1768/ARMC6/mbed-os/targets/TARGET_NXP/TARGET_LPC176X/serial_api.o
    0x00005f74   0x00000120   Code   RO        24880    .text.serial_init   BUILD/LPC1768/ARMC6/mbed-os/targets/TARGET_NXP/TARGET_LPC176X/serial_api.o
    0x00006094   0x0000000a   Code   RO        21740    .text.serial_init_direct  BUILD/LPC1768/ARMC6/mbed-os/hal/source/static_pinmap.o
    0x0000609e   0x00000002   PAD
    0x000060a0   0x00000018   Code   RO        24900    .text.serial_irq_handler  BUILD/LPC1768/ARMC6/mbed-os/targets/TARGET_NXP/TARGET_LPC176X/serial_api.o
    0x000060b8   0x00000020   Code   RO        24902    .text.serial_irq_set  BUILD/LPC1768/ARMC6/mbed-os/targets/TARGET_NXP/TARGET_LPC176X/serial_api.o
    0x000060d8   0x000000cc   Code   RO        24904    .text.serial_irq_set_internal  BUILD/LPC1768/ARMC6/mbed-os/targets/TARGET_NXP/TARGET_LPC176X/serial_api.o
    0x000061a4   0x0000002c   Code   RO        24910    .text.serial_putc   BUILD/LPC1768/ARMC6/mbed-os/targets/TARGET_NXP/TARGET_LPC176X/serial_api.o
    0x000061d0   0x0000000a   Code   RO        24908    .text.serial_readable  BUILD/LPC1768/ARMC6/mbed-os/targets/TARGET_NXP/TARGET_LPC176X/serial_api.o
    0x000061da   0x00000002   PAD
    0x000061dc   0x000000e8   Code   RO        24886    .text.serial_set_flow_control  BUILD/LPC1768/ARMC6/mbed-os/targets/TARGET_NXP/TARGET_LPC176X/serial_api.o
    0x000062c4   0x0000004c   Code   RO        24912    .text.serial_writable  BUILD/LPC1768/ARMC6/mbed-os/targets/TARGET_NXP/TARGET_LPC176X/serial_api.o
    0x00006310   0x00000024   Code   RO        22552    .text.sleep_manager_lock_deep_sleep_internal  BUILD/LPC1768/ARMC6/mbed-os/platform/source/mbed_power_mgmt.o
    0x00006334   0x00000020   Code   RO        22560    .text.sleep_manager_sleep_auto  BUILD/LPC1768/ARMC6/mbed-os/platform/source/mbed_power_mgmt.o
    0x00006354   0x00000030   Code   RO        22554    .text.sleep_manager_unlock_deep_sleep_internal  BUILD/LPC1768/ARMC6/mbed-os/platform/source/mbed_power_mgmt.o
    0x00006384   0x00000044   Code   RO        24951    .text.spi_format    BUILD/LPC1768/ARMC6/mbed-os/targets/TARGET_NXP/TARGET_LPC176X/spi_api.o
    0x000063c8   0x000000d8   Code   RO        24953    .text.spi_frequency  BUILD/LPC1768/ARMC6/mbed-os/targets/TARGET_NXP/TARGET_LPC176X/spi_api.o
    0x000064a0   0x000000c0   Code   RO        24947    .text.spi_init      BUILD/LPC1768/ARMC6/mbed-os/targets/TARGET_NXP/TARGET_LPC176X/spi_api.o
    0x00006560   0x00000014   Code   RO        24955    .text.spi_master_write  BUILD/LPC1768/ARMC6/mbed-os/targets/TARGET_NXP/TARGET_LPC176X/spi_api.o
    0x00006574   0x00000014   Code   RO          124    .text.svcRtxDelay   BUILD/LPC1768/ARMC6/mbed-os/cmsis/CMSIS_5/CMSIS/RTOS2/RTX/Source/rtx_delay.o
    0x00006588   0x00000008   Code   RO          202    .text.svcRtxKernelGetState  BUILD/LPC1768/ARMC6/mbed-os/cmsis/CMSIS_5/CMSIS/RTOS2/RTX/Source/rtx_kernel.o
    0x00006590   0x00000150   Code   RO          232    .text.svcRtxKernelInitialize  BUILD/LPC1768/ARMC6/mbed-os/cmsis/CMSIS_5/CMSIS/RTOS2/RTX/Source/rtx_kernel.o
    0x000066e0   0x0000009c   Code   RO          234    .text.svcRtxKernelStart  BUILD/LPC1768/ARMC6/mbed-os/cmsis/CMSIS_5/CMSIS/RTOS2/RTX/Source/rtx_kernel.o
    0x0000677c   0x000000e0   Code   RO          362    .text.svcRtxMessageQueueGet  BUILD/LPC1768/ARMC6/mbed-os/cmsis/CMSIS_5/CMSIS/RTOS2/RTX/Source/rtx_msgqueue.o
    0x0000685c   0x00000138   Code   RO          348    .text.svcRtxMessageQueueNew  BUILD/LPC1768/ARMC6/mbed-os/cmsis/CMSIS_5/CMSIS/RTOS2/RTX/Source/rtx_msgqueue.o
    0x00006994   0x000000c0   Code   RO          358    .text.svcRtxMessageQueuePut  BUILD/LPC1768/ARMC6/mbed-os/cmsis/CMSIS_5/CMSIS/RTOS2/RTX/Source/rtx_msgqueue.o
    0x00006a54   0x000000ac   Code   RO          390    .text.svcRtxMutexAcquire  BUILD/LPC1768/ARMC6/mbed-os/cmsis/CMSIS_5/CMSIS/RTOS2/RTX/Source/rtx_mutex.o
    0x00006b00   0x000000b8   Code   RO          396    .text.svcRtxMutexDelete  BUILD/LPC1768/ARMC6/mbed-os/cmsis/CMSIS_5/CMSIS/RTOS2/RTX/Source/rtx_mutex.o
    0x00006bb8   0x00000078   Code   RO          386    .text.svcRtxMutexNew  BUILD/LPC1768/ARMC6/mbed-os/cmsis/CMSIS_5/CMSIS/RTOS2/RTX/Source/rtx_mutex.o
    0x00006c30   0x000000d4   Code   RO          392    .text.svcRtxMutexRelease  BUILD/LPC1768/ARMC6/mbed-os/cmsis/CMSIS_5/CMSIS/RTOS2/RTX/Source/rtx_mutex.o
    0x00006d04   0x0000006c   Code   RO          426    .text.svcRtxSemaphoreDelete  BUILD/LPC1768/ARMC6/mbed-os/cmsis/CMSIS_5/CMSIS/RTOS2/RTX/Source/rtx_semaphore.o
    0x00006d70   0x00000098   Code   RO          414    .text.svcRtxSemaphoreNew  BUILD/LPC1768/ARMC6/mbed-os/cmsis/CMSIS_5/CMSIS/RTOS2/RTX/Source/rtx_semaphore.o
    0x00006e08   0x00000050   Code   RO          424    .text.svcRtxSemaphoreRelease  BUILD/LPC1768/ARMC6/mbed-os/cmsis/CMSIS_5/CMSIS/RTOS2/RTX/Source/rtx_semaphore.o
    0x00006e58   0x00000064   Code   RO          548    .text.svcRtxThreadExit  BUILD/LPC1768/ARMC6/mbed-os/cmsis/CMSIS_5/CMSIS/RTOS2/RTX/Source/rtx_thread.o
    0x00006ebc   0x00000014   Code   RO          560    .text.svcRtxThreadFlagsGet  BUILD/LPC1768/ARMC6/mbed-os/cmsis/CMSIS_5/CMSIS/RTOS2/RTX/Source/rtx_thread.o
    0x00006ed0   0x0000007a   Code   RO          556    .text.svcRtxThreadFlagsSet  BUILD/LPC1768/ARMC6/mbed-os/cmsis/CMSIS_5/CMSIS/RTOS2/RTX/Source/rtx_thread.o
    0x00006f4a   0x00000002   PAD
    0x00006f4c   0x00000068   Code   RO          562    .text.svcRtxThreadFlagsWait  BUILD/LPC1768/ARMC6/mbed-os/cmsis/CMSIS_5/CMSIS/RTOS2/RTX/Source/rtx_thread.o
    0x00006fb4   0x0000000c   Code   RO          480    .text.svcRtxThreadGetId  BUILD/LPC1768/ARMC6/mbed-os/cmsis/CMSIS_5/CMSIS/RTOS2/RTX/Source/rtx_thread.o
    0x00006fc0   0x000001fc   Code   RO          472    .text.svcRtxThreadNew  BUILD/LPC1768/ARMC6/mbed-os/cmsis/CMSIS_5/CMSIS/RTOS2/RTX/Source/rtx_thread.o
    0x000071bc   0x000000c8   Code   RO          550    .text.svcRtxThreadTerminate  BUILD/LPC1768/ARMC6/mbed-os/cmsis/CMSIS_5/CMSIS/RTOS2/RTX/Source/rtx_thread.o
    0x00007284   0x00000038   Code   RO          534    .text.svcRtxThreadYield  BUILD/LPC1768/ARMC6/mbed-os/cmsis/CMSIS_5/CMSIS/RTOS2/RTX/Source/rtx_thread.o
    0x000072bc   0x00000060   Code   RO        21676    .text.ticker_irq_handler  BUILD/LPC1768/ARMC6/mbed-os/hal/source/mbed_ticker_api.o
    0x0000731c   0x00000008   Code   RO        21688    .text.ticker_read   BUILD/LPC1768/ARMC6/mbed-os/hal/source/mbed_ticker_api.o
    0x00007324   0x00000022   Code   RO        21690    .text.ticker_read_us  BUILD/LPC1768/ARMC6/mbed-os/hal/source/mbed_ticker_api.o
    0x00007346   0x00000002   PAD
    0x00007348   0x00000014   Code   RO        24890    .text.uart0_irq     BUILD/LPC1768/ARMC6/mbed-os/targets/TARGET_NXP/TARGET_LPC176X/serial_api.o
    0x0000735c   0x00000014   Code   RO        24894    .text.uart1_irq     BUILD/LPC1768/ARMC6/mbed-os/targets/TARGET_NXP/TARGET_LPC176X/serial_api.o
    0x00007370   0x00000014   Code   RO        24896    .text.uart2_irq     BUILD/LPC1768/ARMC6/mbed-os/targets/TARGET_NXP/TARGET_LPC176X/serial_api.o
    0x00007384   0x00000014   Code   RO        24898    .text.uart3_irq     BUILD/LPC1768/ARMC6/mbed-os/targets/TARGET_NXP/TARGET_LPC176X/serial_api.o
    0x00007398   0x00000068   Code   RO        24892    .text.uart_irq      BUILD/LPC1768/ARMC6/mbed-os/targets/TARGET_NXP/TARGET_LPC176X/serial_api.o
    0x00007400   0x000000c0   Code   RO        21678    .text.update_present_time  BUILD/LPC1768/ARMC6/mbed-os/hal/source/mbed_ticker_api.o
    0x000074c0   0x0000000c   Code   RO        25001    .text.us_ticker_clear_interrupt  BUILD/LPC1768/ARMC6/mbed-os/targets/TARGET_NXP/TARGET_LPC176X/us_ticker.o
    0x000074cc   0x0000000c   Code   RO        24993    .text.us_ticker_disable_interrupt  BUILD/LPC1768/ARMC6/mbed-os/targets/TARGET_NXP/TARGET_LPC176X/us_ticker.o
    0x000074d8   0x0000000c   Code   RO        24999    .text.us_ticker_fire_interrupt  BUILD/LPC1768/ARMC6/mbed-os/targets/TARGET_NXP/TARGET_LPC176X/us_ticker.o
    0x000074e4   0x00000024   Code   RO        25003    .text.us_ticker_free  BUILD/LPC1768/ARMC6/mbed-os/targets/TARGET_NXP/TARGET_LPC176X/us_ticker.o
    0x00007508   0x00000008   Code   RO        24989    .text.us_ticker_get_info  BUILD/LPC1768/ARMC6/mbed-os/targets/TARGET_NXP/TARGET_LPC176X/us_ticker.o
    0x00007510   0x0000006c   Code   RO        24991    .text.us_ticker_init  BUILD/LPC1768/ARMC6/mbed-os/targets/TARGET_NXP/TARGET_LPC176X/us_ticker.o
    0x0000757c   0x00000014   Code   RO        21706    .text.us_ticker_irq_handler  BUILD/LPC1768/ARMC6/mbed-os/hal/source/mbed_us_ticker_api.o
    0x00007590   0x0000000c   Code   RO        24995    .text.us_ticker_read  BUILD/LPC1768/ARMC6/mbed-os/targets/TARGET_NXP/TARGET_LPC176X/us_ticker.o
    0x0000759c   0x00000014   Code   RO        24997    .text.us_ticker_set_interrupt  BUILD/LPC1768/ARMC6/mbed-os/targets/TARGET_NXP/TARGET_LPC176X/us_ticker.o
    0x000075b0   0x0000001e   Code   RO        22843    .text.wait_us       BUILD/LPC1768/ARMC6/mbed-os/platform/source/mbed_wait_api_no_rtos.o
    0x000075ce   0x00000030   Code   RO        22613    .text.write         BUILD/LPC1768/ARMC6/mbed-os/platform/source/mbed_retarget.o
    0x000075fe   0x00000002   PAD
    0x00007600   0x0000007c   Code   RO        25801    i.floorf            /home/developer/.config/Mbed Studio/mbed-studio-tools/ac6/bin/../lib/armlib/m_ws.l(floorf.o)
    0x0000767c   0x0000001a   Code   RO        25566    i.fputc             /home/developer/.config/Mbed Studio/mbed-studio-tools/ac6/bin/../lib/armlib/c_w.l(fputc.o)
    0x00007696   0x0000000c   Code   RO        25986    x$fpl$dretinf       /home/developer/.config/Mbed Studio/mbed-studio-tools/ac6/bin/../lib/armlib/fz_ws.l(dretinf.o)
    0x000076a2   0x00000002   PAD
    0x000076a4   0x00000056   Code   RO        25703    x$fpl$f2d           /home/developer/.config/Mbed Studio/mbed-studio-tools/ac6/bin/../lib/armlib/fz_ws.l(f2d.o)
    0x000076fa   0x00000002   PAD
    0x000076fc   0x000000c4   Code   RO        25705    x$fpl$fadd          /home/developer/.config/Mbed Studio/mbed-studio-tools/ac6/bin/../lib/armlib/fz_ws.l(faddsub_clz.o)
    0x000077c0   0x00000054   Code   RO        25711    x$fpl$fcmp          /home/developer/.config/Mbed Studio/mbed-studio-tools/ac6/bin/../lib/armlib/fz_ws.l(fcmp.o)
    0x00007814   0x00000018   Code   RO        26139    x$fpl$fcmpinf       /home/developer/.config/Mbed Studio/mbed-studio-tools/ac6/bin/../lib/armlib/fz_ws.l(fcmpi.o)
    0x0000782c   0x00000184   Code   RO        25714    x$fpl$fdiv          /home/developer/.config/Mbed Studio/mbed-studio-tools/ac6/bin/../lib/armlib/fz_ws.l(fdiv.o)
    0x000079b0   0x00000068   Code   RO        25992    x$fpl$feqf          /home/developer/.config/Mbed Studio/mbed-studio-tools/ac6/bin/../lib/armlib/fz_ws.l(feqf.o)
    0x00007a18   0x00000036   Code   RO        25717    x$fpl$ffix          /home/developer/.config/Mbed Studio/mbed-studio-tools/ac6/bin/../lib/armlib/fz_ws.l(ffix.o)
    0x00007a4e   0x00000002   PAD
    0x00007a50   0x00000030   Code   RO        25726    x$fpl$fflt          /home/developer/.config/Mbed Studio/mbed-studio-tools/ac6/bin/../lib/armlib/fz_ws.l(fflt_clz.o)
    0x00007a80   0x00000026   Code   RO        25725    x$fpl$ffltu         /home/developer/.config/Mbed Studio/mbed-studio-tools/ac6/bin/../lib/armlib/fz_ws.l(fflt_clz.o)
    0x00007aa6   0x00000002   PAD
    0x00007aa8   0x00000068   Code   RO        25994    x$fpl$fgeqf         /home/developer/.config/Mbed Studio/mbed-studio-tools/ac6/bin/../lib/armlib/fz_ws.l(fgeqf.o)
    0x00007b10   0x00000068   Code   RO        25996    x$fpl$fleqf         /home/developer/.config/Mbed Studio/mbed-studio-tools/ac6/bin/../lib/armlib/fz_ws.l(fleqf.o)
    0x00007b78   0x0000008c   Code   RO        25998    x$fpl$fnaninf       /home/developer/.config/Mbed Studio/mbed-studio-tools/ac6/bin/../lib/armlib/fz_ws.l(fnaninf.o)
    0x00007c04   0x0000000a   Code   RO        26000    x$fpl$fretinf       /home/developer/.config/Mbed Studio/mbed-studio-tools/ac6/bin/../lib/armlib/fz_ws.l(fretinf.o)
    0x00007c0e   0x00000002   PAD
    0x00007c10   0x000000ea   Code   RO        25707    x$fpl$fsub          /home/developer/.config/Mbed Studio/mbed-studio-tools/ac6/bin/../lib/armlib/fz_ws.l(faddsub_clz.o)
    0x00007cfa   0x00000000   Code   RO        26006    x$fpl$usenofp       /home/developer/.config/Mbed Studio/mbed-studio-tools/ac6/bin/../lib/armlib/fz_ws.l(usenofp.o)
    0x00007cfa   0x00000002   PAD
    0x00007cfc   0x000000a0   Data   RO          256    .rodata             BUILD/LPC1768/ARMC6/mbed-os/cmsis/CMSIS_5/CMSIS/RTOS2/RTX/Source/rtx_lib.o
    0x00007d9c   0x00000010   Data   RO          672    .rodata..L__const.mbed_rtos_init_singleton_mutex.singleton_mutex_attr  BUILD/LPC1768/ARMC6/mbed-os/cmsis/device/rtos/source/mbed_rtos_rtx.o
    0x00007dac   0x0000003c   Data   RO        24984    .rodata.PinMap_SPI_MISO  BUILD/LPC1768/ARMC6/mbed-os/targets/TARGET_NXP/TARGET_LPC176X/spi_api.o
    0x00007de8   0x0000003c   Data   RO        24983    .rodata.PinMap_SPI_MOSI  BUILD/LPC1768/ARMC6/mbed-os/targets/TARGET_NXP/TARGET_LPC176X/spi_api.o
    0x00007e24   0x0000003c   Data   RO        24985    .rodata.PinMap_SPI_SCLK  BUILD/LPC1768/ARMC6/mbed-os/targets/TARGET_NXP/TARGET_LPC176X/spi_api.o
    0x00007e60   0x0000003c   Data   RO        24986    .rodata.PinMap_SPI_SSEL  BUILD/LPC1768/ARMC6/mbed-os/targets/TARGET_NXP/TARGET_LPC176X/spi_api.o
    0x00007e9c   0x00000024   Data   RO        24937    .rodata.PinMap_UART_CTS  BUILD/LPC1768/ARMC6/mbed-os/targets/TARGET_NXP/TARGET_LPC176X/serial_api.o
    0x00007ec0   0x00000024   Data   RO        24936    .rodata.PinMap_UART_RTS  BUILD/LPC1768/ARMC6/mbed-os/targets/TARGET_NXP/TARGET_LPC176X/serial_api.o
    0x00007ee4   0x0000006c   Data   RO        24933    .rodata.PinMap_UART_RX  BUILD/LPC1768/ARMC6/mbed-os/targets/TARGET_NXP/TARGET_LPC176X/serial_api.o
    0x00007f50   0x0000006c   Data   RO        24932    .rodata.PinMap_UART_TX  BUILD/LPC1768/ARMC6/mbed-os/targets/TARGET_NXP/TARGET_LPC176X/serial_api.o
    0x00007fbc   0x00000050   Data   RO        22741    .rodata._ZTV12DirectSerial  BUILD/LPC1768/ARMC6/mbed-os/platform/source/mbed_retarget.o
    0x0000800c   0x00000018   Data   RO        19730    .rodata._ZTVN4mbed10SerialBaseE  BUILD/LPC1768/ARMC6/mbed-os/drivers/source/SerialBase.o
    0x00008024   0x00000084   Data   RO        19849    .rodata._ZTVN4mbed16UnbufferedSerialE  BUILD/LPC1768/ARMC6/mbed-os/drivers/source/UnbufferedSerial.o
    0x000080a8   0x00000018   Data   RO        19337    .rodata._ZTVN4mbed6BusOutE  BUILD/LPC1768/ARMC6/mbed-os/drivers/source/BusOut.o
    0x000080c0   0x00000010   Data   RO        23212    .rodata._ZTVN4rtos6ThreadE  BUILD/LPC1768/ARMC6/mbed-os/rtos/source/Thread.o
    0x000080d0   0x00000020   Data   RO        25144    .rodata._ZTVN7roboken11SerialDebugE  BUILD/LPC1768/ARMC6/roboken/debugger/serial_debug/serial_debug.o
    0x000080f0   0x00000018   Data   RO        25180    .rodata._ZTVN7roboken7SpiCommE  BUILD/LPC1768/ARMC6/roboken/drivers/comm/spi_comm/spi_comm.o
    0x00008108   0x00000020   Data   RO        25161    .rodata._ZTVN7roboken9XbeeDebugE  BUILD/LPC1768/ARMC6/roboken/debugger/xbee_debug/xbee_debug.o
    0x00008128   0x00000084   Data   RO        25202    .rodata._ZTVN8uart_lib8UARTCommE  BUILD/LPC1768/ARMC6/roboken/drivers/controller/UARTComm.o
    0x000081ac   0x00000018   Data   RO        22748    .rodata._ZZL15default_consolevE14console_pinmap  BUILD/LPC1768/ARMC6/mbed-os/platform/source/mbed_retarget.o
    0x000081c4   0x00000008   Data   RO        22737    .rodata.__stderr_name  BUILD/LPC1768/ARMC6/mbed-os/platform/source/mbed_retarget.o
    0x000081cc   0x00000007   Data   RO        22735    .rodata.__stdin_name  BUILD/LPC1768/ARMC6/mbed-os/platform/source/mbed_retarget.o
    0x000081d3   0x00000008   Data   RO        22736    .rodata.__stdout_name  BUILD/LPC1768/ARMC6/mbed-os/platform/source/mbed_retarget.o
    0x000081db   0x00000008   Data   RO           54    .rodata.cst8        BUILD/LPC1768/ARMC6/main.o
    0x000081e3   0x00000001   PAD
    0x000081e4   0x00000004   Data   RO          258    .rodata.osRtxUserSVC  BUILD/LPC1768/ARMC6/mbed-os/cmsis/CMSIS_5/CMSIS/RTOS2/RTX/Source/rtx_lib.o
    0x000081e8   0x00000024   Data   RO          253    .rodata.os_idle_thread_attr  BUILD/LPC1768/ARMC6/mbed-os/cmsis/CMSIS_5/CMSIS/RTOS2/RTX/Source/rtx_lib.o
    0x0000820c   0x00000018   Data   RO          255    .rodata.os_timer_mq_attr  BUILD/LPC1768/ARMC6/mbed-os/cmsis/CMSIS_5/CMSIS/RTOS2/RTX/Source/rtx_lib.o
    0x00008224   0x00000024   Data   RO          254    .rodata.os_timer_thread_attr  BUILD/LPC1768/ARMC6/mbed-os/cmsis/CMSIS_5/CMSIS/RTOS2/RTX/Source/rtx_lib.o
    0x00008248   0x00000010   Data   RO           18    .rodata.str1.1      BUILD/LPC1768/ARMC6/MyCoord.o
    0x00008258   0x00000013   Data   RO          259    .rodata.str1.1      BUILD/LPC1768/ARMC6/mbed-os/cmsis/CMSIS_5/CMSIS/RTOS2/RTX/Source/rtx_lib.o
    0x0000826b   0x00000010   Data   RO          670    .rodata.str1.1      BUILD/LPC1768/ARMC6/mbed-os/cmsis/device/rtos/source/mbed_rtos_rtx.o
    0x0000827b   0x000000c8   Data   RO        22271    .rodata.str1.1      BUILD/LPC1768/ARMC6/mbed-os/platform/source/TARGET_CORTEX_M/mbed_fault_handler.o
    0x00008343   0x00000001   PAD
    0x00008344   0x0000000b   Data   RO          246    .rodata.str1.4      BUILD/LPC1768/ARMC6/mbed-os/cmsis/CMSIS_5/CMSIS/RTOS2/RTX/Source/rtx_kernel.o
    0x0000834f   0x00000001   PAD
    0x00008350   0x00000008   Data   RO        21712    .rodata.us_data     BUILD/LPC1768/ARMC6/mbed-os/hal/source/mbed_us_ticker_api.o
    0x00008358   0x00000024   Data   RO        21715    .rodata.us_interface  BUILD/LPC1768/ARMC6/mbed-os/hal/source/mbed_us_ticker_api.o
    0x0000837c   0x00000008   Data   RO        25005    .rodata.us_ticker_get_info.info  BUILD/LPC1768/ARMC6/mbed-os/targets/TARGET_NXP/TARGET_LPC176X/us_ticker.o
    0x00008384   0x00000020   Data   RO        26299    Region$$Table       anon$$obj.o
    0x000083a4   0x00000004   Data   RO           55    .init_array         BUILD/LPC1768/ARMC6/main.o
    0x000083a8   0x00000004   Data   RO        25130    .init_array         BUILD/LPC1768/ARMC6/roboken/debugger/debugger.o
    0x000083ac   0x00000004   Data   RO        25181    .init_array         BUILD/LPC1768/ARMC6/roboken/drivers/comm/spi_comm/spi_comm.o
    0x000083b0   0x00000004   Data   RO        25429    .init_array         BUILD/LPC1768/ARMC6/roboken/drivers/solenoid/solenoid.o
    0x000083b4   0x00000000   Data   RO        25674    .init_array         /home/developer/.config/Mbed Studio/mbed-studio-tools/ac6/bin/../lib/armlib/c_w.l(init_aeabi.o)


    Execution Region RW_IRAM1 (Base: 0x100000c8, Size: 0x00002110, Max: 0x00007f18, ABSOLUTE)

    Base Addr    Size         Type   Attr      Idx    E Section Name        Object

    0x100000c8   0x00000004   Data   RW        25592    .data               /home/developer/.config/Mbed Studio/mbed-studio-tools/ac6/bin/../lib/armlib/c_w.l(stdio_streams.o)
    0x100000cc   0x00000004   Data   RW        25593    .data               /home/developer/.config/Mbed Studio/mbed-studio-tools/ac6/bin/../lib/armlib/c_w.l(stdio_streams.o)
    0x100000d0   0x00000004   Data   RW        25594    .data               /home/developer/.config/Mbed Studio/mbed-studio-tools/ac6/bin/../lib/armlib/c_w.l(stdio_streams.o)
    0x100000d4   0x00000004   Data   RW        25899    .data               /home/developer/.config/Mbed Studio/mbed-studio-tools/ac6/bin/../lib/armlib/c_w.l(streamlock.o)
    0x100000d8   0x00000004   Data   RW        24733    .data.SystemCoreClock  BUILD/LPC1768/ARMC6/mbed-os/targets/TARGET_NXP/TARGET_LPC176X/device/system_LPC17xx.o
    0x100000dc   0x00000040   Data   RW        22747    .data._ZL11filehandles  BUILD/LPC1768/ARMC6/mbed-os/platform/source/mbed_retarget.o
    0x1000011c   0x00000004   Data   RW          695    .data._ZL14idle_hook_fptr  BUILD/LPC1768/ARMC6/mbed-os/cmsis/device/rtos/source/mbed_rtx_idle.o
    0x10000120   0x00000004   Data   RW        21713    .data.irq_handler   BUILD/LPC1768/ARMC6/mbed-os/hal/source/mbed_us_ticker_api.o
    0x10000124   0x000000a4   Data   RW          247    .data.os            BUILD/LPC1768/ARMC6/mbed-os/cmsis/CMSIS_5/CMSIS/RTOS2/RTX/Source/rtx_kernel.o
    0x100001c8   0x00000054   Zero   RW        25589    .bss                /home/developer/.config/Mbed Studio/mbed-studio-tools/ac6/bin/../lib/armlib/c_w.l(stdio_streams.o)
    0x1000021c   0x00000054   Zero   RW        25590    .bss                /home/developer/.config/Mbed Studio/mbed-studio-tools/ac6/bin/../lib/armlib/c_w.l(stdio_streams.o)
    0x10000270   0x00000054   Zero   RW        25591    .bss                /home/developer/.config/Mbed Studio/mbed-studio-tools/ac6/bin/../lib/armlib/c_w.l(stdio_streams.o)
    0x100002c4   0x00000060   Zero   RW        25821    .bss                /home/developer/.config/Mbed Studio/mbed-studio-tools/ac6/bin/../lib/armlib/c_w.l(libspace.o)
    0x10000324   0x00000028   Zero   RW           57    .bss..L_MergedGlobals  BUILD/LPC1768/ARMC6/main.o
    0x1000034c   0x00000002   Zero   RW        21602    .bss..L_MergedGlobals  BUILD/LPC1768/ARMC6/mbed-os/hal/source/mbed_critical_section_api.o
    0x1000034e   0x00000002   PAD
    0x10000350   0x00000030   Zero   RW        21941    .bss..L_MergedGlobals  BUILD/LPC1768/ARMC6/mbed-os/platform/source/FileBase.o
    0x10000380   0x00000070   Zero   RW        22449    .bss..L_MergedGlobals  BUILD/LPC1768/ARMC6/mbed-os/platform/source/mbed_error.o
    0x100003f0   0x00000028   Zero   RW        22749    .bss..L_MergedGlobals  BUILD/LPC1768/ARMC6/mbed-os/platform/source/mbed_retarget.o
    0x10000418   0x00000010   Zero   RW        24938    .bss..L_MergedGlobals  BUILD/LPC1768/ARMC6/mbed-os/targets/TARGET_NXP/TARGET_LPC176X/serial_api.o
    0x10000428   0x00000028   Zero   RW        25131    .bss..L_MergedGlobals  BUILD/LPC1768/ARMC6/roboken/debugger/debugger.o
    0x10000450   0x00000010   Zero   RW        25182    .bss..L_MergedGlobals  BUILD/LPC1768/ARMC6/roboken/drivers/comm/spi_comm/spi_comm.o
    0x10000460   0x00000018   Zero   RW        25286    .bss..L_MergedGlobals  BUILD/LPC1768/ARMC6/roboken/drivers/controller/controller.o
    0x10000478   0x00000064   Zero   RW        25430    .bss..L_MergedGlobals  BUILD/LPC1768/ARMC6/roboken/drivers/solenoid/solenoid.o
    0x100004dc   0x00000001   Zero   RW          618    .bss.PendST         BUILD/LPC1768/ARMC6/mbed-os/cmsis/CMSIS_5/CMSIS/RTOS2/Source/os_systick.o
    0x100004dd   0x00000003   PAD
    0x100004e0   0x00000028   Zero   RW        22740    .bss._ZL16filehandle_mutex  BUILD/LPC1768/ARMC6/mbed-os/platform/source/mbed_retarget.o
    0x10000508   0x00000024   Zero   RW        25179    .bss._ZN7roboken7SpiComm8m_lockerE  BUILD/LPC1768/ARMC6/roboken/drivers/comm/spi_comm/spi_comm.o
    0x1000052c   0x00000004   PAD
    0x10000530   0x00001000   Zero   RW          667    .bss._main_stack    BUILD/LPC1768/ARMC6/mbed-os/cmsis/device/rtos/source/mbed_rtos_rtx.o
    0x10001530   0x00000024   Zero   RW          668    .bss._main_thread_attr  BUILD/LPC1768/ARMC6/mbed-os/cmsis/device/rtos/source/mbed_rtos_rtx.o
    0x10001554   0x00000020   Zero   RW          640    .bss._static_mutexes  BUILD/LPC1768/ARMC6/mbed-os/cmsis/device/rtos/TOOLCHAIN_ARM_STD/mbed_boot_arm_std.o
    0x10001574   0x000000e0   Zero   RW          641    .bss._static_mutexes_mem  BUILD/LPC1768/ARMC6/mbed-os/cmsis/device/rtos/TOOLCHAIN_ARM_STD/mbed_boot_arm_std.o
    0x10001654   0x00000001   Zero   RW        21714    .bss._us_ticker_initialized  BUILD/LPC1768/ARMC6/mbed-os/hal/source/mbed_us_ticker_api.o
    0x10001655   0x00000003   PAD
    0x10001658   0x000000ac   Zero   RW           51    .bss.coord          BUILD/LPC1768/ARMC6/main.o
    0x10001704   0x00000004   Zero   RW        22404    .bss.critical_section_reentrancy_counter  BUILD/LPC1768/ARMC6/mbed-os/platform/source/mbed_critical.o
    0x10001708   0x00000002   Zero   RW        22562    .bss.deep_sleep_lock  BUILD/LPC1768/ARMC6/mbed-os/platform/source/mbed_power_mgmt.o
    0x1000170a   0x00000006   PAD
    0x10001710   0x00000040   Zero   RW        21716    .bss.events         BUILD/LPC1768/ARMC6/mbed-os/hal/source/mbed_us_ticker_api.o
    0x10001750   0x00000001   Zero   RW        22448    .bss.halt_in_progress  BUILD/LPC1768/ARMC6/mbed-os/platform/source/mbed_error.o
    0x10001751   0x00000003   PAD
    0x10001754   0x00000004   Zero   RW        24935    .bss.irq_handler    BUILD/LPC1768/ARMC6/mbed-os/targets/TARGET_NXP/TARGET_LPC176X/serial_api.o
    0x10001758   0x00000001   Zero   RW        22447    .bss.mbed_error_in_progress  BUILD/LPC1768/ARMC6/mbed-os/platform/source/mbed_error.o
    0x10001759   0x00000003   PAD
    0x1000175c   0x00000054   Zero   RW        22272    .bss.mbed_fault_context  BUILD/LPC1768/ARMC6/mbed-os/platform/source/TARGET_CORTEX_M/mbed_fault_handler.o
    0x100017b0   0x00000004   Zero   RW        22739    .bss.mbed_heap_size  BUILD/LPC1768/ARMC6/mbed-os/platform/source/mbed_retarget.o
    0x100017b4   0x00000004   Zero   RW        22738    .bss.mbed_heap_start  BUILD/LPC1768/ARMC6/mbed-os/platform/source/mbed_retarget.o
    0x100017b8   0x00000004   Zero   RW          658    .bss.mbed_stack_isr_size  BUILD/LPC1768/ARMC6/mbed-os/cmsis/device/rtos/source/mbed_boot.o
    0x100017bc   0x00000004   Zero   RW          657    .bss.mbed_stack_isr_start  BUILD/LPC1768/ARMC6/mbed-os/cmsis/device/rtos/source/mbed_boot.o
    0x100017c0   0x00000040   Zero   RW          252    .bss.os             BUILD/LPC1768/ARMC6/mbed-os/cmsis/CMSIS_5/CMSIS/RTOS2/RTX/Source/rtx_lib.o
    0x10001800   0x000001f0   Zero   RW          639    .bss.os.libspace    BUILD/LPC1768/ARMC6/mbed-os/cmsis/device/rtos/TOOLCHAIN_ARM_STD/mbed_boot_arm_std.o
    0x100019f0   0x00000034   Zero   RW          262    .bss.os.msgqueue.cb  BUILD/LPC1768/ARMC6/mbed-os/cmsis/CMSIS_5/CMSIS/RTOS2/RTX/Source/rtx_lib.o
    0x10001a24   0x00000050   Zero   RW          263    .bss.os.msgqueue.mem  BUILD/LPC1768/ARMC6/mbed-os/cmsis/CMSIS_5/CMSIS/RTOS2/RTX/Source/rtx_lib.o
    0x10001a74   0x00000088   Zero   RW          260    .bss.os.thread.cb   BUILD/LPC1768/ARMC6/mbed-os/cmsis/CMSIS_5/CMSIS/RTOS2/RTX/Source/rtx_lib.o
    0x10001afc   0x00000044   Zero   RW          669    .bss.os.thread.cb   BUILD/LPC1768/ARMC6/mbed-os/cmsis/device/rtos/source/mbed_rtos_rtx.o
    0x10001b40   0x00000500   Zero   RW          261    .bss.os.thread.stack  BUILD/LPC1768/ARMC6/mbed-os/cmsis/CMSIS_5/CMSIS/RTOS2/RTX/Source/rtx_lib.o
    0x10002040   0x00000001   Zero   RW          642    .bss.os_kernel_is_active.os_kernel_active  BUILD/LPC1768/ARMC6/mbed-os/cmsis/device/rtos/TOOLCHAIN_ARM_STD/mbed_boot_arm_std.o
    0x10002041   0x00000003   PAD
    0x10002044   0x00000004   Zero   RW          673    .bss.singleton_mutex_id  BUILD/LPC1768/ARMC6/mbed-os/cmsis/device/rtos/source/mbed_rtos_rtx.o
    0x10002048   0x0000001c   Zero   RW          671    .bss.singleton_mutex_obj  BUILD/LPC1768/ARMC6/mbed-os/cmsis/device/rtos/source/mbed_rtos_rtx.o
    0x10002064   0x00000004   Zero   RW          686    .bss.terminate_hook  BUILD/LPC1768/ARMC6/mbed-os/cmsis/device/rtos/source/mbed_rtx_handlers.o
    0x10002068   0x000000e0   Zero   RW        24934    .bss.uart_data      BUILD/LPC1768/ARMC6/mbed-os/targets/TARGET_NXP/TARGET_LPC176X/serial_api.o
    0x10002148   0x0000008c   Zero   RW           52    .bss.unit           BUILD/LPC1768/ARMC6/main.o
    0x100021d4   0x00000001   Zero   RW        25006    .bss.us_ticker_inited  BUILD/LPC1768/ARMC6/mbed-os/targets/TARGET_NXP/TARGET_LPC176X/us_ticker.o


    Execution Region ARM_LIB_HEAP (Base: 0x100021e0, Size: 0x00005938, Max: 0x00005938, ABSOLUTE)

    Base Addr    Size         Type   Attr      Idx    E Section Name        Object

    0x100021e0   0x00005938   Zero   RW            1    ARM_LIB_HEAP.bss    anon$$obj.o


    Execution Region ARM_LIB_STACK (Base: 0x10007c00, Size: 0x00000400, Max: 0x00000400, ABSOLUTE)

    Base Addr    Size         Type   Attr      Idx    E Section Name        Object

    0x10007c00   0x00000400   Zero   RW            2    ARM_LIB_STACK.bss   anon$$obj.o


    Execution Region RW_IRAM2 (Base: 0x2007c000, Size: 0x00000000, Max: 0x00004000, ABSOLUTE)

    **** No section assigned to this execution region ****


    Execution Region RW_IRAM3 (Base: 0x20080000, Size: 0x00000000, Max: 0x00004000, ABSOLUTE)

    **** No section assigned to this execution region ****


    Execution Region RW_IRAM4 (Base: 0x40038000, Size: 0x00000000, Max: 0x00000800, ABSOLUTE)

    **** No section assigned to this execution region ****


==============================================================================

Image component sizes


      Code (inc. data)   RO Data    RW Data    ZI Data      Debug   

     24732       1792       1920        240      31724      30256   Object Totals
         0          0         32          0      23864          0   (incl. Generated)
        74          0          3          0         30          0   (incl. Padding)
      6496        322          0         16        348       5688   Library Totals
        28          0          0          0          0          0   (incl. Padding)

==============================================================================


      Code (inc. data)   RO Data    RW Data    ZI Data      Debug   

     31228       2114       1920        256      32072      31116   Grand Totals
     31228       2114       1920        256      32072      31116   ELF Image Totals
     31228       2114       1920        256          0          0   ROM Totals

==============================================================================

    Total RO  Size (Code + RO Data)                33148 (  32.37kB)
    Total RW  Size (RW Data + ZI Data)             32328 (  31.57kB)
    Total ROM Size (Code + RO Data + RW Data)      33404 (  32.62kB)

==============================================================================

